Archive member included to satisfy reference by file (symbol)

app/libapp.a(main.c.obj)      (--whole-archive)
zephyr/libzephyr.a(heap.c.obj)
                              (--whole-archive)
zephyr/libzephyr.a(cbprintf_packaged.c.obj)
                              (--whole-archive)
zephyr/libzephyr.a(printk.c.obj)
                              (--whole-archive)
zephyr/libzephyr.a(sem.c.obj)
                              (--whole-archive)
zephyr/libzephyr.a(thread_entry.c.obj)
                              (--whole-archive)
zephyr/libzephyr.a(cbprintf_complete.c.obj)
                              (--whole-archive)
zephyr/libzephyr.a(assert.c.obj)
                              (--whole-archive)
zephyr/libzephyr.a(reboot.c.obj)
                              (--whole-archive)
zephyr/libzephyr.a(dec.c.obj)
                              (--whole-archive)
zephyr/libzephyr.a(hex.c.obj)
                              (--whole-archive)
zephyr/libzephyr.a(rb.c.obj)  (--whole-archive)
zephyr/libzephyr.a(timeutil.c.obj)
                              (--whole-archive)
zephyr/libzephyr.a(bitarray.c.obj)
                              (--whole-archive)
zephyr/libzephyr.a(configs.c.obj)
                              (--whole-archive)
zephyr/libzephyr.a(stm32cube_hal.c.obj)
                              (--whole-archive)
zephyr/libzephyr.a(soc_config.c.obj)
                              (--whole-archive)
zephyr/libzephyr.a(soc.c.obj)
                              (--whole-archive)
zephyr/libzephyr.a(tracing_none.c.obj)
                              (--whole-archive)
zephyr/arch/common/libarch__common.a(sw_isr_common.c.obj)
                              (--whole-archive)
zephyr/arch/arch/arm/core/libarch__arm__core.a(fatal.c.obj)
                              (--whole-archive)
zephyr/arch/arch/arm/core/libarch__arm__core.a(nmi.c.obj)
                              (--whole-archive)
zephyr/arch/arch/arm/core/libarch__arm__core.a(nmi_on_reset.S.obj)
                              (--whole-archive)
zephyr/arch/arch/arm/core/libarch__arm__core.a(tls.c.obj)
                              (--whole-archive)
zephyr/arch/arch/arm/core/cortex_m/libarch__arm__core__cortex_m.a(exc_exit.c.obj)
                              (--whole-archive)
zephyr/arch/arch/arm/core/cortex_m/libarch__arm__core__cortex_m.a(fault.c.obj)
                              (--whole-archive)
zephyr/arch/arch/arm/core/cortex_m/libarch__arm__core__cortex_m.a(fault_s.S.obj)
                              (--whole-archive)
zephyr/arch/arch/arm/core/cortex_m/libarch__arm__core__cortex_m.a(fpu.c.obj)
                              (--whole-archive)
zephyr/arch/arch/arm/core/cortex_m/libarch__arm__core__cortex_m.a(reset.S.obj)
                              (--whole-archive)
zephyr/arch/arch/arm/core/cortex_m/libarch__arm__core__cortex_m.a(scb.c.obj)
                              (--whole-archive)
zephyr/arch/arch/arm/core/cortex_m/libarch__arm__core__cortex_m.a(thread_abort.c.obj)
                              (--whole-archive)
zephyr/arch/arch/arm/core/cortex_m/libarch__arm__core__cortex_m.a(vector_table.S.obj)
                              (--whole-archive)
zephyr/arch/arch/arm/core/cortex_m/libarch__arm__core__cortex_m.a(swap_helper.S.obj)
                              (--whole-archive)
zephyr/arch/arch/arm/core/cortex_m/libarch__arm__core__cortex_m.a(irq_manage.c.obj)
                              (--whole-archive)
zephyr/arch/arch/arm/core/cortex_m/libarch__arm__core__cortex_m.a(prep_c.c.obj)
                              (--whole-archive)
zephyr/arch/arch/arm/core/cortex_m/libarch__arm__core__cortex_m.a(thread.c.obj)
                              (--whole-archive)
zephyr/arch/arch/arm/core/cortex_m/libarch__arm__core__cortex_m.a(cpu_idle.c.obj)
                              (--whole-archive)
zephyr/arch/arch/arm/core/cortex_m/libarch__arm__core__cortex_m.a(irq_init.c.obj)
                              (--whole-archive)
zephyr/arch/arch/arm/core/cortex_m/libarch__arm__core__cortex_m.a(isr_wrapper.c.obj)
                              (--whole-archive)
zephyr/arch/arch/arm/core/cortex_m/libarch__arm__core__cortex_m.a(__aeabi_read_tp.S.obj)
                              (--whole-archive)
zephyr/lib/libc/picolibc/liblib__libc__picolibc.a(assert.c.obj)
                              (--whole-archive)
zephyr/lib/libc/picolibc/liblib__libc__picolibc.a(cbprintf.c.obj)
                              (--whole-archive)
zephyr/lib/libc/picolibc/liblib__libc__picolibc.a(chk_fail.c.obj)
                              (--whole-archive)
zephyr/lib/libc/picolibc/liblib__libc__picolibc.a(errno_wrap.c.obj)
                              (--whole-archive)
zephyr/lib/libc/picolibc/liblib__libc__picolibc.a(exit.c.obj)
                              (--whole-archive)
zephyr/lib/libc/picolibc/liblib__libc__picolibc.a(locks.c.obj)
                              (--whole-archive)
zephyr/lib/libc/picolibc/liblib__libc__picolibc.a(stdio.c.obj)
                              (--whole-archive)
[...]
Memory Configuration

Name             Origin             Length             Attributes
FLASH            0x0000000008000000 0x0000000000004000 xr
RAM              0x0000000020000000 0x0000000000001000 xw
IDT_LIST         0x00000000ffff7fff 0x0000000000008000 xw
*default*        0x0000000000000000 0xffffffffffffffff

Linker script and memory map

                0x00000000080026e0                vfprintf = __l_vfprintf
                0x0000000000000000                vfscanf = __l_vfscanf
LOAD zephyr/CMakeFiles/zephyr_final.dir/misc/empty_file.c.obj
LOAD zephyr/CMakeFiles/zephyr_final.dir/isr_tables.c.obj
LOAD zephyr/CMakeFiles/offsets.dir/./arch/arm/core/offsets/offsets.c.obj
LOAD app/libapp.a
LOAD zephyr/libzephyr.a
LOAD zephyr/arch/common/libarch__common.a
LOAD zephyr/arch/arch/arm/core/libarch__arm__core.a
LOAD zephyr/arch/arch/arm/core/cortex_m/libarch__arm__core__cortex_m.a
LOAD zephyr/lib/libc/picolibc/liblib__libc__picolibc.a
LOAD zephyr/lib/libc/common/liblib__libc__common.a
LOAD zephyr/drivers/interrupt_controller/libdrivers__interrupt_controller.a
LOAD zephyr/drivers/clock_control/libdrivers__clock_control.a
LOAD zephyr/drivers/console/libdrivers__console.a
LOAD zephyr/drivers/gpio/libdrivers__gpio.a
LOAD zephyr/drivers/pinctrl/libdrivers__pinctrl.a
LOAD zephyr/drivers/pwm/libdrivers__pwm.a
LOAD zephyr/drivers/reset/libdrivers__reset.a
LOAD zephyr/drivers/serial/libdrivers__serial.a
LOAD zephyr/drivers/timer/libdrivers__timer.a
LOAD modules/hal_stm32/stm32cube/lib..__modules__hal__stm32__stm32cube.a
LOAD zephyr/kernel/libkernel.a
LOAD zephyr/arch/common/libisr_tables.a
LOAD /home/elias/zephyr-sdk-0.17.0/arm-zephyr-eabi/bin/../lib/gcc/../../picolibc/arm-zephyr-eabi/lib/thumb/v6-m/nofp/libc.a
LOAD /home/elias/zephyr-sdk-0.17.0/arm-zephyr-eabi/bin/../lib/gcc/arm-zephyr-eabi/12.2.0/thumb/v6-m/nofp/libgcc.a
                0x0000000000000004                _region_min_align = 0x4

.rel.plt        0x0000000008000000        0x0
 *(SORT_BY_ALIGNMENT(.rel.plt))
                [!provide]                        PROVIDE (__rel_iplt_start = .)
 *(SORT_BY_ALIGNMENT(.rel.iplt))
 .rel.iplt      0x0000000008000000        0x0 zephyr/CMakeFiles/zephyr_final.dir/isr_tables.c.obj
                [!provide]                        PROVIDE (__rel_iplt_end = .)

.rela.plt       0x0000000000000000        0x0
 *(SORT_BY_ALIGNMENT(.rela.plt))
                [!provide]                        PROVIDE (__rela_iplt_start = .)
 *(SORT_BY_ALIGNMENT(.rela.iplt))
                [!provide]                        PROVIDE (__rela_iplt_end = .)

.rel.dyn
 *(SORT_BY_ALIGNMENT(.rel.*))

.rela.dyn
 *(SORT_BY_ALIGNMENT(.rela.*))

/DISCARD/
 *(SORT_BY_ALIGNMENT(.plt))

/DISCARD/
 *(SORT_BY_ALIGNMENT(.iplt))
                0x0000000008000000                __rom_region_start = 0x8000000

rom_start       0x0000000008000000       0xb0
                0x0000000008000000                __rom_start_address = .
 FILL mask 0x00
                0x0000000008000000                . = (. + (0x0 - (. - __rom_start_address)))
                0x0000000008000000                . = ALIGN (0x4)
                0x0000000008000000                _vector_start = .
 *(SORT_BY_ALIGNMENT(.exc_vector_table))
 *(SORT_BY_ALIGNMENT(.exc_vector_table.*))
 .exc_vector_table._vector_table_section
                0x0000000008000000       0x40 zephyr/arch/arch/arm/core/cortex_m/libarch__arm__core__cortex_m.a(vector_table.S.obj)
                0x0000000008000000                _vector_table
 *(SORT_BY_ALIGNMENT(.vectors))
                0x00000000080000b0                _vector_end = .
                0x0000000008000040                . = ALIGN (0x4)
 *(SORT_BY_ALIGNMENT(.gnu.linkonce.irq_vector_table*))
 .gnu.linkonce.irq_vector_table
                0x0000000008000040       0x70 zephyr/CMakeFiles/zephyr_final.dir/isr_tables.c.obj
                0x0000000008000040                _irq_vector_table
                0x00000000080000b0                _vector_end = .

text            0x00000000080000b0     0x3598
                0x00000000080000b0                __text_region_start = .
 *(SORT_BY_ALIGNMENT(.text))
 .text          0x00000000080000b0       0x14 /home/elias/zephyr-sdk-0.17.0/arm-zephyr-eabi/bin/../lib/gcc/arm-zephyr-eabi/12.2.0/thumb/v6-m/nofp/libgcc.a(_thumb1_case_uqi.o)
                0x00000000080000b0                __gnu_thumb1_case_uqi
 .text          0x00000000080000c4       0x8c /home/elias/zephyr-sdk-0.17.0/arm-zephyr-eabi/bin/../lib/gcc/arm-zephyr-eabi/12.2.0/thumb/v6-m/nofp/libgcc.a(_udivsi3.o)
                0x00000000080000c4                __udivsi3
                0x00000000080000c4                __aeabi_uidiv
                0x000000000800013c                __aeabi_uidivmod
 .text          0x0000000008000150        0x4 /home/elias/zephyr-sdk-0.17.0/arm-zephyr-eabi/bin/../lib/gcc/arm-zephyr-eabi/12.2.0/thumb/v6-m/nofp/libgcc.a(_dvmd_tls.o)
                0x0000000008000150                __aeabi_ldiv0
                0x0000000008000150                __aeabi_idiv0
 .text          0x0000000008000154       0x3c /home/elias/zephyr-sdk-0.17.0/arm-zephyr-eabi/bin/../lib/gcc/arm-zephyr-eabi/12.2.0/thumb/v6-m/nofp/libgcc.a(_clzsi2.o)
                0x0000000008000154                __clzsi2
 .text          0x0000000008000190       0x40 /home/elias/zephyr-sdk-0.17.0/arm-zephyr-eabi/bin/../lib/gcc/arm-zephyr-eabi/12.2.0/thumb/v6-m/nofp/libgcc.a(_aeabi_uldivmod.o)
                0x0000000008000190                __aeabi_uldivmod
 .text          0x00000000080001d0       0x18 /home/elias/zephyr-sdk-0.17.0/arm-zephyr-eabi/bin/../lib/gcc/arm-zephyr-eabi/12.2.0/thumb/v6-m/nofp/libgcc.a(_lshrdi3.o)
                0x00000000080001d0                __aeabi_llsr
                0x00000000080001d0                __lshrdi3
 .text          0x00000000080001e8       0x18 /home/elias/zephyr-sdk-0.17.0/arm-zephyr-eabi/bin/../lib/gcc/arm-zephyr-eabi/12.2.0/thumb/v6-m/nofp/libgcc.a(_ashldi3.o)
                0x00000000080001e8                __ashldi3
                0x00000000080001e8                __aeabi_llsl
 .text          0x0000000008000200       0x18 /home/elias/zephyr-sdk-0.17.0/arm-zephyr-eabi/bin/../lib/gcc/arm-zephyr-eabi/12.2.0/thumb/v6-m/nofp/libgcc.a(_clzdi2.o)
                0x0000000008000200                __clzdi2
 .text          0x0000000008000218       0x44 /home/elias/zephyr-sdk-0.17.0/arm-zephyr-eabi/bin/../lib/gcc/arm-zephyr-eabi/12.2.0/thumb/v6-m/nofp/libgcc.a(_muldi3.o)
                0x0000000008000218                __aeabi_lmul
                0x0000000008000218                __muldi3
 .text          0x000000000800025c       0xde /home/elias/zephyr-sdk-0.17.0/arm-zephyr-eabi/bin/../lib/gcc/arm-zephyr-eabi/12.2.0/thumb/v6-m/nofp/libgcc.a(_udivmoddi4.o)
                0x000000000800025c                __udivmoddi4
 *(SORT_BY_ALIGNMENT(.text.*))
 *fill*         0x000000000800033a        0x2 
 .text.pwm_set_pulse_dt.constprop.0.isra.0
                0x000000000800033c       0x84 app/libapp.a(main.c.obj)
 .text.main     0x00000000080003c0       0x84 app/libapp.a(main.c.obj)
                0x00000000080003c0                main
 .text.char_out
                0x0000000008000444       0x10 zephyr/libzephyr.a(printk.c.obj)
 .text.__printk_hook_install
                0x0000000008000454        0xc zephyr/libzephyr.a(printk.c.obj)
                0x0000000008000454                __printk_hook_install
 .text.vprintk  0x0000000008000460       0x30 zephyr/libzephyr.a(printk.c.obj)
                0x0000000008000460                vprintk
 .text.z_thread_entry
                0x0000000008000490       0x30 zephyr/libzephyr.a(thread_entry.c.obj)
                0x0000000008000490                z_thread_entry
 .text.st_stm32_common_config
                0x00000000080004c0       0x3c zephyr/libzephyr.a(soc_config.c.obj)
 .text.soc_early_init_hook
                0x00000000080004fc       0x20 zephyr/libzephyr.a(soc.c.obj)
                0x00000000080004fc                soc_early_init_hook
 .text.z_arm_nmi
                0x000000000800051c       0x14 zephyr/arch/arch/arm/core/libarch__arm__core.a(nmi.c.obj)
                0x000000000800051c                z_arm_nmi
 .text.z_SysNmiOnReset
                0x0000000008000530        0x4 zephyr/arch/arch/arm/core/libarch__arm__core.a(nmi_on_reset.S.obj)
                0x0000000008000530                z_SysNmiOnReset
 .text.arch_tls_stack_setup
                0x0000000008000534       0x38 zephyr/arch/arch/arm/core/libarch__arm__core.a(tls.c.obj)
                0x0000000008000534                arch_tls_stack_setup
 .text._HandlerModeExit
                0x000000000800056c       0x28 zephyr/arch/arch/arm/core/cortex_m/libarch__arm__core__cortex_m.a(exc_exit.c.obj)
                0x000000000800056c                z_arm_exc_exit
                0x000000000800056c                z_arm_int_exit
 .text.z_arm_fault
                0x0000000008000594       0xa8 zephyr/arch/arch/arm/core/cortex_m/libarch__arm__core__cortex_m.a(fault.c.obj)
                0x0000000008000594                z_arm_fault
 .text.z_arm_fault_init
                0x000000000800063c       0x10 zephyr/arch/arch/arm/core/cortex_m/libarch__arm__core__cortex_m.a(fault.c.obj)
                0x000000000800063c                z_arm_fault_init
 .text.__fault  0x000000000800064c       0x14 zephyr/arch/arch/arm/core/cortex_m/libarch__arm__core__cortex_m.a(fault_s.S.obj)
                0x000000000800064c                z_arm_exc_spurious
                0x000000000800064c                z_arm_hard_fault
 .text._reset_section
                0x0000000008000660       0x28 zephyr/arch/arch/arm/core/cortex_m/libarch__arm__core__cortex_m.a(reset.S.obj)
                0x0000000008000660                z_arm_reset
                0x0000000008000660                __start
 .text.z_impl_k_thread_abort
                0x0000000008000688       0x38 zephyr/arch/arch/arm/core/cortex_m/libarch__arm__core__cortex_m.a(thread_abort.c.obj)
                0x0000000008000688                z_impl_k_thread_abort
 .text.z_arm_pendsv
                0x00000000080006c0       0x70 zephyr/arch/arch/arm/core/cortex_m/libarch__arm__core__cortex_m.a(swap_helper.S.obj)
                0x00000000080006c0                z_arm_pendsv
 .text.z_arm_svc
                0x0000000008000730       0x28 zephyr/arch/arch/arm/core/cortex_m/libarch__arm__core__cortex_m.a(swap_helper.S.obj)
                0x0000000008000730                z_arm_svc
 .text.arch_irq_enable
                0x0000000008000758       0x18 zephyr/arch/arch/arm/core/cortex_m/libarch__arm__core__cortex_m.a(irq_manage.c.obj)
                0x0000000008000758                arch_irq_enable
 .text.z_arm_irq_priority_set
                0x0000000008000770       0x54 zephyr/arch/arch/arm/core/cortex_m/libarch__arm__core__cortex_m.a(irq_manage.c.obj)
                0x0000000008000770                z_arm_irq_priority_set
 .text.arch_new_thread
                0x00000000080007c4       0x2c zephyr/arch/arch/arm/core/cortex_m/libarch__arm__core__cortex_m.a(thread.c.obj)
                0x00000000080007c4                arch_new_thread
 .text.arch_switch_to_main_thread
                0x00000000080007f0       0x38 zephyr/arch/arch/arm/core/cortex_m/libarch__arm__core__cortex_m.a(thread.c.obj)
                0x00000000080007f0                arch_switch_to_main_thread
 .text.z_arm_cpu_idle_init
                0x0000000008000828        0xc zephyr/arch/arch/arm/core/cortex_m/libarch__arm__core__cortex_m.a(cpu_idle.c.obj)
                0x0000000008000828                z_arm_cpu_idle_init
 .text.z_arm_interrupt_init
                0x0000000008000834       0x30 zephyr/arch/arch/arm/core/cortex_m/libarch__arm__core__cortex_m.a(irq_init.c.obj)
                0x0000000008000834                z_arm_interrupt_init
 .text._isr_wrapper
                0x0000000008000864       0x20 zephyr/arch/arch/arm/core/cortex_m/libarch__arm__core__cortex_m.a(isr_wrapper.c.obj)
                0x0000000008000864                _isr_wrapper
 .text.z_impl_zephyr_fputc
                0x0000000008000884       0x10 zephyr/lib/libc/picolibc/liblib__libc__picolibc.a(stdio.c.obj)
                0x0000000008000884                z_impl_zephyr_fputc
 .text.__stdout_hook_install
                0x0000000008000894       0x18 zephyr/lib/libc/picolibc/liblib__libc__picolibc.a(stdio.c.obj)
                0x0000000008000894                __stdout_hook_install
 .text.malloc_prepare
                0x00000000080008ac       0x24 zephyr/lib/libc/common/liblib__libc__common.a(malloc.c.obj)
 .text.stm32_exti_isr
                0x00000000080008d0       0x44 zephyr/drivers/interrupt_controller/libdrivers__interrupt_controller.a(intc_exti_stm32.c.obj)
 .text.stm32_exti_init
                0x0000000008000914       0x40 zephyr/drivers/interrupt_controller/libdrivers__interrupt_controller.a(intc_exti_stm32.c.obj)
 .text.stm32_gpio_intc_enable_line
                0x0000000008000954       0x30 zephyr/drivers/interrupt_controller/libdrivers__interrupt_controller.a(intc_exti_stm32.c.obj)
                0x0000000008000954                stm32_gpio_intc_enable_line
 .text.stm32_gpio_intc_disable_line
                0x0000000008000984       0x10 zephyr/drivers/interrupt_controller/libdrivers__interrupt_controller.a(intc_exti_stm32.c.obj)
                0x0000000008000984                stm32_gpio_intc_disable_line
 .text.stm32_gpio_intc_select_line_trigger
                0x0000000008000994       0x48 zephyr/drivers/interrupt_controller/libdrivers__interrupt_controller.a(intc_exti_stm32.c.obj)
                0x0000000008000994                stm32_gpio_intc_select_line_trigger
 .text.stm32_gpio_intc_set_irq_callback
                0x00000000080009dc       0x40 zephyr/drivers/interrupt_controller/libdrivers__interrupt_controller.a(intc_exti_stm32.c.obj)
                0x00000000080009dc                stm32_gpio_intc_set_irq_callback
 .text.stm32_gpio_intc_remove_irq_callback
                0x0000000008000a1c       0x24 zephyr/drivers/interrupt_controller/libdrivers__interrupt_controller.a(intc_exti_stm32.c.obj)
                0x0000000008000a1c                stm32_gpio_intc_remove_irq_callback
 .text.stm32_exti_set_line_src_port
                0x0000000008000a40       0x24 zephyr/drivers/interrupt_controller/libdrivers__interrupt_controller.a(intc_exti_stm32.c.obj)
                0x0000000008000a40                stm32_exti_set_line_src_port
 .text.stm32_exti_get_line_src_port
                0x0000000008000a64       0x20 zephyr/drivers/interrupt_controller/libdrivers__interrupt_controller.a(intc_exti_stm32.c.obj)
                0x0000000008000a64                stm32_exti_get_line_src_port
 .text.stm32_clock_control_on
                0x0000000008000a84       0x40 zephyr/drivers/clock_control/libdrivers__clock_control.a(clock_stm32_ll_common.c.obj)
 .text.stm32_clock_control_off
                0x0000000008000ac4       0x30 zephyr/drivers/clock_control/libdrivers__clock_control.a(clock_stm32_ll_common.c.obj)
 .text.stm32_clock_control_get_subsys_rate
                0x0000000008000af4       0x74 zephyr/drivers/clock_control/libdrivers__clock_control.a(clock_stm32_ll_common.c.obj)
 .text.stm32_clock_control_configure
                0x0000000008000b68       0x58 zephyr/drivers/clock_control/libdrivers__clock_control.a(clock_stm32_ll_common.c.obj)
 .text.stm32_clock_control_get_status
                0x0000000008000bc0       0x34 zephyr/drivers/clock_control/libdrivers__clock_control.a(clock_stm32_ll_common.c.obj)
 .text.stm32_clock_control_init
                0x0000000008000bf4      0x104 zephyr/drivers/clock_control/libdrivers__clock_control.a(clock_stm32_ll_common.c.obj)
                0x0000000008000bf4                stm32_clock_control_init
 .text.config_pll_sysclock
                0x0000000008000cf8       0x24 zephyr/drivers/clock_control/libdrivers__clock_control.a(clock_stm32f0_f3.c.obj)
                0x0000000008000cf8                config_pll_sysclock
 .text.get_pllout_frequency
                0x0000000008000d1c        0x8 zephyr/drivers/clock_control/libdrivers__clock_control.a(clock_stm32f0_f3.c.obj)
                0x0000000008000d1c                get_pllout_frequency
 .text.config_enable_default_clocks
                0x0000000008000d24       0x30 zephyr/drivers/clock_control/libdrivers__clock_control.a(clock_stm32f0_f3.c.obj)
                0x0000000008000d24                config_enable_default_clocks
 .text.uart_console_init
                0x0000000008000d54       0x2c zephyr/drivers/console/libdrivers__console.a(uart_console.c.obj)
 .text.console_out
                0x0000000008000d80       0x28 zephyr/drivers/console/libdrivers__console.a(uart_console.c.obj)
 .text.gpio_stm32_pin_interrupt_configure
                0x0000000008000da8       0xb0 zephyr/drivers/gpio/libdrivers__gpio.a(gpio_stm32.c.obj)
 .text.gpio_stm32_init
                0x0000000008000e58       0x34 zephyr/drivers/gpio/libdrivers__gpio.a(gpio_stm32.c.obj)
 .text.pinctrl_configure_pins
                0x0000000008000e8c       0x8c zephyr/drivers/pinctrl/libdrivers__pinctrl.a(pinctrl_stm32.c.obj)
                0x0000000008000e8c                pinctrl_configure_pins
 .text.LL_TIM_OC_GetPolarity
                0x0000000008000f18       0x4c zephyr/drivers/pwm/libdrivers__pwm.a(pwm_stm32.c.obj)
 .text.pwm_stm32_set_cycles
                0x0000000008000f64      0x1f0 zephyr/drivers/pwm/libdrivers__pwm.a(pwm_stm32.c.obj)
 .text.pwm_stm32_init
                0x0000000008001154       0xd8 zephyr/drivers/pwm/libdrivers__pwm.a(pwm_stm32.c.obj)
 .text.uart_stm32_set_baudrate
                0x000000000800122c       0x3c zephyr/drivers/serial/libdrivers__serial.a(uart_stm32.c.obj)
 .text.uart_stm32_irq_err_disable
                0x0000000008001268       0x34 zephyr/drivers/serial/libdrivers__serial.a(uart_stm32.c.obj)
 .text.uart_stm32_parameters_set
                0x000000000800129c      0x140 zephyr/drivers/serial/libdrivers__serial.a(uart_stm32.c.obj)
 .text.uart_stm32_configure
                0x00000000080013dc       0xc0 zephyr/drivers/serial/libdrivers__serial.a(uart_stm32.c.obj)
 .text.uart_stm32_init
                0x000000000800149c      0x154 zephyr/drivers/serial/libdrivers__serial.a(uart_stm32.c.obj)
 .text.uart_stm32_config_get
                0x00000000080015f0       0x94 zephyr/drivers/serial/libdrivers__serial.a(uart_stm32.c.obj)
 .text.elapsed  0x0000000008001684       0x54 zephyr/drivers/timer/libdrivers__timer.a(cortex_m_systick.c.obj)
 .text.sys_clock_driver_init
                0x00000000080016d8       0x40 zephyr/drivers/timer/libdrivers__timer.a(cortex_m_systick.c.obj)
 .text.sys_clock_isr
                0x0000000008001718       0x44 zephyr/drivers/timer/libdrivers__timer.a(cortex_m_systick.c.obj)
                0x0000000008001718                sys_clock_isr
 .text.sys_clock_set_timeout
                0x000000000800175c       0xf4 zephyr/drivers/timer/libdrivers__timer.a(cortex_m_systick.c.obj)
                0x000000000800175c                sys_clock_set_timeout
 .text.sys_clock_elapsed
                0x0000000008001850       0x34 zephyr/drivers/timer/libdrivers__timer.a(cortex_m_systick.c.obj)
                0x0000000008001850                sys_clock_elapsed
 .text.HAL_RCC_GetSysClockFreq
                0x0000000008001884       0x4c modules/hal_stm32/stm32cube/lib..__modules__hal__stm32__stm32cube.a(stm32f0xx_hal_rcc.c.obj)
                0x0000000008001884                HAL_RCC_GetSysClockFreq
 .text.LL_TIM_Init
                0x00000000080018d0       0x80 modules/hal_stm32/stm32cube/lib..__modules__hal__stm32__stm32cube.a(stm32f0xx_ll_tim.c.obj)
                0x00000000080018d0                LL_TIM_Init
 .text.LL_TIM_OC_Init
                0x0000000008001950      0x1e4 modules/hal_stm32/stm32cube/lib..__modules__hal__stm32__stm32cube.a(stm32f0xx_ll_tim.c.obj)
                0x0000000008001950                LL_TIM_OC_Init
 .text.LL_SetFlashLatency
                0x0000000008001b34       0x38 modules/hal_stm32/stm32cube/lib..__modules__hal__stm32__stm32cube.a(stm32f0xx_ll_utils.c.obj)
                0x0000000008001b34                LL_SetFlashLatency
 .text.z_fatal_error
                0x0000000008001b6c       0x28 zephyr/kernel/libkernel.a(fatal.c.obj)
                0x0000000008001b6c                z_fatal_error
 .text.z_sys_init_run_level
                0x0000000008001b94       0x30 zephyr/kernel/libkernel.a(init.c.obj)
 .text.bg_thread_main
                0x0000000008001bc4       0xac zephyr/kernel/libkernel.a(init.c.obj)
 .text.z_bss_zero
                0x0000000008001c70       0x18 zephyr/kernel/libkernel.a(init.c.obj)
                0x0000000008001c70                z_bss_zero
 .text.z_init_cpu
                0x0000000008001c88       0x68 zephyr/kernel/libkernel.a(init.c.obj)
                0x0000000008001c88                z_init_cpu
 .text.z_cstart
                0x0000000008001cf0       0xb8 zephyr/kernel/libkernel.a(init.c.obj)
                0x0000000008001cf0                z_cstart
 .text.z_setup_new_thread
                0x0000000008001da8       0x74 zephyr/kernel/libkernel.a(thread.c.obj)
                0x0000000008001da8                z_setup_new_thread
 .text.z_swap_irqlock
                0x0000000008001e1c       0x2c zephyr/kernel/libkernel.a(sched.c.obj)
 .text.unready_thread
                0x0000000008001e48       0x58 zephyr/kernel/libkernel.a(sched.c.obj)
 .text.ready_thread
                0x0000000008001ea0       0x98 zephyr/kernel/libkernel.a(sched.c.obj)
 .text.z_thread_halt
                0x0000000008001f38       0xfc zephyr/kernel/libkernel.a(sched.c.obj)
 .text.move_thread_to_end_of_prio_q
                0x0000000008002034       0x9c zephyr/kernel/libkernel.a(sched.c.obj)
                0x0000000008002034                move_thread_to_end_of_prio_q
 .text.z_reschedule
                0x00000000080020d0       0x2c zephyr/kernel/libkernel.a(sched.c.obj)
                0x00000000080020d0                z_reschedule
 .text.z_reschedule_irqlock
                0x00000000080020fc       0x2c zephyr/kernel/libkernel.a(sched.c.obj)
                0x00000000080020fc                z_reschedule_irqlock
 .text.k_sched_lock
                0x0000000008002128       0x20 zephyr/kernel/libkernel.a(sched.c.obj)
                0x0000000008002128                k_sched_lock
 .text.k_sched_unlock
                0x0000000008002148       0x60 zephyr/kernel/libkernel.a(sched.c.obj)
                0x0000000008002148                k_sched_unlock
 .text.z_sched_init
                0x00000000080021a8       0x14 zephyr/kernel/libkernel.a(sched.c.obj)
                0x00000000080021a8                z_sched_init
 .text.z_impl_k_yield
                0x00000000080021bc       0x8c zephyr/kernel/libkernel.a(sched.c.obj)
                0x00000000080021bc                z_impl_k_yield
 .text.z_tick_sleep
                0x0000000008002248       0x7c zephyr/kernel/libkernel.a(sched.c.obj)
 .text.z_impl_k_wakeup
                0x00000000080022c4       0x44 zephyr/kernel/libkernel.a(sched.c.obj)
                0x00000000080022c4                z_impl_k_wakeup
 .text.z_impl_k_sched_current_thread_query
                0x0000000008002308        0xc zephyr/kernel/libkernel.a(sched.c.obj)
                0x0000000008002308                z_impl_k_sched_current_thread_query
 .text.slice_timeout
                0x0000000008002314       0x20 zephyr/kernel/libkernel.a(timeslicing.c.obj)
 .text.thread_is_sliceable
                0x0000000008002334       0x40 zephyr/kernel/libkernel.a(timeslicing.c.obj)
                0x0000000008002334                thread_is_sliceable
 .text.z_reset_time_slice
                0x0000000008002374       0x4c zephyr/kernel/libkernel.a(timeslicing.c.obj)
                0x0000000008002374                z_reset_time_slice
 .text.z_time_slice
                0x00000000080023c0       0x58 zephyr/kernel/libkernel.a(timeslicing.c.obj)
                0x00000000080023c0                z_time_slice
 .text.z_data_copy
                0x0000000008002418       0x34 zephyr/kernel/libkernel.a(xip.c.obj)
                0x0000000008002418                z_data_copy
 .text.elapsed  0x000000000800244c       0x18 zephyr/kernel/libkernel.a(timeout.c.obj)
 .text.remove_timeout
                0x0000000008002464       0x38 zephyr/kernel/libkernel.a(timeout.c.obj)
 .text.next_timeout
                0x000000000800249c       0x44 zephyr/kernel/libkernel.a(timeout.c.obj)
 .text.z_add_timeout
                0x00000000080024e0       0xe8 zephyr/kernel/libkernel.a(timeout.c.obj)
                0x00000000080024e0                z_add_timeout
 .text.sys_clock_announce
                0x00000000080025c8       0xdc zephyr/kernel/libkernel.a(timeout.c.obj)
                0x00000000080025c8                sys_clock_announce
 .text.sys_clock_tick_get
                0x00000000080026a4       0x2c zephyr/kernel/libkernel.a(timeout.c.obj)
                0x00000000080026a4                sys_clock_tick_get
 .text.boot_banner
                0x00000000080026d0       0x10 zephyr/kernel/libkernel.a(banner.c.obj)
                0x00000000080026d0                boot_banner
 .text.__l_vfprintf
                0x00000000080026e0      0x4d0 /home/elias/zephyr-sdk-0.17.0/arm-zephyr-eabi/bin/../lib/gcc/../../picolibc/arm-zephyr-eabi/lib/thumb/v6-m/nofp/libc.a(libc_tinystdio_vflprintf.c.o)
                0x00000000080026e0                __l_vfprintf
 .text._OffsetAbsSyms
                0x0000000008002bb0        0x2 zephyr/CMakeFiles/offsets.dir/./arch/arm/core/offsets/offsets.c.obj
                0x0000000008002bb0                _OffsetAbsSyms
 .text.chunk_size
                0x0000000008002bb2        0xa zephyr/libzephyr.a(heap.c.obj)
 .text.free_list_add
                0x0000000008002bbc       0x4e zephyr/libzephyr.a(heap.c.obj)
 .text.sys_heap_init
                0x0000000008002c0a       0x74 zephyr/libzephyr.a(heap.c.obj)
                0x0000000008002c0a                sys_heap_init
 .text.arch_printk_char_out
                0x0000000008002c7e        0x4 zephyr/libzephyr.a(printk.c.obj)
                0x0000000008002c7e                arch_printk_char_out
 .text.printk   0x0000000008002c82       0x16 zephyr/libzephyr.a(printk.c.obj)
                0x0000000008002c82                printk
 .text._ConfigAbsSyms
                0x0000000008002c98        0x2 zephyr/libzephyr.a(configs.c.obj)
                0x0000000008002c98                _ConfigAbsSyms
 .text.relocate_vector_table
                0x0000000008002c9a        0x2 zephyr/libzephyr.a(soc.c.obj)
                0x0000000008002c9a                relocate_vector_table
 .text.z_arm_fatal_error
                0x0000000008002c9c       0x10 zephyr/arch/arch/arm/core/libarch__arm__core.a(fatal.c.obj)
                0x0000000008002c9c                z_arm_fatal_error
 .text.z_do_kernel_oops
                0x0000000008002cac        0xc zephyr/arch/arch/arm/core/libarch__arm__core.a(fatal.c.obj)
                0x0000000008002cac                z_do_kernel_oops
 .text.z_irq_spurious
                0x0000000008002cb8        0xc zephyr/arch/arch/arm/core/cortex_m/libarch__arm__core__cortex_m.a(irq_manage.c.obj)
                0x0000000008002cb8                z_irq_spurious
 .text.z_prep_c
                0x0000000008002cc4       0x16 zephyr/arch/arch/arm/core/cortex_m/libarch__arm__core__cortex_m.a(prep_c.c.obj)
                0x0000000008002cc4                z_prep_c
 .text.arch_irq_unlock_outlined
                0x0000000008002cda        0xc zephyr/arch/arch/arm/core/cortex_m/libarch__arm__core__cortex_m.a(thread.c.obj)
                0x0000000008002cda                arch_irq_unlock_outlined
 .text.arch_cpu_idle
                0x0000000008002ce6        0xe zephyr/arch/arch/arm/core/cortex_m/libarch__arm__core__cortex_m.a(cpu_idle.c.obj)
                0x0000000008002ce6                arch_cpu_idle
 .text.picolibc_put
                0x0000000008002cf4        0xa zephyr/lib/libc/picolibc/liblib__libc__picolibc.a(stdio.c.obj)
 .text.stm32_gpio_intc_get_pin_irq_line
                0x0000000008002cfe        0x6 zephyr/drivers/interrupt_controller/libdrivers__interrupt_controller.a(intc_exti_stm32.c.obj)
                0x0000000008002cfe                stm32_gpio_intc_get_pin_irq_line
 .text.enabled_clock
                0x0000000008002d04       0x12 zephyr/drivers/clock_control/libdrivers__clock_control.a(clock_stm32_ll_common.c.obj)
                0x0000000008002d04                enabled_clock
 .text.config_regulator_voltage
                0x0000000008002d16        0x2 zephyr/drivers/clock_control/libdrivers__clock_control.a(clock_stm32_ll_common.c.obj)
                0x0000000008002d16                config_regulator_voltage
 .text.gpio_stm32_port_get_raw
                0x0000000008002d18        0xc zephyr/drivers/gpio/libdrivers__gpio.a(gpio_stm32.c.obj)
 .text.gpio_stm32_port_set_masked_raw
                0x0000000008002d24       0x12 zephyr/drivers/gpio/libdrivers__gpio.a(gpio_stm32.c.obj)
 .text.gpio_stm32_port_set_bits_raw
                0x0000000008002d36        0xa zephyr/drivers/gpio/libdrivers__gpio.a(gpio_stm32.c.obj)
 .text.gpio_stm32_port_clear_bits_raw
                0x0000000008002d40        0xa zephyr/drivers/gpio/libdrivers__gpio.a(gpio_stm32.c.obj)
 .text.gpio_stm32_port_toggle_bits
                0x0000000008002d4a        0xe zephyr/drivers/gpio/libdrivers__gpio.a(gpio_stm32.c.obj)
 .text.gpio_stm32_manage_callback
                0x0000000008002d58       0x58 zephyr/drivers/gpio/libdrivers__gpio.a(gpio_stm32.c.obj)
 .text.gpio_stm32_configure_raw.isra.0
                0x0000000008002db0       0xa0 zephyr/drivers/gpio/libdrivers__gpio.a(gpio_stm32.c.obj)
 .text.gpio_stm32_config
                0x0000000008002e50      0x15e zephyr/drivers/gpio/libdrivers__gpio.a(gpio_stm32.c.obj)
 .text.gpio_stm32_isr
                0x0000000008002fae       0x32 zephyr/drivers/gpio/libdrivers__gpio.a(gpio_stm32.c.obj)
 .text.gpio_stm32_configure
                0x0000000008002fe0       0x2a zephyr/drivers/gpio/libdrivers__gpio.a(gpio_stm32.c.obj)
                0x0000000008002fe0                gpio_stm32_configure
 .text.pinctrl_lookup_state
                0x000000000800300a       0x26 zephyr/drivers/pinctrl/libdrivers__pinctrl.a(common.c.obj)
                0x000000000800300a                pinctrl_lookup_state
 .text.LL_TIM_OC_SetCompareCH1
                0x0000000008003030        0x4 zephyr/drivers/pwm/libdrivers__pwm.a(pwm_stm32.c.obj)
 .text.LL_TIM_OC_SetCompareCH2
                0x0000000008003034        0x4 zephyr/drivers/pwm/libdrivers__pwm.a(pwm_stm32.c.obj)
 .text.LL_TIM_OC_SetCompareCH3
                0x0000000008003038        0x4 zephyr/drivers/pwm/libdrivers__pwm.a(pwm_stm32.c.obj)
 .text.LL_TIM_OC_SetCompareCH4
                0x000000000800303c        0x4 zephyr/drivers/pwm/libdrivers__pwm.a(pwm_stm32.c.obj)
 .text.pwm_stm32_get_cycles_per_sec
                0x0000000008003040       0x1a zephyr/drivers/pwm/libdrivers__pwm.a(pwm_stm32.c.obj)
 .text.reset_stm32_status
                0x000000000800305a       0x20 zephyr/drivers/reset/libdrivers__reset.a(reset_stm32.c.obj)
 .text.reset_stm32_line_assert
                0x000000000800307a       0x1c zephyr/drivers/reset/libdrivers__reset.a(reset_stm32.c.obj)
 .text.reset_stm32_line_deassert
                0x0000000008003096       0x1c zephyr/drivers/reset/libdrivers__reset.a(reset_stm32.c.obj)
 .text.reset_stm32_line_toggle
                0x00000000080030b2       0x16 zephyr/drivers/reset/libdrivers__reset.a(reset_stm32.c.obj)
 .text.uart_stm32_err_check
                0x00000000080030c8       0x4e zephyr/drivers/serial/libdrivers__serial.a(uart_stm32.c.obj)
 .text.uart_stm32_irq_tx_enable
                0x0000000008003116       0x1c zephyr/drivers/serial/libdrivers__serial.a(uart_stm32.c.obj)
 .text.uart_stm32_irq_tx_disable
                0x0000000008003132       0x1c zephyr/drivers/serial/libdrivers__serial.a(uart_stm32.c.obj)
 .text.uart_stm32_irq_rx_enable
                0x000000000800314e       0x1c zephyr/drivers/serial/libdrivers__serial.a(uart_stm32.c.obj)
 .text.uart_stm32_irq_rx_disable
                0x000000000800316a       0x1c zephyr/drivers/serial/libdrivers__serial.a(uart_stm32.c.obj)
 .text.uart_stm32_irq_rx_ready
                0x0000000008003186        0xc zephyr/drivers/serial/libdrivers__serial.a(uart_stm32.c.obj)
 .text.uart_stm32_irq_err_enable
                0x0000000008003192       0x2e zephyr/drivers/serial/libdrivers__serial.a(uart_stm32.c.obj)
 .text.uart_stm32_irq_update
                0x00000000080031c0        0x4 zephyr/drivers/serial/libdrivers__serial.a(uart_stm32.c.obj)
 .text.uart_stm32_irq_callback_set
                0x00000000080031c4        0x8 zephyr/drivers/serial/libdrivers__serial.a(uart_stm32.c.obj)
 .text.uart_stm32_isr
                0x00000000080031cc       0x10 zephyr/drivers/serial/libdrivers__serial.a(uart_stm32.c.obj)
 .text.uart_stm32_irq_config_func_0
                0x00000000080031dc       0x14 zephyr/drivers/serial/libdrivers__serial.a(uart_stm32.c.obj)
 .text.uart_stm32_irq_tx_complete
                0x00000000080031f0        0xc zephyr/drivers/serial/libdrivers__serial.a(uart_stm32.c.obj)
 .text.uart_stm32_irq_tx_ready
                0x00000000080031fc       0x14 zephyr/drivers/serial/libdrivers__serial.a(uart_stm32.c.obj)
 .text.uart_stm32_fifo_fill
                0x0000000008003210       0x4c zephyr/drivers/serial/libdrivers__serial.a(uart_stm32.c.obj)
 .text.uart_stm32_poll_out
                0x000000000800325c       0x36 zephyr/drivers/serial/libdrivers__serial.a(uart_stm32.c.obj)
 .text.uart_stm32_irq_is_pending
                0x0000000008003292       0x24 zephyr/drivers/serial/libdrivers__serial.a(uart_stm32.c.obj)
 .text.uart_stm32_fifo_read
                0x00000000080032b6       0x3e zephyr/drivers/serial/libdrivers__serial.a(uart_stm32.c.obj)
 .text.uart_stm32_poll_in
                0x00000000080032f4       0x22 zephyr/drivers/serial/libdrivers__serial.a(uart_stm32.c.obj)
 .text.LL_TIM_StructInit
                0x0000000008003316       0x12 modules/hal_stm32/stm32cube/lib..__modules__hal__stm32__stm32cube.a(stm32f0xx_ll_tim.c.obj)
                0x0000000008003316                LL_TIM_StructInit
 .text.LL_TIM_OC_StructInit
                0x0000000008003328       0x14 modules/hal_stm32/stm32cube/lib..__modules__hal__stm32__stm32cube.a(stm32f0xx_ll_tim.c.obj)
                0x0000000008003328                LL_TIM_OC_StructInit
 .text.z_device_state_init
                0x000000000800333c        0x2 zephyr/kernel/libkernel.a(device.c.obj)
                0x000000000800333c                z_device_state_init
 .text.z_impl_device_is_ready
                0x000000000800333e       0x1a zephyr/kernel/libkernel.a(device.c.obj)
                0x000000000800333e                z_impl_device_is_ready
 .text.arch_system_halt
                0x0000000008003358        0x8 zephyr/kernel/libkernel.a(fatal.c.obj)
                0x0000000008003358                arch_system_halt
 .text.k_sys_fatal_error_handler
                0x0000000008003360        0x6 zephyr/kernel/libkernel.a(fatal.c.obj)
                0x0000000008003360                k_sys_fatal_error_handler
 .text.do_device_init
                0x0000000008003366       0x30 zephyr/kernel/libkernel.a(init.c.obj)
 .text.z_early_memset
                0x0000000008003396        0x8 zephyr/kernel/libkernel.a(init.c.obj)
                0x0000000008003396                z_early_memset
 .text.z_early_memcpy
                0x000000000800339e        0x8 zephyr/kernel/libkernel.a(init.c.obj)
                0x000000000800339e                z_early_memcpy
 .text.z_init_static
                0x00000000080033a6        0x2 zephyr/kernel/libkernel.a(init_static.c.obj)
                0x00000000080033a6                z_init_static
 .text.idle     0x00000000080033a8        0xe zephyr/kernel/libkernel.a(idle.c.obj)
                0x00000000080033a8                idle
 .text.sys_dlist_remove
                0x00000000080033b6       0x10 zephyr/kernel/libkernel.a(sched.c.obj)
 .text.unpend_thread_no_timeout
                0x00000000080033c6       0x16 zephyr/kernel/libkernel.a(sched.c.obj)
 .text.z_ready_thread
                0x00000000080033dc       0x18 zephyr/kernel/libkernel.a(sched.c.obj)
                0x00000000080033dc                z_ready_thread
 .text.z_sched_wake_thread
                0x00000000080033f4       0x36 zephyr/kernel/libkernel.a(sched.c.obj)
                0x00000000080033f4                z_sched_wake_thread
 .text.z_thread_timeout
                0x000000000800342a        0xc zephyr/kernel/libkernel.a(sched.c.obj)
                0x000000000800342a                z_thread_timeout
 .text.z_impl_k_sleep
                0x0000000008003436       0x2e zephyr/kernel/libkernel.a(sched.c.obj)
                0x0000000008003436                z_impl_k_sleep
 .text.z_impl_k_usleep
                0x0000000008003464       0x22 zephyr/kernel/libkernel.a(sched.c.obj)
                0x0000000008003464                z_impl_k_usleep
 .text.z_thread_abort
                0x0000000008003486       0x40 zephyr/kernel/libkernel.a(sched.c.obj)
                0x0000000008003486                z_thread_abort
 .text.z_abort_timeout
                0x00000000080034c6       0x26 zephyr/kernel/libkernel.a(timeout.c.obj)
                0x00000000080034c6                z_abort_timeout
 .text.sys_clock_tick_get_32
                0x00000000080034ec        0x8 zephyr/kernel/libkernel.a(timeout.c.obj)
                0x00000000080034ec                sys_clock_tick_get_32
 .text.memcpy   0x00000000080034f4       0x12 /home/elias/zephyr-sdk-0.17.0/arm-zephyr-eabi/bin/../lib/gcc/../../picolibc/arm-zephyr-eabi/lib/thumb/v6-m/nofp/libc.a(memcpy.c.o)
                0x00000000080034f4                memcpy
                0x00000000080034f4                __aeabi_memcpy
                0x00000000080034f4                __aeabi_memcpy4
                0x00000000080034f4                __aeabi_memcpy8
 .text.memset   0x0000000008003506       0x10 /home/elias/zephyr-sdk-0.17.0/arm-zephyr-eabi/bin/../lib/gcc/../../picolibc/arm-zephyr-eabi/lib/thumb/v6-m/nofp/libc.a(memset.c.o)
                0x0000000008003506                memset
 .text.strnlen  0x0000000008003516       0x16 /home/elias/zephyr-sdk-0.17.0/arm-zephyr-eabi/bin/../lib/gcc/../../picolibc/arm-zephyr-eabi/lib/thumb/v6-m/nofp/libc.a(libc_string_strnlen.c.o)
                0x0000000008003516                strnlen
 .text.__ultoa_invert
                0x000000000800352c      0x10e /home/elias/zephyr-sdk-0.17.0/arm-zephyr-eabi/bin/../lib/gcc/../../picolibc/arm-zephyr-eabi/lib/thumb/v6-m/nofp/libc.a(libc_tinystdio_vflprintf.c.o)
 *(SORT_BY_ALIGNMENT(.TEXT.*))
 *fill*         0x000000000800363a        0x2 
 .TEXT.__aeabi_read_tp
                0x000000000800363c        0xc zephyr/arch/arch/arm/core/cortex_m/libarch__arm__core__cortex_m.a(__aeabi_read_tp.S.obj)
                0x000000000800363c                __aeabi_read_tp
 *(SORT_BY_ALIGNMENT(.gnu.linkonce.t.*))
 *(SORT_BY_ALIGNMENT(.glue_7t))
 .glue_7t       0x0000000008003648        0x0 linker stubs
 *(SORT_BY_ALIGNMENT(.glue_7))
 .glue_7        0x0000000008003648        0x0 linker stubs
 *(SORT_BY_ALIGNMENT(.vfp11_veneer))
 .vfp11_veneer  0x0000000008003648        0x0 linker stubs
 *(SORT_BY_ALIGNMENT(.v4_bx))
 .v4_bx         0x0000000008003648        0x0 linker stubs
                0x0000000008003648                . = ALIGN (0x4)
                0x0000000008003648                __text_region_end = .

.ARM.exidx      0x0000000008003648        0x8
                0x0000000008003648                __exidx_start = .
 *(SORT_BY_ALIGNMENT(.ARM.exidx*) SORT_BY_ALIGNMENT(gnu.linkonce.armexidx.*))
 .ARM.exidx     0x0000000008003648        0x8 /home/elias/zephyr-sdk-0.17.0/arm-zephyr-eabi/bin/../lib/gcc/arm-zephyr-eabi/12.2.0/thumb/v6-m/nofp/libgcc.a(_udivmoddi4.o)
                0x0000000008003650                __exidx_end = .
                0x0000000008003650                __rodata_region_start = .

initlevel       0x0000000008003650       0x58
                0x0000000008003650                __init_start = .
                0x0000000008003650                __init_EARLY_start = .
 *(SORT_BY_NAME(SORT_BY_ALIGNMENT(.z_init_EARLY?_*)))
 *(SORT_BY_NAME(SORT_BY_ALIGNMENT(.z_init_EARLY??_*)))
                0x0000000008003650                __init_PRE_KERNEL_1_start = .
 *(SORT_BY_NAME(SORT_BY_ALIGNMENT(.z_init_PRE_KERNEL_1?_*)))
 .z_init_PRE_KERNEL_11_00008_
                0x0000000008003650        0x8 zephyr/drivers/clock_control/libdrivers__clock_control.a(clock_stm32_ll_common.c.obj)
 .z_init_PRE_KERNEL_11_0_
                0x0000000008003658        0x8 zephyr/libzephyr.a(soc_config.c.obj)
 *(SORT_BY_NAME(SORT_BY_ALIGNMENT(.z_init_PRE_KERNEL_1??_*)))
 .z_init_PRE_KERNEL_135_00025_
                0x0000000008003660        0x8 zephyr/drivers/reset/libdrivers__reset.a(reset_stm32.c.obj)
 .z_init_PRE_KERNEL_140_00022_
                0x0000000008003668        0x8 zephyr/drivers/gpio/libdrivers__gpio.a(gpio_stm32.c.obj)
 .z_init_PRE_KERNEL_140_00032_
                0x0000000008003670        0x8 zephyr/drivers/interrupt_controller/libdrivers__interrupt_controller.a(intc_exti_stm32.c.obj)
 .z_init_PRE_KERNEL_140_00043_
                0x0000000008003678        0x8 zephyr/drivers/gpio/libdrivers__gpio.a(gpio_stm32.c.obj)
 .z_init_PRE_KERNEL_150_00036_
                0x0000000008003680        0x8 zephyr/drivers/serial/libdrivers__serial.a(uart_stm32.c.obj)
 .z_init_PRE_KERNEL_160_0_
                0x0000000008003688        0x8 zephyr/drivers/console/libdrivers__console.a(uart_console.c.obj)
                0x0000000008003690                __init_PRE_KERNEL_2_start = .
 *(SORT_BY_NAME(SORT_BY_ALIGNMENT(.z_init_PRE_KERNEL_2?_*)))
 .z_init_PRE_KERNEL_20_0_
                0x0000000008003690        0x8 zephyr/drivers/timer/libdrivers__timer.a(cortex_m_systick.c.obj)
 *(SORT_BY_NAME(SORT_BY_ALIGNMENT(.z_init_PRE_KERNEL_2??_*)))
                0x0000000008003698                __init_POST_KERNEL_start = .
 *(SORT_BY_NAME(SORT_BY_ALIGNMENT(.z_init_POST_KERNEL?_*)))
 *(SORT_BY_NAME(SORT_BY_ALIGNMENT(.z_init_POST_KERNEL??_*)))
 .z_init_POST_KERNEL35_0_
                0x0000000008003698        0x8 zephyr/lib/libc/common/liblib__libc__common.a(malloc.c.obj)
 .z_init_POST_KERNEL50_00028_
                0x00000000080036a0        0x8 zephyr/drivers/pwm/libdrivers__pwm.a(pwm_stm32.c.obj)
                0x00000000080036a8                __init_APPLICATION_start = .
 *(SORT_BY_NAME(SORT_BY_ALIGNMENT(.z_init_APPLICATION?_*)))
 *(SORT_BY_NAME(SORT_BY_ALIGNMENT(.z_init_APPLICATION??_*)))
                0x00000000080036a8                __init_SMP_start = .
 *(SORT_BY_NAME(SORT_BY_ALIGNMENT(.z_init_SMP?_*)))
 *(SORT_BY_NAME(SORT_BY_ALIGNMENT(.z_init_SMP??_*)))
                0x00000000080036a8                __init_end = .
                0x00000000080036a8                __deferred_init_list_start = .
 *(SORT_BY_ALIGNMENT(.z_deferred_init*))
                0x00000000080036a8                __deferred_init_list_end = .

device_area     0x00000000080036a8       0x8c
                0x00000000080036a8                _device_list_start = .
 *(SORT_BY_NAME(SORT_BY_ALIGNMENT(._device.static.*_?_*)))
 ._device.static.1_1_
                0x00000000080036a8       0x14 zephyr/drivers/clock_control/libdrivers__clock_control.a(clock_stm32_ll_common.c.obj)
                0x00000000080036a8                __device_dts_ord_8
 *(SORT_BY_NAME(SORT_BY_ALIGNMENT(._device.static.*_??_*)))
 ._device.static.1_35_
                0x00000000080036bc       0x14 zephyr/drivers/reset/libdrivers__reset.a(reset_stm32.c.obj)
                0x00000000080036bc                __device_dts_ord_25
 ._device.static.1_40_
                0x00000000080036d0       0x14 zephyr/drivers/interrupt_controller/libdrivers__interrupt_controller.a(intc_exti_stm32.c.obj)
                0x00000000080036d0                __device_dts_ord_32
 ._device.static.1_40_
                0x00000000080036e4       0x28 zephyr/drivers/gpio/libdrivers__gpio.a(gpio_stm32.c.obj)
                0x00000000080036e4                __device_dts_ord_43
                0x00000000080036f8                __device_dts_ord_22
 ._device.static.1_50_
                0x000000000800370c       0x14 zephyr/drivers/serial/libdrivers__serial.a(uart_stm32.c.obj)
                0x000000000800370c                __device_dts_ord_36
 ._device.static.3_50_
                0x0000000008003720       0x14 zephyr/drivers/pwm/libdrivers__pwm.a(pwm_stm32.c.obj)
                0x0000000008003720                __device_dts_ord_28
                0x0000000008003734                _device_list_end = .

sw_isr_table    0x0000000008003734       0xe0
                0x0000000008003734                . = ALIGN (0x4)
 *(SORT_BY_ALIGNMENT(.gnu.linkonce.sw_isr_table*))
 .gnu.linkonce.sw_isr_table
                0x0000000008003734       0xe0 zephyr/CMakeFiles/zephyr_final.dir/isr_tables.c.obj
                0x0000000008003734                _sw_isr_table

initlevel_error
                0x0000000008003650        0x0
 *(SORT_BY_NAME(SORT_BY_ALIGNMENT(.z_init_[_A-Z0-9]*)))
                0x0000000000000001                ASSERT ((SIZEOF (initlevel_error) == 0x0), Undefined initialization levels used.)

app_shmem_regions
                0x0000000008003814        0x0
                0x0000000008003814                __app_shmem_regions_start = .
 *(SORT_BY_NAME(SORT_BY_ALIGNMENT(.app_regions.*)))
                0x0000000008003814                __app_shmem_regions_end = .

k_p4wq_initparam_area
                0x0000000008003814        0x0
                0x0000000008003814                _k_p4wq_initparam_list_start = .
 *(SORT_BY_NAME(SORT_BY_ALIGNMENT(._k_p4wq_initparam.static.*)))
                0x0000000008003814                _k_p4wq_initparam_list_end = .

_static_thread_data_area
                0x0000000008003814        0x0
                0x0000000008003814                __static_thread_data_list_start = .
 *(SORT_BY_NAME(SORT_BY_ALIGNMENT(.__static_thread_data.static.*)))
                0x0000000008003814                __static_thread_data_list_end = .

device_deps     0x0000000008003814        0x0
                0x0000000008003814                __device_deps_start = .
 *(SORT_BY_NAME(SORT_BY_ALIGNMENT(.__device_deps_pass2*)))
                0x0000000008003814                __device_deps_end = .

gpio_driver_api_area
                0x0000000008003814       0x24
                0x0000000008003814                _gpio_driver_api_list_start = .
 *(SORT_BY_NAME(SORT_BY_ALIGNMENT(._gpio_driver_api.static.*)))
 ._gpio_driver_api.static.gpio_stm32_driver_
                0x0000000008003814       0x24 zephyr/drivers/gpio/libdrivers__gpio.a(gpio_stm32.c.obj)
                0x0000000008003838                _gpio_driver_api_list_end = .

pwm_driver_api_area
                0x0000000008003838        0x8
                0x0000000008003838                _pwm_driver_api_list_start = .
 *(SORT_BY_NAME(SORT_BY_ALIGNMENT(._pwm_driver_api.static.*)))
 ._pwm_driver_api.static.pwm_stm32_driver_api_
                0x0000000008003838        0x8 zephyr/drivers/pwm/libdrivers__pwm.a(pwm_stm32.c.obj)
                0x0000000008003840                _pwm_driver_api_list_end = .

reset_driver_api_area
                0x0000000008003840       0x10
                0x0000000008003840                _reset_driver_api_list_start = .
 *(SORT_BY_NAME(SORT_BY_ALIGNMENT(._reset_driver_api.static.*)))
 ._reset_driver_api.static.reset_stm32_driver_api_
                0x0000000008003840       0x10 zephyr/drivers/reset/libdrivers__reset.a(reset_stm32.c.obj)
                0x0000000008003850                _reset_driver_api_list_end = .

shared_irq_driver_api_area
                0x0000000008003850        0x0
                0x0000000008003850                _shared_irq_driver_api_list_start = .
 *(SORT_BY_NAME(SORT_BY_ALIGNMENT(._shared_irq_driver_api.static.*)))
                0x0000000008003850                _shared_irq_driver_api_list_end = .

crypto_driver_api_area
                0x0000000008003850        0x0
                0x0000000008003850                _crypto_driver_api_list_start = .
 *(SORT_BY_NAME(SORT_BY_ALIGNMENT(._crypto_driver_api.static.*)))
                0x0000000008003850                _crypto_driver_api_list_end = .

adc_driver_api_area
                0x0000000008003850        0x0
                0x0000000008003850                _adc_driver_api_list_start = .
 *(SORT_BY_NAME(SORT_BY_ALIGNMENT(._adc_driver_api.static.*)))
                0x0000000008003850                _adc_driver_api_list_end = .

auxdisplay_driver_api_area
                0x0000000008003850        0x0
                0x0000000008003850                _auxdisplay_driver_api_list_start = .
 *(SORT_BY_NAME(SORT_BY_ALIGNMENT(._auxdisplay_driver_api.static.*)))
                0x0000000008003850                _auxdisplay_driver_api_list_end = .

bbram_driver_api_area
                0x0000000008003850        0x0
                0x0000000008003850                _bbram_driver_api_list_start = .
 *(SORT_BY_NAME(SORT_BY_ALIGNMENT(._bbram_driver_api.static.*)))
                0x0000000008003850                _bbram_driver_api_list_end = .

bt_hci_driver_api_area
                0x0000000008003850        0x0
                0x0000000008003850                _bt_hci_driver_api_list_start = .
 *(SORT_BY_NAME(SORT_BY_ALIGNMENT(._bt_hci_driver_api.static.*)))
                0x0000000008003850                _bt_hci_driver_api_list_end = .

can_driver_api_area
                0x0000000008003850        0x0
                0x0000000008003850                _can_driver_api_list_start = .
 *(SORT_BY_NAME(SORT_BY_ALIGNMENT(._can_driver_api.static.*)))
                0x0000000008003850                _can_driver_api_list_end = .

cellular_driver_api_area
                0x0000000008003850        0x0
                0x0000000008003850                _cellular_driver_api_list_start = .
 *(SORT_BY_NAME(SORT_BY_ALIGNMENT(._cellular_driver_api.static.*)))
                0x0000000008003850                _cellular_driver_api_list_end = .

charger_driver_api_area
                0x0000000008003850        0x0
                0x0000000008003850                _charger_driver_api_list_start = .
 *(SORT_BY_NAME(SORT_BY_ALIGNMENT(._charger_driver_api.static.*)))
                0x0000000008003850                _charger_driver_api_list_end = .

clock_control_driver_api_area
                0x0000000008003850       0x1c
                0x0000000008003850                _clock_control_driver_api_list_start = .
 *(SORT_BY_NAME(SORT_BY_ALIGNMENT(._clock_control_driver_api.static.*)))
 ._clock_control_driver_api.static.stm32_clock_control_api_
                0x0000000008003850       0x1c zephyr/drivers/clock_control/libdrivers__clock_control.a(clock_stm32_ll_common.c.obj)
                0x000000000800386c                _clock_control_driver_api_list_end = .

comparator_driver_api_area
                0x000000000800386c        0x0
                0x000000000800386c                _comparator_driver_api_list_start = .
 *(SORT_BY_NAME(SORT_BY_ALIGNMENT(._comparator_driver_api.static.*)))
                0x000000000800386c                _comparator_driver_api_list_end = .

coredump_driver_api_area
                0x000000000800386c        0x0
                0x000000000800386c                _coredump_driver_api_list_start = .
 *(SORT_BY_NAME(SORT_BY_ALIGNMENT(._coredump_driver_api.static.*)))
                0x000000000800386c                _coredump_driver_api_list_end = .

counter_driver_api_area
                0x000000000800386c        0x0
                0x000000000800386c                _counter_driver_api_list_start = .
 *(SORT_BY_NAME(SORT_BY_ALIGNMENT(._counter_driver_api.static.*)))
                0x000000000800386c                _counter_driver_api_list_end = .

dac_driver_api_area
                0x000000000800386c        0x0
                0x000000000800386c                _dac_driver_api_list_start = .
 *(SORT_BY_NAME(SORT_BY_ALIGNMENT(._dac_driver_api.static.*)))
                0x000000000800386c                _dac_driver_api_list_end = .

dai_driver_api_area
                0x000000000800386c        0x0
                0x000000000800386c                _dai_driver_api_list_start = .
 *(SORT_BY_NAME(SORT_BY_ALIGNMENT(._dai_driver_api.static.*)))
                0x000000000800386c                _dai_driver_api_list_end = .

display_driver_api_area
                0x000000000800386c        0x0
                0x000000000800386c                _display_driver_api_list_start = .
 *(SORT_BY_NAME(SORT_BY_ALIGNMENT(._display_driver_api.static.*)))
                0x000000000800386c                _display_driver_api_list_end = .

dma_driver_api_area
                0x000000000800386c        0x0
                0x000000000800386c                _dma_driver_api_list_start = .
 *(SORT_BY_NAME(SORT_BY_ALIGNMENT(._dma_driver_api.static.*)))
                0x000000000800386c                _dma_driver_api_list_end = .

edac_driver_api_area
                0x000000000800386c        0x0
                0x000000000800386c                _edac_driver_api_list_start = .
 *(SORT_BY_NAME(SORT_BY_ALIGNMENT(._edac_driver_api.static.*)))
                0x000000000800386c                _edac_driver_api_list_end = .

eeprom_driver_api_area
                0x000000000800386c        0x0
                0x000000000800386c                _eeprom_driver_api_list_start = .
 *(SORT_BY_NAME(SORT_BY_ALIGNMENT(._eeprom_driver_api.static.*)))
                0x000000000800386c                _eeprom_driver_api_list_end = .

emul_bbram_driver_api_area
                0x000000000800386c        0x0
                0x000000000800386c                _emul_bbram_driver_api_list_start = .
 *(SORT_BY_NAME(SORT_BY_ALIGNMENT(._emul_bbram_driver_api.static.*)))
                0x000000000800386c                _emul_bbram_driver_api_list_end = .

fuel_gauge_emul_driver_api_area
                0x000000000800386c        0x0
                0x000000000800386c                _fuel_gauge_emul_driver_api_list_start = .
 *(SORT_BY_NAME(SORT_BY_ALIGNMENT(._fuel_gauge_emul_driver_api.static.*)))
                0x000000000800386c                _fuel_gauge_emul_driver_api_list_end = .

emul_sensor_driver_api_area
                0x000000000800386c        0x0
                0x000000000800386c                _emul_sensor_driver_api_list_start = .
 *(SORT_BY_NAME(SORT_BY_ALIGNMENT(._emul_sensor_driver_api.static.*)))
                0x000000000800386c                _emul_sensor_driver_api_list_end = .

entropy_driver_api_area
                0x000000000800386c        0x0
                0x000000000800386c                _entropy_driver_api_list_start = .
 *(SORT_BY_NAME(SORT_BY_ALIGNMENT(._entropy_driver_api.static.*)))
                0x000000000800386c                _entropy_driver_api_list_end = .

espi_driver_api_area
                0x000000000800386c        0x0
                0x000000000800386c                _espi_driver_api_list_start = .
 *(SORT_BY_NAME(SORT_BY_ALIGNMENT(._espi_driver_api.static.*)))
                0x000000000800386c                _espi_driver_api_list_end = .

espi_saf_driver_api_area
                0x000000000800386c        0x0
                0x000000000800386c                _espi_saf_driver_api_list_start = .
 *(SORT_BY_NAME(SORT_BY_ALIGNMENT(._espi_saf_driver_api.static.*)))
                0x000000000800386c                _espi_saf_driver_api_list_end = .

flash_driver_api_area
                0x000000000800386c        0x0
                0x000000000800386c                _flash_driver_api_list_start = .
 *(SORT_BY_NAME(SORT_BY_ALIGNMENT(._flash_driver_api.static.*)))
                0x000000000800386c                _flash_driver_api_list_end = .

fpga_driver_api_area
                0x000000000800386c        0x0
                0x000000000800386c                _fpga_driver_api_list_start = .
 *(SORT_BY_NAME(SORT_BY_ALIGNMENT(._fpga_driver_api.static.*)))
                0x000000000800386c                _fpga_driver_api_list_end = .

fuel_gauge_driver_api_area
                0x000000000800386c        0x0
                0x000000000800386c                _fuel_gauge_driver_api_list_start = .
 *(SORT_BY_NAME(SORT_BY_ALIGNMENT(._fuel_gauge_driver_api.static.*)))
                0x000000000800386c                _fuel_gauge_driver_api_list_end = .

gnss_driver_api_area
                0x000000000800386c        0x0
                0x000000000800386c                _gnss_driver_api_list_start = .
 *(SORT_BY_NAME(SORT_BY_ALIGNMENT(._gnss_driver_api.static.*)))
                0x000000000800386c                _gnss_driver_api_list_end = .

haptics_driver_api_area
                0x000000000800386c        0x0
                0x000000000800386c                _haptics_driver_api_list_start = .
 *(SORT_BY_NAME(SORT_BY_ALIGNMENT(._haptics_driver_api.static.*)))
                0x000000000800386c                _haptics_driver_api_list_end = .

hwspinlock_driver_api_area
                0x000000000800386c        0x0
                0x000000000800386c                _hwspinlock_driver_api_list_start = .
 *(SORT_BY_NAME(SORT_BY_ALIGNMENT(._hwspinlock_driver_api.static.*)))
                0x000000000800386c                _hwspinlock_driver_api_list_end = .

i2c_driver_api_area
                0x000000000800386c        0x0
                0x000000000800386c                _i2c_driver_api_list_start = .
 *(SORT_BY_NAME(SORT_BY_ALIGNMENT(._i2c_driver_api.static.*)))
                0x000000000800386c                _i2c_driver_api_list_end = .

i2c_target_driver_api_area
                0x000000000800386c        0x0
                0x000000000800386c                _i2c_target_driver_api_list_start = .
 *(SORT_BY_NAME(SORT_BY_ALIGNMENT(._i2c_target_driver_api.static.*)))
                0x000000000800386c                _i2c_target_driver_api_list_end = .

i2s_driver_api_area
                0x000000000800386c        0x0
                0x000000000800386c                _i2s_driver_api_list_start = .
 *(SORT_BY_NAME(SORT_BY_ALIGNMENT(._i2s_driver_api.static.*)))
                0x000000000800386c                _i2s_driver_api_list_end = .

i3c_driver_api_area
                0x000000000800386c        0x0
                0x000000000800386c                _i3c_driver_api_list_start = .
 *(SORT_BY_NAME(SORT_BY_ALIGNMENT(._i3c_driver_api.static.*)))
                0x000000000800386c                _i3c_driver_api_list_end = .

ipm_driver_api_area
                0x000000000800386c        0x0
                0x000000000800386c                _ipm_driver_api_list_start = .
 *(SORT_BY_NAME(SORT_BY_ALIGNMENT(._ipm_driver_api.static.*)))
                0x000000000800386c                _ipm_driver_api_list_end = .

kscan_driver_api_area
                0x000000000800386c        0x0
                0x000000000800386c                _kscan_driver_api_list_start = .
 *(SORT_BY_NAME(SORT_BY_ALIGNMENT(._kscan_driver_api.static.*)))
                0x000000000800386c                _kscan_driver_api_list_end = .

led_driver_api_area
                0x000000000800386c        0x0
                0x000000000800386c                _led_driver_api_list_start = .
 *(SORT_BY_NAME(SORT_BY_ALIGNMENT(._led_driver_api.static.*)))
                0x000000000800386c                _led_driver_api_list_end = .

led_strip_driver_api_area
                0x000000000800386c        0x0
                0x000000000800386c                _led_strip_driver_api_list_start = .
 *(SORT_BY_NAME(SORT_BY_ALIGNMENT(._led_strip_driver_api.static.*)))
                0x000000000800386c                _led_strip_driver_api_list_end = .

lora_driver_api_area
                0x000000000800386c        0x0
                0x000000000800386c                _lora_driver_api_list_start = .
 *(SORT_BY_NAME(SORT_BY_ALIGNMENT(._lora_driver_api.static.*)))
                0x000000000800386c                _lora_driver_api_list_end = .

mbox_driver_api_area
                0x000000000800386c        0x0
                0x000000000800386c                _mbox_driver_api_list_start = .
 *(SORT_BY_NAME(SORT_BY_ALIGNMENT(._mbox_driver_api.static.*)))
                0x000000000800386c                _mbox_driver_api_list_end = .

mdio_driver_api_area
                0x000000000800386c        0x0
                0x000000000800386c                _mdio_driver_api_list_start = .
 *(SORT_BY_NAME(SORT_BY_ALIGNMENT(._mdio_driver_api.static.*)))
                0x000000000800386c                _mdio_driver_api_list_end = .

mipi_dbi_driver_api_area
                0x000000000800386c        0x0
                0x000000000800386c                _mipi_dbi_driver_api_list_start = .
 *(SORT_BY_NAME(SORT_BY_ALIGNMENT(._mipi_dbi_driver_api.static.*)))
                0x000000000800386c                _mipi_dbi_driver_api_list_end = .

mipi_dsi_driver_api_area
                0x000000000800386c        0x0
                0x000000000800386c                _mipi_dsi_driver_api_list_start = .
 *(SORT_BY_NAME(SORT_BY_ALIGNMENT(._mipi_dsi_driver_api.static.*)))
                0x000000000800386c                _mipi_dsi_driver_api_list_end = .

mspi_driver_api_area
                0x000000000800386c        0x0
                0x000000000800386c                _mspi_driver_api_list_start = .
 *(SORT_BY_NAME(SORT_BY_ALIGNMENT(._mspi_driver_api.static.*)))
                0x000000000800386c                _mspi_driver_api_list_end = .

peci_driver_api_area
                0x000000000800386c        0x0
                0x000000000800386c                _peci_driver_api_list_start = .
 *(SORT_BY_NAME(SORT_BY_ALIGNMENT(._peci_driver_api.static.*)))
                0x000000000800386c                _peci_driver_api_list_end = .

ps2_driver_api_area
                0x000000000800386c        0x0
                0x000000000800386c                _ps2_driver_api_list_start = .
 *(SORT_BY_NAME(SORT_BY_ALIGNMENT(._ps2_driver_api.static.*)))
                0x000000000800386c                _ps2_driver_api_list_end = .

ptp_clock_driver_api_area
                0x000000000800386c        0x0
                0x000000000800386c                _ptp_clock_driver_api_list_start = .
 *(SORT_BY_NAME(SORT_BY_ALIGNMENT(._ptp_clock_driver_api.static.*)))
                0x000000000800386c                _ptp_clock_driver_api_list_end = .

regulator_parent_driver_api_area
                0x000000000800386c        0x0
                0x000000000800386c                _regulator_parent_driver_api_list_start = .
 *(SORT_BY_NAME(SORT_BY_ALIGNMENT(._regulator_parent_driver_api.static.*)))
                0x000000000800386c                _regulator_parent_driver_api_list_end = .

regulator_driver_api_area
                0x000000000800386c        0x0
                0x000000000800386c                _regulator_driver_api_list_start = .
 *(SORT_BY_NAME(SORT_BY_ALIGNMENT(._regulator_driver_api.static.*)))
                0x000000000800386c                _regulator_driver_api_list_end = .

retained_mem_driver_api_area
                0x000000000800386c        0x0
                0x000000000800386c                _retained_mem_driver_api_list_start = .
 *(SORT_BY_NAME(SORT_BY_ALIGNMENT(._retained_mem_driver_api.static.*)))
                0x000000000800386c                _retained_mem_driver_api_list_end = .

rtc_driver_api_area
                0x000000000800386c        0x0
                0x000000000800386c                _rtc_driver_api_list_start = .
 *(SORT_BY_NAME(SORT_BY_ALIGNMENT(._rtc_driver_api.static.*)))
                0x000000000800386c                _rtc_driver_api_list_end = .

sdhc_driver_api_area
                0x000000000800386c        0x0
                0x000000000800386c                _sdhc_driver_api_list_start = .
 *(SORT_BY_NAME(SORT_BY_ALIGNMENT(._sdhc_driver_api.static.*)))
                0x000000000800386c                _sdhc_driver_api_list_end = .

sensor_driver_api_area
                0x000000000800386c        0x0
                0x000000000800386c                _sensor_driver_api_list_start = .
 *(SORT_BY_NAME(SORT_BY_ALIGNMENT(._sensor_driver_api.static.*)))
                0x000000000800386c                _sensor_driver_api_list_end = .

smbus_driver_api_area
                0x000000000800386c        0x0
                0x000000000800386c                _smbus_driver_api_list_start = .
 *(SORT_BY_NAME(SORT_BY_ALIGNMENT(._smbus_driver_api.static.*)))
                0x000000000800386c                _smbus_driver_api_list_end = .

spi_driver_api_area
                0x000000000800386c        0x0
                0x000000000800386c                _spi_driver_api_list_start = .
 *(SORT_BY_NAME(SORT_BY_ALIGNMENT(._spi_driver_api.static.*)))
                0x000000000800386c                _spi_driver_api_list_end = .

stepper_driver_api_area
                0x000000000800386c        0x0
                0x000000000800386c                _stepper_driver_api_list_start = .
 *(SORT_BY_NAME(SORT_BY_ALIGNMENT(._stepper_driver_api.static.*)))
                0x000000000800386c                _stepper_driver_api_list_end = .

syscon_driver_api_area
                0x000000000800386c        0x0
                0x000000000800386c                _syscon_driver_api_list_start = .
 *(SORT_BY_NAME(SORT_BY_ALIGNMENT(._syscon_driver_api.static.*)))
                0x000000000800386c                _syscon_driver_api_list_end = .

tee_driver_api_area
                0x000000000800386c        0x0
                0x000000000800386c                _tee_driver_api_list_start = .
 *(SORT_BY_NAME(SORT_BY_ALIGNMENT(._tee_driver_api.static.*)))
                0x000000000800386c                _tee_driver_api_list_end = .

video_driver_api_area
                0x000000000800386c        0x0
                0x000000000800386c                _video_driver_api_list_start = .
 *(SORT_BY_NAME(SORT_BY_ALIGNMENT(._video_driver_api.static.*)))
                0x000000000800386c                _video_driver_api_list_end = .

w1_driver_api_area
                0x000000000800386c        0x0
                0x000000000800386c                _w1_driver_api_list_start = .
 *(SORT_BY_NAME(SORT_BY_ALIGNMENT(._w1_driver_api.static.*)))
                0x000000000800386c                _w1_driver_api_list_end = .

wdt_driver_api_area
                0x000000000800386c        0x0
                0x000000000800386c                _wdt_driver_api_list_start = .
 *(SORT_BY_NAME(SORT_BY_ALIGNMENT(._wdt_driver_api.static.*)))
                0x000000000800386c                _wdt_driver_api_list_end = .

can_transceiver_driver_api_area
                0x000000000800386c        0x0
                0x000000000800386c                _can_transceiver_driver_api_list_start = .
 *(SORT_BY_NAME(SORT_BY_ALIGNMENT(._can_transceiver_driver_api.static.*)))
                0x000000000800386c                _can_transceiver_driver_api_list_end = .

nrf_clock_control_driver_api_area
                0x000000000800386c        0x0
                0x000000000800386c                _nrf_clock_control_driver_api_list_start = .
 *(SORT_BY_NAME(SORT_BY_ALIGNMENT(._nrf_clock_control_driver_api.static.*)))
                0x000000000800386c                _nrf_clock_control_driver_api_list_end = .

i3c_target_driver_api_area
                0x000000000800386c        0x0
                0x000000000800386c                _i3c_target_driver_api_list_start = .
 *(SORT_BY_NAME(SORT_BY_ALIGNMENT(._i3c_target_driver_api.static.*)))
                0x000000000800386c                _i3c_target_driver_api_list_end = .

its_driver_api_area
                0x000000000800386c        0x0
                0x000000000800386c                _its_driver_api_list_start = .
 *(SORT_BY_NAME(SORT_BY_ALIGNMENT(._its_driver_api.static.*)))
                0x000000000800386c                _its_driver_api_list_end = .

vtd_driver_api_area
                0x000000000800386c        0x0
                0x000000000800386c                _vtd_driver_api_list_start = .
 *(SORT_BY_NAME(SORT_BY_ALIGNMENT(._vtd_driver_api.static.*)))
                0x000000000800386c                _vtd_driver_api_list_end = .

tgpio_driver_api_area
                0x000000000800386c        0x0
                0x000000000800386c                _tgpio_driver_api_list_start = .
 *(SORT_BY_NAME(SORT_BY_ALIGNMENT(._tgpio_driver_api.static.*)))
                0x000000000800386c                _tgpio_driver_api_list_end = .

pcie_ctrl_driver_api_area
                0x000000000800386c        0x0
                0x000000000800386c                _pcie_ctrl_driver_api_list_start = .
 *(SORT_BY_NAME(SORT_BY_ALIGNMENT(._pcie_ctrl_driver_api.static.*)))
                0x000000000800386c                _pcie_ctrl_driver_api_list_end = .

pcie_ep_driver_api_area
                0x000000000800386c        0x0
                0x000000000800386c                _pcie_ep_driver_api_list_start = .
 *(SORT_BY_NAME(SORT_BY_ALIGNMENT(._pcie_ep_driver_api.static.*)))
                0x000000000800386c                _pcie_ep_driver_api_list_end = .

svc_driver_api_area
                0x000000000800386c        0x0
                0x000000000800386c                _svc_driver_api_list_start = .
 *(SORT_BY_NAME(SORT_BY_ALIGNMENT(._svc_driver_api.static.*)))
                0x000000000800386c                _svc_driver_api_list_end = .

uart_driver_api_area
                0x000000000800386c       0x4c
                0x000000000800386c                _uart_driver_api_list_start = .
 *(SORT_BY_NAME(SORT_BY_ALIGNMENT(._uart_driver_api.static.*)))
 ._uart_driver_api.static.uart_stm32_driver_api_
                0x000000000800386c       0x4c zephyr/drivers/serial/libdrivers__serial.a(uart_stm32.c.obj)
                0x00000000080038b8                _uart_driver_api_list_end = .

bc12_emul_driver_api_area
                0x00000000080038b8        0x0
                0x00000000080038b8                _bc12_emul_driver_api_list_start = .
 *(SORT_BY_NAME(SORT_BY_ALIGNMENT(._bc12_emul_driver_api.static.*)))
                0x00000000080038b8                _bc12_emul_driver_api_list_end = .

bc12_driver_api_area
                0x00000000080038b8        0x0
                0x00000000080038b8                _bc12_driver_api_list_start = .
 *(SORT_BY_NAME(SORT_BY_ALIGNMENT(._bc12_driver_api.static.*)))
                0x00000000080038b8                _bc12_driver_api_list_end = .

usbc_ppc_driver_api_area
                0x00000000080038b8        0x0
                0x00000000080038b8                _usbc_ppc_driver_api_list_start = .
 *(SORT_BY_NAME(SORT_BY_ALIGNMENT(._usbc_ppc_driver_api.static.*)))
                0x00000000080038b8                _usbc_ppc_driver_api_list_end = .

tcpc_driver_api_area
                0x00000000080038b8        0x0
                0x00000000080038b8                _tcpc_driver_api_list_start = .
 *(SORT_BY_NAME(SORT_BY_ALIGNMENT(._tcpc_driver_api.static.*)))
                0x00000000080038b8                _tcpc_driver_api_list_end = .

usbc_vbus_driver_api_area
                0x00000000080038b8        0x0
                0x00000000080038b8                _usbc_vbus_driver_api_list_start = .
 *(SORT_BY_NAME(SORT_BY_ALIGNMENT(._usbc_vbus_driver_api.static.*)))
                0x00000000080038b8                _usbc_vbus_driver_api_list_end = .

ivshmem_driver_api_area
                0x00000000080038b8        0x0
                0x00000000080038b8                _ivshmem_driver_api_list_start = .
 *(SORT_BY_NAME(SORT_BY_ALIGNMENT(._ivshmem_driver_api.static.*)))
                0x00000000080038b8                _ivshmem_driver_api_list_end = .

ethphy_driver_api_area
                0x00000000080038b8        0x0
                0x00000000080038b8                _ethphy_driver_api_list_start = .
 *(SORT_BY_NAME(SORT_BY_ALIGNMENT(._ethphy_driver_api.static.*)))
                0x00000000080038b8                _ethphy_driver_api_list_end = .

ztest           0x00000000080038b8        0x0
                0x00000000080038b8                _ztest_expected_result_entry_list_start = .
 *(SORT_BY_NAME(SORT_BY_ALIGNMENT(._ztest_expected_result_entry.static.*)))
                0x00000000080038b8                _ztest_expected_result_entry_list_end = .
                0x00000000080038b8                _ztest_suite_node_list_start = .
 *(SORT_BY_NAME(SORT_BY_ALIGNMENT(._ztest_suite_node.static.*)))
                0x00000000080038b8                _ztest_suite_node_list_end = .
                0x00000000080038b8                _ztest_unit_test_list_start = .
 *(SORT_BY_NAME(SORT_BY_ALIGNMENT(._ztest_unit_test.static.*)))
                0x00000000080038b8                _ztest_unit_test_list_end = .
                0x00000000080038b8                _ztest_test_rule_list_start = .
 *(SORT_BY_NAME(SORT_BY_ALIGNMENT(._ztest_test_rule.static.*)))
                0x00000000080038b8                _ztest_test_rule_list_end = .

init_array      0x00000000080038b8        0x0
 *(SORT_BY_NAME(SORT_BY_ALIGNMENT(.ctors*)))
 *(SORT_BY_NAME(SORT_BY_ALIGNMENT(.init_array*)))
                0x0000000000000001                ASSERT ((SIZEOF (init_array) == 0x0), GNU-style constructors required but STATIC_INIT_GNU not enabled)

bt_l2cap_fixed_chan_area
                0x00000000080038b8        0x0
                0x00000000080038b8                _bt_l2cap_fixed_chan_list_start = .
 *(SORT_BY_NAME(SORT_BY_ALIGNMENT(._bt_l2cap_fixed_chan.static.*)))
                0x00000000080038b8                _bt_l2cap_fixed_chan_list_end = .

bt_gatt_service_static_area
                0x00000000080038b8        0x0
                0x00000000080038b8                _bt_gatt_service_static_list_start = .
 *(SORT_BY_NAME(SORT_BY_ALIGNMENT(._bt_gatt_service_static.static.*)))
                0x00000000080038b8                _bt_gatt_service_static_list_end = .

log_strings_area
                0x00000000080038b8        0x0
                0x00000000080038b8                _log_strings_list_start = .
 *(SORT_BY_NAME(SORT_BY_ALIGNMENT(._log_strings.static.*)))
                0x00000000080038b8                _log_strings_list_end = .

log_stmesp_ptr_area
                0x00000000080038b8        0x0
                0x00000000080038b8                _log_stmesp_ptr_list_start = .
 *(SORT_BY_NAME(SORT_BY_ALIGNMENT(._log_stmesp_ptr.static.*)))
                0x00000000080038b8                _log_stmesp_ptr_list_end = .

log_stmesp_str_area
                0x00000000080038b8        0x0
                0x00000000080038b8                _log_stmesp_str_list_start = .
 *(SORT_BY_NAME(SORT_BY_ALIGNMENT(._log_stmesp_str.static.*)))
                0x00000000080038b8                _log_stmesp_str_list_end = .

log_const_area  0x00000000080038b8        0x0
                0x00000000080038b8                _log_const_list_start = .
 *(SORT_BY_NAME(SORT_BY_ALIGNMENT(._log_const.static.*)))
                0x00000000080038b8                _log_const_list_end = .

log_backend_area
                0x00000000080038b8        0x0
                0x00000000080038b8                _log_backend_list_start = .
 *(SORT_BY_NAME(SORT_BY_ALIGNMENT(._log_backend.static.*)))
                0x00000000080038b8                _log_backend_list_end = .

log_link_area   0x00000000080038b8        0x0
                0x00000000080038b8                _log_link_list_start = .
 *(SORT_BY_NAME(SORT_BY_ALIGNMENT(._log_link.static.*)))
                0x00000000080038b8                _log_link_list_end = .

tracing_backend_area
                0x00000000080038b8        0x0
                0x00000000080038b8                _tracing_backend_list_start = .
 *(SORT_BY_NAME(SORT_BY_ALIGNMENT(._tracing_backend.static.*)))
                0x00000000080038b8                _tracing_backend_list_end = .

zephyr_dbg_info
 *(SORT_BY_ALIGNMENT(.dbg_thread_info))

intc_table_area
                0x00000000080038b8        0x0
                0x00000000080038b8                _intc_table_list_start = .
 *(SORT_BY_NAME(SORT_BY_ALIGNMENT(._intc_table.static.*)))
                0x00000000080038b8                _intc_table_list_end = .

symbol_to_keep  0x00000000080038b8        0x0
                0x00000000080038b8                __symbol_to_keep_start = .
 *(SORT_BY_NAME(SORT_BY_ALIGNMENT(.symbol_to_keep*)))
                0x00000000080038b8                __symbol_to_keep_end = .

shell_area      0x00000000080038b8        0x0
                0x00000000080038b8                _shell_list_start = .
 *(SORT_BY_NAME(SORT_BY_ALIGNMENT(._shell.static.*)))
                0x00000000080038b8                _shell_list_end = .

shell_root_cmds_area
                0x00000000080038b8        0x0
                0x00000000080038b8                _shell_root_cmds_list_start = .
 *(SORT_BY_NAME(SORT_BY_ALIGNMENT(._shell_root_cmds.static.*)))
                0x00000000080038b8                _shell_root_cmds_list_end = .

shell_subcmds_area
                0x00000000080038b8        0x0
                0x00000000080038b8                _shell_subcmds_list_start = .
 *(SORT_BY_NAME(SORT_BY_ALIGNMENT(._shell_subcmds.static.*)))
                0x00000000080038b8                _shell_subcmds_list_end = .

shell_dynamic_subcmds_area
                0x00000000080038b8        0x0
                0x00000000080038b8                _shell_dynamic_subcmds_list_start = .
 *(SORT_BY_NAME(SORT_BY_ALIGNMENT(._shell_dynamic_subcmds.static.*)))
                0x00000000080038b8                _shell_dynamic_subcmds_list_end = .

cfb_font_area   0x00000000080038b8        0x0
                0x00000000080038b8                _cfb_font_list_start = .
 *(SORT_BY_NAME(SORT_BY_ALIGNMENT(._cfb_font.static.*)))
                0x00000000080038b8                _cfb_font_list_end = .

tdata           0x00000000080038b8        0x0
 *(SORT_BY_ALIGNMENT(.tdata) SORT_BY_ALIGNMENT(.tdata.*) SORT_BY_ALIGNMENT(.gnu.linkonce.td.*))

tbss            0x00000000080038b8        0x4
 *(SORT_BY_ALIGNMENT(.tbss) SORT_BY_ALIGNMENT(.tbss.*) SORT_BY_ALIGNMENT(.gnu.linkonce.tb.*) SORT_BY_ALIGNMENT(.tcommon))
 .tbss.z_tls_current
                0x00000000080038b8        0x4 zephyr/libzephyr.a(thread_entry.c.obj)
                0x00000000080038b8                z_tls_current
                0x00000000080038b8                PROVIDE (__tdata_start = LOADADDR (tdata))
                0x0000000000000001                PROVIDE (__tdata_align = ALIGNOF (tdata))
                0x0000000000000000                PROVIDE (__tdata_size = (((SIZEOF (tdata) + __tdata_align) - 0x1) & ~ ((__tdata_align - 0x1))))
                [!provide]                        PROVIDE (__tdata_end = (__tdata_start + __tdata_size))
                0x0000000000000004                PROVIDE (__tbss_align = ALIGNOF (tbss))
                [!provide]                        PROVIDE (__tbss_start = ADDR (tbss))
                0x0000000000000004                PROVIDE (__tbss_size = (((SIZEOF (tbss) + __tbss_align) - 0x1) & ~ ((__tbss_align - 0x1))))
                [!provide]                        PROVIDE (__tbss_end = (__tbss_start + __tbss_size))
                [!provide]                        PROVIDE (__tls_start = __tdata_start)
                [!provide]                        PROVIDE (__tls_end = __tbss_end)
                [!provide]                        PROVIDE (__tls_size = (__tbss_end - __tdata_start))

rodata          0x00000000080038b8      0x27c
 *(SORT_BY_ALIGNMENT(.rodata))
 *(SORT_BY_ALIGNMENT(.rodata.*))
 .rodata.gpio_stm32_cfg_b
                0x00000000080038b8       0x14 zephyr/drivers/gpio/libdrivers__gpio.a(gpio_stm32.c.obj)
 .rodata.gpio_stm32_cfg_a
                0x00000000080038cc       0x14 zephyr/drivers/gpio/libdrivers__gpio.a(gpio_stm32.c.obj)
 .rodata.gpio_ports
                0x00000000080038e0       0x40 zephyr/drivers/pinctrl/libdrivers__pinctrl.a(pinctrl_stm32.c.obj)
 .rodata.pwm_stm32_config_0
                0x0000000008003920       0x18 zephyr/drivers/pwm/libdrivers__pwm.a(pwm_stm32.c.obj)
 .rodata.__pinctrl_dev_config__device_dts_ord_28
                0x0000000008003938        0x8 zephyr/drivers/pwm/libdrivers__pwm.a(pwm_stm32.c.obj)
 .rodata.__pinctrl_states__device_dts_ord_28
                0x0000000008003940        0x8 zephyr/drivers/pwm/libdrivers__pwm.a(pwm_stm32.c.obj)
 .rodata.__pinctrl_state_pins_0__device_dts_ord_28
                0x0000000008003948        0x8 zephyr/drivers/pwm/libdrivers__pwm.a(pwm_stm32.c.obj)
 .rodata.set_timer_compare
                0x0000000008003950       0x10 zephyr/drivers/pwm/libdrivers__pwm.a(pwm_stm32.c.obj)
 .rodata.ch2ll_n
                0x0000000008003960        0xc zephyr/drivers/pwm/libdrivers__pwm.a(pwm_stm32.c.obj)
 .rodata.ch2ll  0x000000000800396c       0x10 zephyr/drivers/pwm/libdrivers__pwm.a(pwm_stm32.c.obj)
 .rodata.reset_stm32_config
                0x000000000800397c        0x4 zephyr/drivers/reset/libdrivers__reset.a(reset_stm32.c.obj)
 .rodata.uart_stm32_cfg_0
                0x0000000008003980       0x28 zephyr/drivers/serial/libdrivers__serial.a(uart_stm32.c.obj)
 .rodata.pclken_0
                0x00000000080039a8        0x8 zephyr/drivers/serial/libdrivers__serial.a(uart_stm32.c.obj)
 .rodata.__pinctrl_dev_config__device_dts_ord_36
                0x00000000080039b0        0x8 zephyr/drivers/serial/libdrivers__serial.a(uart_stm32.c.obj)
 .rodata.__pinctrl_states__device_dts_ord_36
                0x00000000080039b8        0x8 zephyr/drivers/serial/libdrivers__serial.a(uart_stm32.c.obj)
 .rodata.__pinctrl_state_pins_0__device_dts_ord_36
                0x00000000080039c0       0x10 zephyr/drivers/serial/libdrivers__serial.a(uart_stm32.c.obj)
 .rodata.levels.0
                0x00000000080039d0       0x18 zephyr/kernel/libkernel.a(init.c.obj)
 .rodata.main.str1.1
                0x00000000080039e8       0x45 app/libapp.a(main.c.obj)
 .rodata.line_range_2.0
                0x0000000008003a2d        0x2 zephyr/drivers/interrupt_controller/libdrivers__interrupt_controller.a(intc_exti_stm32.c.obj)
 .rodata.line_range_1.1
                0x0000000008003a2f        0x2 zephyr/drivers/interrupt_controller/libdrivers__interrupt_controller.a(intc_exti_stm32.c.obj)
 .rodata.line_range_0.2
                0x0000000008003a31        0x2 zephyr/drivers/interrupt_controller/libdrivers__interrupt_controller.a(intc_exti_stm32.c.obj)
 .rodata.str1.1
                0x0000000008003a33       0x1e zephyr/drivers/interrupt_controller/libdrivers__interrupt_controller.a(intc_exti_stm32.c.obj)
 .rodata.str1.1
                0x0000000008003a51        0xd zephyr/drivers/clock_control/libdrivers__clock_control.a(clock_stm32_ll_common.c.obj)
 .rodata.str1.1
                0x0000000008003a5e       0x1c zephyr/drivers/gpio/libdrivers__gpio.a(gpio_stm32.c.obj)
 .rodata.str1.1
                0x0000000008003a7a        0x4 zephyr/drivers/pwm/libdrivers__pwm.a(pwm_stm32.c.obj)
 .rodata.SHIFT_TAB_CCxP
                0x0000000008003a7e        0x7 zephyr/drivers/pwm/libdrivers__pwm.a(pwm_stm32.c.obj)
 .rodata.SHIFT_TAB_OCxx
                0x0000000008003a85        0x7 zephyr/drivers/pwm/libdrivers__pwm.a(pwm_stm32.c.obj)
 .rodata.OFFSET_TAB_CCMRx
                0x0000000008003a8c        0x7 zephyr/drivers/pwm/libdrivers__pwm.a(pwm_stm32.c.obj)
 .rodata.str1.1
                0x0000000008003a93       0x11 zephyr/drivers/reset/libdrivers__reset.a(reset_stm32.c.obj)
 .rodata.str1.1
                0x0000000008003aa4       0x10 zephyr/drivers/serial/libdrivers__serial.a(uart_stm32.c.obj)
 .rodata.AHBPrescTable
                0x0000000008003ab4       0x10 modules/hal_stm32/stm32cube/lib..__modules__hal__stm32__stm32cube.a(system_stm32f0xx.c.obj)
                0x0000000008003ab4                AHBPrescTable
 .rodata.aPredivFactorTable.0
                0x0000000008003ac4       0x10 modules/hal_stm32/stm32cube/lib..__modules__hal__stm32__stm32cube.a(stm32f0xx_hal_rcc.c.obj)
 .rodata.aPLLMULFactorTable.1
                0x0000000008003ad4       0x10 modules/hal_stm32/stm32cube/lib..__modules__hal__stm32__stm32cube.a(stm32f0xx_hal_rcc.c.obj)
 .rodata.z_cstart.str1.1
                0x0000000008003ae4        0x5 zephyr/kernel/libkernel.a(init.c.obj)
 .rodata.boot_banner.str1.1
                0x0000000008003ae9       0x3b zephyr/kernel/libkernel.a(banner.c.obj)
 .rodata.__l_vfprintf.str1.1
                0x0000000008003b24        0xf /home/elias/zephyr-sdk-0.17.0/arm-zephyr-eabi/bin/../lib/gcc/../../picolibc/arm-zephyr-eabi/lib/thumb/v6-m/nofp/libc.a(libc_tinystdio_vflprintf.c.o)
 *(SORT_BY_ALIGNMENT(.gnu.linkonce.r.*))
                0x0000000008003b34                . = ALIGN (0x4)
 *fill*         0x0000000008003b33        0x1 
                0x0000000008003b34                __rodata_region_end = .
                0x0000000008003b34                . = ALIGN (_region_min_align)
                0x0000000008003b34                __rom_region_end = ((__rom_region_start + .) - ADDR (rom_start))

/DISCARD/
 *(SORT_BY_ALIGNMENT(.got.plt))
 *(SORT_BY_ALIGNMENT(.igot.plt))
 *(SORT_BY_ALIGNMENT(.got))
 *(SORT_BY_ALIGNMENT(.igot))
                0x0000000020000000                . = 0x20000000
                0x0000000020000000                . = ALIGN (_region_min_align)
                0x0000000020000000                _image_ram_start = .

.ramfunc        0x0000000020000000        0x0 load address 0x0000000008003b34
                0x0000000020000000                __ramfunc_region_start = .
                0x0000000020000000                . = ALIGN (_region_min_align)
                0x0000000020000000                __ramfunc_start = .
 *(SORT_BY_ALIGNMENT(.ramfunc))
 *(SORT_BY_ALIGNMENT(.ramfunc.*))
                0x0000000020000000                . = ALIGN (_region_min_align)
                0x0000000020000000                __ramfunc_end = .
                0x0000000000000000                __ramfunc_size = (__ramfunc_end - __ramfunc_start)
                0x0000000008003b34                __ramfunc_load_start = LOADADDR (.ramfunc)

datas           0x0000000020000000       0x58 load address 0x0000000008003b34
                0x0000000020000000                __data_region_start = .
                0x0000000020000000                __data_start = .
 *(SORT_BY_ALIGNMENT(.data))
 *(SORT_BY_ALIGNMENT(.data.*))
 .data._char_out
                0x0000000020000000        0x4 zephyr/libzephyr.a(printk.c.obj)
 .data.handler  0x0000000020000004        0x4 zephyr/arch/arch/arm/core/libarch__arm__core.a(nmi.c.obj)
 .data.__stdout
                0x0000000020000008       0x10 zephyr/lib/libc/picolibc/liblib__libc__picolibc.a(stdio.c.obj)
 .data.pwm_stm32_data_0
                0x0000000020000018        0xc zephyr/drivers/pwm/libdrivers__pwm.a(pwm_stm32.c.obj)
 .data.uart_stm32_data_0
                0x0000000020000024       0x10 zephyr/drivers/serial/libdrivers__serial.a(uart_stm32.c.obj)
 .data.uart_cfg_0
                0x0000000020000034        0x8 zephyr/drivers/serial/libdrivers__serial.a(uart_stm32.c.obj)
 .data.SystemCoreClock
                0x000000002000003c        0x4 modules/hal_stm32/stm32cube/lib..__modules__hal__stm32__stm32cube.a(system_stm32f0xx.c.obj)
                0x000000002000003c                SystemCoreClock
 .data.timeout_list
                0x0000000020000040        0x8 zephyr/kernel/libkernel.a(timeout.c.obj)
 .data.exti_irq_table
                0x0000000020000048       0x10 zephyr/drivers/interrupt_controller/libdrivers__interrupt_controller.a(intc_exti_stm32.c.obj)
 *(SORT_BY_ALIGNMENT(.kernel.*))
                0x0000000020000058                __data_end = .
                0x0000000000000058                __data_size = (__data_end - __data_start)
                0x0000000008003b34                __data_load_start = LOADADDR (datas)
                0x0000000008003b34                __data_region_load_start = LOADADDR (datas)

device_states   0x0000000020000058        0xe load address 0x0000000008003b8c
                0x0000000020000058                __device_states_start = .
 *(SORT_BY_ALIGNMENT(.z_devstate))
 .z_devstate    0x0000000020000058        0x2 zephyr/drivers/interrupt_controller/libdrivers__interrupt_controller.a(intc_exti_stm32.c.obj)
 .z_devstate    0x000000002000005a        0x2 zephyr/drivers/clock_control/libdrivers__clock_control.a(clock_stm32_ll_common.c.obj)
 .z_devstate    0x000000002000005c        0x4 zephyr/drivers/gpio/libdrivers__gpio.a(gpio_stm32.c.obj)
 .z_devstate    0x0000000020000060        0x2 zephyr/drivers/pwm/libdrivers__pwm.a(pwm_stm32.c.obj)
 .z_devstate    0x0000000020000062        0x2 zephyr/drivers/reset/libdrivers__reset.a(reset_stm32.c.obj)
 .z_devstate    0x0000000020000064        0x2 zephyr/drivers/serial/libdrivers__serial.a(uart_stm32.c.obj)
 *(SORT_BY_ALIGNMENT(.z_devstate.*))
                0x0000000020000066                __device_states_end = .

log_mpsc_pbuf_area
                0x0000000020000066        0x0 load address 0x0000000008003b9a
                0x0000000020000066                _log_mpsc_pbuf_list_start = .
 *(SORT_BY_NAME(SORT_BY_ALIGNMENT(._log_mpsc_pbuf.static.*)))
                0x0000000020000066                _log_mpsc_pbuf_list_end = .

log_msg_ptr_area
                0x0000000020000066        0x0 load address 0x0000000008003b9a
                0x0000000020000066                _log_msg_ptr_list_start = .
 *(SORT_BY_NAME(SORT_BY_ALIGNMENT(._log_msg_ptr.static.*)))
                0x0000000020000066                _log_msg_ptr_list_end = .

log_dynamic_area
                0x0000000020000066        0x0 load address 0x0000000008003b9a
                0x0000000020000066                _log_dynamic_list_start = .
 *(SORT_BY_NAME(SORT_BY_ALIGNMENT(._log_dynamic.static.*)))
                0x0000000020000066                _log_dynamic_list_end = .

k_timer_area    0x0000000020000066        0x0 load address 0x0000000008003b9a
                0x0000000020000066                _k_timer_list_start = .
 *(SORT_BY_NAME(SORT_BY_ALIGNMENT(._k_timer.static.*)))
                0x0000000020000066                _k_timer_list_end = .

k_mem_slab_area
                0x0000000020000066        0x0 load address 0x0000000008003b9a
                0x0000000020000066                _k_mem_slab_list_start = .
 *(SORT_BY_NAME(SORT_BY_ALIGNMENT(._k_mem_slab.static.*)))
                0x0000000020000066                _k_mem_slab_list_end = .

k_heap_area     0x0000000020000066        0x0 load address 0x0000000008003b9a
                0x0000000020000066                _k_heap_list_start = .
 *(SORT_BY_NAME(SORT_BY_ALIGNMENT(._k_heap.static.*)))
                0x0000000020000066                _k_heap_list_end = .

k_mutex_area    0x0000000020000066        0x0 load address 0x0000000008003b9a
                0x0000000020000066                _k_mutex_list_start = .
 *(SORT_BY_NAME(SORT_BY_ALIGNMENT(._k_mutex.static.*)))
                0x0000000020000066                _k_mutex_list_end = .

k_stack_area    0x0000000020000066        0x0 load address 0x0000000008003b9a
                0x0000000020000066                _k_stack_list_start = .
 *(SORT_BY_NAME(SORT_BY_ALIGNMENT(._k_stack.static.*)))
                0x0000000020000066                _k_stack_list_end = .

k_msgq_area     0x0000000020000066        0x0 load address 0x0000000008003b9a
                0x0000000020000066                _k_msgq_list_start = .
 *(SORT_BY_NAME(SORT_BY_ALIGNMENT(._k_msgq.static.*)))
                0x0000000020000066                _k_msgq_list_end = .

k_mbox_area     0x0000000020000066        0x0 load address 0x0000000008003b9a
                0x0000000020000066                _k_mbox_list_start = .
 *(SORT_BY_NAME(SORT_BY_ALIGNMENT(._k_mbox.static.*)))
                0x0000000020000066                _k_mbox_list_end = .

k_pipe_area     0x0000000020000066        0x0 load address 0x0000000008003b9a
                0x0000000020000066                _k_pipe_list_start = .
 *(SORT_BY_NAME(SORT_BY_ALIGNMENT(._k_pipe.static.*)))
                0x0000000020000066                _k_pipe_list_end = .

k_sem_area      0x0000000020000066        0x0 load address 0x0000000008003b9a
                0x0000000020000066                _k_sem_list_start = .
 *(SORT_BY_NAME(SORT_BY_ALIGNMENT(._k_sem.static.*)))
                0x0000000020000066                _k_sem_list_end = .

k_event_area    0x0000000020000066        0x0 load address 0x0000000008003b9a
                0x0000000020000066                _k_event_list_start = .
 *(SORT_BY_NAME(SORT_BY_ALIGNMENT(._k_event.static.*)))
                0x0000000020000066                _k_event_list_end = .

k_queue_area    0x0000000020000066        0x0 load address 0x0000000008003b9a
                0x0000000020000066                _k_queue_list_start = .
 *(SORT_BY_NAME(SORT_BY_ALIGNMENT(._k_queue.static.*)))
                0x0000000020000066                _k_queue_list_end = .

k_fifo_area     0x0000000020000066        0x0 load address 0x0000000008003b9a
                0x0000000020000066                _k_fifo_list_start = .
 *(SORT_BY_NAME(SORT_BY_ALIGNMENT(._k_fifo.static.*)))
                0x0000000020000066                _k_fifo_list_end = .

k_lifo_area     0x0000000020000066        0x0 load address 0x0000000008003b9a
                0x0000000020000066                _k_lifo_list_start = .
 *(SORT_BY_NAME(SORT_BY_ALIGNMENT(._k_lifo.static.*)))
                0x0000000020000066                _k_lifo_list_end = .

k_condvar_area  0x0000000020000066        0x0 load address 0x0000000008003b9a
                0x0000000020000066                _k_condvar_list_start = .
 *(SORT_BY_NAME(SORT_BY_ALIGNMENT(._k_condvar.static.*)))
                0x0000000020000066                _k_condvar_list_end = .

sys_mem_blocks_ptr_area
                0x0000000020000066        0x0 load address 0x0000000008003b9a
                0x0000000020000066                _sys_mem_blocks_ptr_list_start = .
 *(SORT_BY_NAME(SORT_BY_ALIGNMENT(._sys_mem_blocks_ptr.static.*)))
                0x0000000020000066                _sys_mem_blocks_ptr_list_end = .

net_buf_pool_area
                0x0000000020000066        0x0 load address 0x0000000008003b9a
                0x0000000020000066                _net_buf_pool_list_start = .
 *(SORT_BY_NAME(SORT_BY_ALIGNMENT(._net_buf_pool.static.*)))
                0x0000000020000066                _net_buf_pool_list_end = .
                0x0000000020000066                __data_region_end = .

/DISCARD/
 *(SORT_BY_ALIGNMENT(.irq_info*))
 *(SORT_BY_ALIGNMENT(.intList*))

.stab