Archive member included to satisfy reference by file (symbol)

app/libapp.a(main.c.obj)      (--whole-archive)
zephyr/libzephyr.a(heap.c.obj)
                              (--whole-archive)
zephyr/libzephyr.a(cbprintf_packaged.c.obj)
                              (--whole-archive)
zephyr/libzephyr.a(printk.c.obj)
                              (--whole-archive)
zephyr/libzephyr.a(sem.c.obj)
                              (--whole-archive)
zephyr/libzephyr.a(thread_entry.c.obj)
                              (--whole-archive)
zephyr/libzephyr.a(cbprintf_complete.c.obj)
                              (--whole-archive)
zephyr/libzephyr.a(assert.c.obj)
                              (--whole-archive)
zephyr/libzephyr.a(reboot.c.obj)
                              (--whole-archive)
zephyr/libzephyr.a(dec.c.obj)
                              (--whole-archive)
zephyr/libzephyr.a(hex.c.obj)
                              (--whole-archive)
zephyr/libzephyr.a(rb.c.obj)  (--whole-archive)
zephyr/libzephyr.a(timeutil.c.obj)
                              (--whole-archive)
zephyr/libzephyr.a(bitarray.c.obj)
                              (--whole-archive)
zephyr/libzephyr.a(configs.c.obj)
                              (--whole-archive)
zephyr/libzephyr.a(stm32cube_hal.c.obj)
                              (--whole-archive)
zephyr/libzephyr.a(soc_config.c.obj)
                              (--whole-archive)
zephyr/libzephyr.a(soc.c.obj)
                              (--whole-archive)
zephyr/libzephyr.a(tracing_none.c.obj)
                              (--whole-archive)
zephyr/arch/common/libarch__common.a(sw_isr_common.c.obj)
                              (--whole-archive)
zephyr/arch/arch/arm/core/libarch__arm__core.a(fatal.c.obj)
                              (--whole-archive)
zephyr/arch/arch/arm/core/libarch__arm__core.a(nmi.c.obj)
                              (--whole-archive)
zephyr/arch/arch/arm/core/libarch__arm__core.a(nmi_on_reset.S.obj)
                              (--whole-archive)
zephyr/arch/arch/arm/core/libarch__arm__core.a(tls.c.obj)
                              (--whole-archive)
zephyr/arch/arch/arm/core/cortex_m/libarch__arm__core__cortex_m.a(exc_exit.c.obj)
                              (--whole-archive)
zephyr/arch/arch/arm/core/cortex_m/libarch__arm__core__cortex_m.a(fault.c.obj)
                              (--whole-archive)
zephyr/arch/arch/arm/core/cortex_m/libarch__arm__core__cortex_m.a(fault_s.S.obj)
                              (--whole-archive)
zephyr/arch/arch/arm/core/cortex_m/libarch__arm__core__cortex_m.a(fpu.c.obj)
                              (--whole-archive)
zephyr/arch/arch/arm/core/cortex_m/libarch__arm__core__cortex_m.a(reset.S.obj)
                              (--whole-archive)
zephyr/arch/arch/arm/core/cortex_m/libarch__arm__core__cortex_m.a(scb.c.obj)
                              (--whole-archive)
zephyr/arch/arch/arm/core/cortex_m/libarch__arm__core__cortex_m.a(thread_abort.c.obj)
                              (--whole-archive)
zephyr/arch/arch/arm/core/cortex_m/libarch__arm__core__cortex_m.a(vector_table.S.obj)
                              (--whole-archive)
zephyr/arch/arch/arm/core/cortex_m/libarch__arm__core__cortex_m.a(swap_helper.S.obj)
                              (--whole-archive)
zephyr/arch/arch/arm/core/cortex_m/libarch__arm__core__cortex_m.a(irq_manage.c.obj)
                              (--whole-archive)
zephyr/arch/arch/arm/core/cortex_m/libarch__arm__core__cortex_m.a(prep_c.c.obj)
                              (--whole-archive)
zephyr/arch/arch/arm/core/cortex_m/libarch__arm__core__cortex_m.a(thread.c.obj)
                              (--whole-archive)
zephyr/arch/arch/arm/core/cortex_m/libarch__arm__core__cortex_m.a(cpu_idle.c.obj)
                              (--whole-archive)
zephyr/arch/arch/arm/core/cortex_m/libarch__arm__core__cortex_m.a(irq_init.c.obj)
                              (--whole-archive)
zephyr/arch/arch/arm/core/cortex_m/libarch__arm__core__cortex_m.a(isr_wrapper.c.obj)
                              (--whole-archive)
zephyr/arch/arch/arm/core/cortex_m/libarch__arm__core__cortex_m.a(__aeabi_read_tp.S.obj)
                              (--whole-archive)
zephyr/lib/libc/picolibc/liblib__libc__picolibc.a(assert.c.obj)
                              (--whole-archive)
zephyr/lib/libc/picolibc/liblib__libc__picolibc.a(cbprintf.c.obj)
                              (--whole-archive)
zephyr/lib/libc/picolibc/liblib__libc__picolibc.a(chk_fail.c.obj)
                              (--whole-archive)
zephyr/lib/libc/picolibc/liblib__libc__picolibc.a(errno_wrap.c.obj)
                              (--whole-archive)
zephyr/lib/libc/picolibc/liblib__libc__picolibc.a(exit.c.obj)
                              (--whole-archive)
zephyr/lib/libc/picolibc/liblib__libc__picolibc.a(locks.c.obj)
                              (--whole-archive)
zephyr/lib/libc/picolibc/liblib__libc__picolibc.a(stdio.c.obj)
                              (--whole-archive)
[...]
Memory Configuration

Name             Origin             Length             Attributes
FLASH            0x0000000008000000 0x0000000000004000 xr
RAM              0x0000000020000000 0x0000000000001000 xw
IDT_LIST         0x00000000ffff7fff 0x0000000000008000 xw
*default*        0x0000000000000000 0xffffffffffffffff

Linker script and memory map

                0x0000000008002070                vfprintf = __l_vfprintf
                0x0000000000000000                vfscanf = __l_vfscanf
LOAD zephyr/CMakeFiles/zephyr_final.dir/misc/empty_file.c.obj
LOAD zephyr/CMakeFiles/zephyr_final.dir/isr_tables.c.obj
LOAD zephyr/CMakeFiles/offsets.dir/./arch/arm/core/offsets/offsets.c.obj
LOAD app/libapp.a
LOAD zephyr/libzephyr.a
LOAD zephyr/arch/common/libarch__common.a
LOAD zephyr/arch/arch/arm/core/libarch__arm__core.a
LOAD zephyr/arch/arch/arm/core/cortex_m/libarch__arm__core__cortex_m.a
LOAD zephyr/lib/libc/picolibc/liblib__libc__picolibc.a
LOAD zephyr/lib/libc/common/liblib__libc__common.a
LOAD zephyr/drivers/interrupt_controller/libdrivers__interrupt_controller.a
LOAD zephyr/drivers/clock_control/libdrivers__clock_control.a
LOAD zephyr/drivers/console/libdrivers__console.a
LOAD zephyr/drivers/gpio/libdrivers__gpio.a
LOAD zephyr/drivers/pinctrl/libdrivers__pinctrl.a
LOAD zephyr/drivers/reset/libdrivers__reset.a
LOAD zephyr/drivers/serial/libdrivers__serial.a
LOAD zephyr/drivers/timer/libdrivers__timer.a
LOAD modules/hal_stm32/stm32cube/lib..__modules__hal__stm32__stm32cube.a
LOAD zephyr/kernel/libkernel.a
LOAD zephyr/arch/common/libisr_tables.a
LOAD /home/elias/zephyr-sdk-0.17.0/arm-zephyr-eabi/bin/../lib/gcc/../../picolibc/arm-zephyr-eabi/lib/thumb/v6-m/nofp/libc.a
LOAD /home/elias/zephyr-sdk-0.17.0/arm-zephyr-eabi/bin/../lib/gcc/arm-zephyr-eabi/12.2.0/thumb/v6-m/nofp/libgcc.a
                0x0000000000000004                _region_min_align = 0x4

.rel.plt        0x0000000008000000        0x0
 *(SORT_BY_ALIGNMENT(.rel.plt))
                [!provide]                        PROVIDE (__rel_iplt_start = .)
 *(SORT_BY_ALIGNMENT(.rel.iplt))
 .rel.iplt      0x0000000008000000        0x0 zephyr/CMakeFiles/zephyr_final.dir/isr_tables.c.obj
                [!provide]                        PROVIDE (__rel_iplt_end = .)

.rela.plt       0x0000000000000000        0x0
 *(SORT_BY_ALIGNMENT(.rela.plt))
                [!provide]                        PROVIDE (__rela_iplt_start = .)
 *(SORT_BY_ALIGNMENT(.rela.iplt))
                [!provide]                        PROVIDE (__rela_iplt_end = .)

.rel.dyn
 *(SORT_BY_ALIGNMENT(.rel.*))

.rela.dyn
 *(SORT_BY_ALIGNMENT(.rela.*))

/DISCARD/
 *(SORT_BY_ALIGNMENT(.plt))

/DISCARD/
 *(SORT_BY_ALIGNMENT(.iplt))
                0x0000000008000000                __rom_region_start = 0x8000000

rom_start       0x0000000008000000       0xb0
                0x0000000008000000                __rom_start_address = .
 FILL mask 0x00
                0x0000000008000000                . = (. + (0x0 - (. - __rom_start_address)))
                0x0000000008000000                . = ALIGN (0x4)
                0x0000000008000000                _vector_start = .
 *(SORT_BY_ALIGNMENT(.exc_vector_table))
 *(SORT_BY_ALIGNMENT(.exc_vector_table.*))
 .exc_vector_table._vector_table_section
                0x0000000008000000       0x40 zephyr/arch/arch/arm/core/cortex_m/libarch__arm__core__cortex_m.a(vector_table.S.obj)
                0x0000000008000000                _vector_table
 *(SORT_BY_ALIGNMENT(.vectors))
                0x00000000080000b0                _vector_end = .
                0x0000000008000040                . = ALIGN (0x4)
 *(SORT_BY_ALIGNMENT(.gnu.linkonce.irq_vector_table*))
 .gnu.linkonce.irq_vector_table
                0x0000000008000040       0x70 zephyr/CMakeFiles/zephyr_final.dir/isr_tables.c.obj
                0x0000000008000040                _irq_vector_table
                0x00000000080000b0                _vector_end = .

text            0x00000000080000b0     0x2eb4
                0x00000000080000b0                __text_region_start = .
 *(SORT_BY_ALIGNMENT(.text))
 .text          0x00000000080000b0       0x14 /home/elias/zephyr-sdk-0.17.0/arm-zephyr-eabi/bin/../lib/gcc/arm-zephyr-eabi/12.2.0/thumb/v6-m/nofp/libgcc.a(_thumb1_case_uqi.o)
                0x00000000080000b0                __gnu_thumb1_case_uqi
 .text          0x00000000080000c4       0x8c /home/elias/zephyr-sdk-0.17.0/arm-zephyr-eabi/bin/../lib/gcc/arm-zephyr-eabi/12.2.0/thumb/v6-m/nofp/libgcc.a(_udivsi3.o)
                0x00000000080000c4                __udivsi3
                0x00000000080000c4                __aeabi_uidiv
                0x000000000800013c                __aeabi_uidivmod
 .text          0x0000000008000150        0x4 /home/elias/zephyr-sdk-0.17.0/arm-zephyr-eabi/bin/../lib/gcc/arm-zephyr-eabi/12.2.0/thumb/v6-m/nofp/libgcc.a(_dvmd_tls.o)
                0x0000000008000150                __aeabi_ldiv0
                0x0000000008000150                __aeabi_idiv0
 .text          0x0000000008000154       0x3c /home/elias/zephyr-sdk-0.17.0/arm-zephyr-eabi/bin/../lib/gcc/arm-zephyr-eabi/12.2.0/thumb/v6-m/nofp/libgcc.a(_clzsi2.o)
                0x0000000008000154                __clzsi2
 .text          0x0000000008000190       0x40 /home/elias/zephyr-sdk-0.17.0/arm-zephyr-eabi/bin/../lib/gcc/arm-zephyr-eabi/12.2.0/thumb/v6-m/nofp/libgcc.a(_aeabi_uldivmod.o)
                0x0000000008000190                __aeabi_uldivmod
 .text          0x00000000080001d0       0x18 /home/elias/zephyr-sdk-0.17.0/arm-zephyr-eabi/bin/../lib/gcc/arm-zephyr-eabi/12.2.0/thumb/v6-m/nofp/libgcc.a(_lshrdi3.o)
                0x00000000080001d0                __aeabi_llsr
                0x00000000080001d0                __lshrdi3
 .text          0x00000000080001e8       0x18 /home/elias/zephyr-sdk-0.17.0/arm-zephyr-eabi/bin/../lib/gcc/arm-zephyr-eabi/12.2.0/thumb/v6-m/nofp/libgcc.a(_ashldi3.o)
                0x00000000080001e8                __ashldi3
                0x00000000080001e8                __aeabi_llsl
 .text          0x0000000008000200       0x18 /home/elias/zephyr-sdk-0.17.0/arm-zephyr-eabi/bin/../lib/gcc/arm-zephyr-eabi/12.2.0/thumb/v6-m/nofp/libgcc.a(_clzdi2.o)
                0x0000000008000200                __clzdi2
 .text          0x0000000008000218       0xde /home/elias/zephyr-sdk-0.17.0/arm-zephyr-eabi/bin/../lib/gcc/arm-zephyr-eabi/12.2.0/thumb/v6-m/nofp/libgcc.a(_udivmoddi4.o)
                0x0000000008000218                __udivmoddi4
 *(SORT_BY_ALIGNMENT(.text.*))
 *fill*         0x00000000080002f6        0x2 
 .text.main     0x00000000080002f8       0x54 app/libapp.a(main.c.obj)
                0x00000000080002f8                main
 .text.char_out
                0x000000000800034c       0x10 zephyr/libzephyr.a(printk.c.obj)
 .text.__printk_hook_install
                0x000000000800035c        0xc zephyr/libzephyr.a(printk.c.obj)
                0x000000000800035c                __printk_hook_install
 .text.vprintk  0x0000000008000368       0x30 zephyr/libzephyr.a(printk.c.obj)
                0x0000000008000368                vprintk
 .text.z_thread_entry
                0x0000000008000398       0x30 zephyr/libzephyr.a(thread_entry.c.obj)
                0x0000000008000398                z_thread_entry
 .text.st_stm32_common_config
                0x00000000080003c8       0x3c zephyr/libzephyr.a(soc_config.c.obj)
 .text.soc_early_init_hook
                0x0000000008000404       0x20 zephyr/libzephyr.a(soc.c.obj)
                0x0000000008000404                soc_early_init_hook
 .text.z_arm_nmi
                0x0000000008000424       0x14 zephyr/arch/arch/arm/core/libarch__arm__core.a(nmi.c.obj)
                0x0000000008000424                z_arm_nmi
 .text.z_SysNmiOnReset
                0x0000000008000438        0x4 zephyr/arch/arch/arm/core/libarch__arm__core.a(nmi_on_reset.S.obj)
                0x0000000008000438                z_SysNmiOnReset
 .text.arch_tls_stack_setup
                0x000000000800043c       0x38 zephyr/arch/arch/arm/core/libarch__arm__core.a(tls.c.obj)
                0x000000000800043c                arch_tls_stack_setup
 .text._HandlerModeExit
                0x0000000008000474       0x28 zephyr/arch/arch/arm/core/cortex_m/libarch__arm__core__cortex_m.a(exc_exit.c.obj)
                0x0000000008000474                z_arm_exc_exit
                0x0000000008000474                z_arm_int_exit
 .text.z_arm_fault
                0x000000000800049c       0xa8 zephyr/arch/arch/arm/core/cortex_m/libarch__arm__core__cortex_m.a(fault.c.obj)
                0x000000000800049c                z_arm_fault
 .text.z_arm_fault_init
                0x0000000008000544       0x10 zephyr/arch/arch/arm/core/cortex_m/libarch__arm__core__cortex_m.a(fault.c.obj)
                0x0000000008000544                z_arm_fault_init
 .text.__fault  0x0000000008000554       0x14 zephyr/arch/arch/arm/core/cortex_m/libarch__arm__core__cortex_m.a(fault_s.S.obj)
                0x0000000008000554                z_arm_exc_spurious
                0x0000000008000554                z_arm_hard_fault
 .text._reset_section
                0x0000000008000568       0x28 zephyr/arch/arch/arm/core/cortex_m/libarch__arm__core__cortex_m.a(reset.S.obj)
                0x0000000008000568                z_arm_reset
                0x0000000008000568                __start
 .text.z_impl_k_thread_abort
                0x0000000008000590       0x38 zephyr/arch/arch/arm/core/cortex_m/libarch__arm__core__cortex_m.a(thread_abort.c.obj)
                0x0000000008000590                z_impl_k_thread_abort
 .text.z_arm_pendsv
                0x00000000080005c8       0x70 zephyr/arch/arch/arm/core/cortex_m/libarch__arm__core__cortex_m.a(swap_helper.S.obj)
                0x00000000080005c8                z_arm_pendsv
 .text.z_arm_svc
                0x0000000008000638       0x28 zephyr/arch/arch/arm/core/cortex_m/libarch__arm__core__cortex_m.a(swap_helper.S.obj)
                0x0000000008000638                z_arm_svc
 .text.arch_irq_enable
                0x0000000008000660       0x18 zephyr/arch/arch/arm/core/cortex_m/libarch__arm__core__cortex_m.a(irq_manage.c.obj)
                0x0000000008000660                arch_irq_enable
 .text.z_arm_irq_priority_set
                0x0000000008000678       0x54 zephyr/arch/arch/arm/core/cortex_m/libarch__arm__core__cortex_m.a(irq_manage.c.obj)
                0x0000000008000678                z_arm_irq_priority_set
 .text.arch_new_thread
                0x00000000080006cc       0x2c zephyr/arch/arch/arm/core/cortex_m/libarch__arm__core__cortex_m.a(thread.c.obj)
                0x00000000080006cc                arch_new_thread
 .text.arch_switch_to_main_thread
                0x00000000080006f8       0x38 zephyr/arch/arch/arm/core/cortex_m/libarch__arm__core__cortex_m.a(thread.c.obj)
                0x00000000080006f8                arch_switch_to_main_thread
 .text.z_arm_cpu_idle_init
                0x0000000008000730        0xc zephyr/arch/arch/arm/core/cortex_m/libarch__arm__core__cortex_m.a(cpu_idle.c.obj)
                0x0000000008000730                z_arm_cpu_idle_init
 .text.z_arm_interrupt_init
                0x000000000800073c       0x30 zephyr/arch/arch/arm/core/cortex_m/libarch__arm__core__cortex_m.a(irq_init.c.obj)
                0x000000000800073c                z_arm_interrupt_init
 .text._isr_wrapper
                0x000000000800076c       0x20 zephyr/arch/arch/arm/core/cortex_m/libarch__arm__core__cortex_m.a(isr_wrapper.c.obj)
                0x000000000800076c                _isr_wrapper
 .text.z_impl_zephyr_fputc
                0x000000000800078c       0x10 zephyr/lib/libc/picolibc/liblib__libc__picolibc.a(stdio.c.obj)
                0x000000000800078c                z_impl_zephyr_fputc
 .text.__stdout_hook_install
                0x000000000800079c       0x18 zephyr/lib/libc/picolibc/liblib__libc__picolibc.a(stdio.c.obj)
                0x000000000800079c                __stdout_hook_install
 .text.malloc_prepare
                0x00000000080007b4       0x24 zephyr/lib/libc/common/liblib__libc__common.a(malloc.c.obj)
 .text.stm32_exti_isr
                0x00000000080007d8       0x44 zephyr/drivers/interrupt_controller/libdrivers__interrupt_controller.a(intc_exti_stm32.c.obj)
 .text.stm32_exti_init
                0x000000000800081c       0x40 zephyr/drivers/interrupt_controller/libdrivers__interrupt_controller.a(intc_exti_stm32.c.obj)
 .text.stm32_gpio_intc_enable_line
                0x000000000800085c       0x30 zephyr/drivers/interrupt_controller/libdrivers__interrupt_controller.a(intc_exti_stm32.c.obj)
                0x000000000800085c                stm32_gpio_intc_enable_line
 .text.stm32_gpio_intc_disable_line
                0x000000000800088c       0x10 zephyr/drivers/interrupt_controller/libdrivers__interrupt_controller.a(intc_exti_stm32.c.obj)
                0x000000000800088c                stm32_gpio_intc_disable_line
 .text.stm32_gpio_intc_select_line_trigger
                0x000000000800089c       0x48 zephyr/drivers/interrupt_controller/libdrivers__interrupt_controller.a(intc_exti_stm32.c.obj)
                0x000000000800089c                stm32_gpio_intc_select_line_trigger
 .text.stm32_gpio_intc_set_irq_callback
                0x00000000080008e4       0x40 zephyr/drivers/interrupt_controller/libdrivers__interrupt_controller.a(intc_exti_stm32.c.obj)
                0x00000000080008e4                stm32_gpio_intc_set_irq_callback
 .text.stm32_gpio_intc_remove_irq_callback
                0x0000000008000924       0x24 zephyr/drivers/interrupt_controller/libdrivers__interrupt_controller.a(intc_exti_stm32.c.obj)
                0x0000000008000924                stm32_gpio_intc_remove_irq_callback
 .text.stm32_exti_set_line_src_port
                0x0000000008000948       0x24 zephyr/drivers/interrupt_controller/libdrivers__interrupt_controller.a(intc_exti_stm32.c.obj)
                0x0000000008000948                stm32_exti_set_line_src_port
 .text.stm32_exti_get_line_src_port
                0x000000000800096c       0x20 zephyr/drivers/interrupt_controller/libdrivers__interrupt_controller.a(intc_exti_stm32.c.obj)
                0x000000000800096c                stm32_exti_get_line_src_port
 .text.stm32_clock_control_on
                0x000000000800098c       0x40 zephyr/drivers/clock_control/libdrivers__clock_control.a(clock_stm32_ll_common.c.obj)
 .text.stm32_clock_control_off
                0x00000000080009cc       0x30 zephyr/drivers/clock_control/libdrivers__clock_control.a(clock_stm32_ll_common.c.obj)
 .text.stm32_clock_control_get_subsys_rate
                0x00000000080009fc       0x74 zephyr/drivers/clock_control/libdrivers__clock_control.a(clock_stm32_ll_common.c.obj)
 .text.stm32_clock_control_configure
                0x0000000008000a70       0x58 zephyr/drivers/clock_control/libdrivers__clock_control.a(clock_stm32_ll_common.c.obj)
 .text.stm32_clock_control_get_status
                0x0000000008000ac8       0x34 zephyr/drivers/clock_control/libdrivers__clock_control.a(clock_stm32_ll_common.c.obj)
 .text.stm32_clock_control_init
                0x0000000008000afc      0x104 zephyr/drivers/clock_control/libdrivers__clock_control.a(clock_stm32_ll_common.c.obj)
                0x0000000008000afc                stm32_clock_control_init
 .text.config_pll_sysclock
                0x0000000008000c00       0x24 zephyr/drivers/clock_control/libdrivers__clock_control.a(clock_stm32f0_f3.c.obj)
                0x0000000008000c00                config_pll_sysclock
 .text.get_pllout_frequency
                0x0000000008000c24        0x8 zephyr/drivers/clock_control/libdrivers__clock_control.a(clock_stm32f0_f3.c.obj)
                0x0000000008000c24                get_pllout_frequency
 .text.config_enable_default_clocks
                0x0000000008000c2c       0x30 zephyr/drivers/clock_control/libdrivers__clock_control.a(clock_stm32f0_f3.c.obj)
                0x0000000008000c2c                config_enable_default_clocks
 .text.uart_console_init
                0x0000000008000c5c       0x2c zephyr/drivers/console/libdrivers__console.a(uart_console.c.obj)
 .text.console_out
                0x0000000008000c88       0x28 zephyr/drivers/console/libdrivers__console.a(uart_console.c.obj)
 .text.gpio_stm32_pin_interrupt_configure
                0x0000000008000cb0       0xb0 zephyr/drivers/gpio/libdrivers__gpio.a(gpio_stm32.c.obj)
 .text.gpio_stm32_init
                0x0000000008000d60       0x34 zephyr/drivers/gpio/libdrivers__gpio.a(gpio_stm32.c.obj)
 .text.pinctrl_configure_pins
                0x0000000008000d94       0x8c zephyr/drivers/pinctrl/libdrivers__pinctrl.a(pinctrl_stm32.c.obj)
                0x0000000008000d94                pinctrl_configure_pins
 .text.uart_stm32_set_baudrate
                0x0000000008000e20       0x3c zephyr/drivers/serial/libdrivers__serial.a(uart_stm32.c.obj)
 .text.uart_stm32_irq_err_disable
                0x0000000008000e5c       0x34 zephyr/drivers/serial/libdrivers__serial.a(uart_stm32.c.obj)
 .text.uart_stm32_parameters_set
                0x0000000008000e90      0x140 zephyr/drivers/serial/libdrivers__serial.a(uart_stm32.c.obj)
 .text.uart_stm32_configure
                0x0000000008000fd0       0xc0 zephyr/drivers/serial/libdrivers__serial.a(uart_stm32.c.obj)
 .text.uart_stm32_init
                0x0000000008001090      0x154 zephyr/drivers/serial/libdrivers__serial.a(uart_stm32.c.obj)
 .text.uart_stm32_config_get
                0x00000000080011e4       0x94 zephyr/drivers/serial/libdrivers__serial.a(uart_stm32.c.obj)
 .text.elapsed  0x0000000008001278       0x54 zephyr/drivers/timer/libdrivers__timer.a(cortex_m_systick.c.obj)
 .text.sys_clock_driver_init
                0x00000000080012cc       0x40 zephyr/drivers/timer/libdrivers__timer.a(cortex_m_systick.c.obj)
 .text.sys_clock_isr
                0x000000000800130c       0x44 zephyr/drivers/timer/libdrivers__timer.a(cortex_m_systick.c.obj)
                0x000000000800130c                sys_clock_isr
 .text.sys_clock_set_timeout
                0x0000000008001350       0xf4 zephyr/drivers/timer/libdrivers__timer.a(cortex_m_systick.c.obj)
                0x0000000008001350                sys_clock_set_timeout
 .text.sys_clock_elapsed
                0x0000000008001444       0x34 zephyr/drivers/timer/libdrivers__timer.a(cortex_m_systick.c.obj)
                0x0000000008001444                sys_clock_elapsed
 .text.HAL_RCC_GetSysClockFreq
                0x0000000008001478       0x4c modules/hal_stm32/stm32cube/lib..__modules__hal__stm32__stm32cube.a(stm32f0xx_hal_rcc.c.obj)
                0x0000000008001478                HAL_RCC_GetSysClockFreq
 .text.LL_SetFlashLatency
                0x00000000080014c4       0x38 modules/hal_stm32/stm32cube/lib..__modules__hal__stm32__stm32cube.a(stm32f0xx_ll_utils.c.obj)
                0x00000000080014c4                LL_SetFlashLatency
 .text.z_fatal_error
                0x00000000080014fc       0x28 zephyr/kernel/libkernel.a(fatal.c.obj)
                0x00000000080014fc                z_fatal_error
 .text.z_sys_init_run_level
                0x0000000008001524       0x30 zephyr/kernel/libkernel.a(init.c.obj)
 .text.bg_thread_main
                0x0000000008001554       0xac zephyr/kernel/libkernel.a(init.c.obj)
 .text.z_bss_zero
                0x0000000008001600       0x18 zephyr/kernel/libkernel.a(init.c.obj)
                0x0000000008001600                z_bss_zero
 .text.z_init_cpu
                0x0000000008001618       0x68 zephyr/kernel/libkernel.a(init.c.obj)
                0x0000000008001618                z_init_cpu
 .text.z_cstart
                0x0000000008001680       0xb8 zephyr/kernel/libkernel.a(init.c.obj)
                0x0000000008001680                z_cstart
 .text.z_setup_new_thread
                0x0000000008001738       0x74 zephyr/kernel/libkernel.a(thread.c.obj)
                0x0000000008001738                z_setup_new_thread
 .text.z_swap_irqlock
                0x00000000080017ac       0x2c zephyr/kernel/libkernel.a(sched.c.obj)
 .text.unready_thread
                0x00000000080017d8       0x58 zephyr/kernel/libkernel.a(sched.c.obj)
 .text.ready_thread
                0x0000000008001830       0x98 zephyr/kernel/libkernel.a(sched.c.obj)
 .text.z_thread_halt
                0x00000000080018c8       0xfc zephyr/kernel/libkernel.a(sched.c.obj)
 .text.move_thread_to_end_of_prio_q
                0x00000000080019c4       0x9c zephyr/kernel/libkernel.a(sched.c.obj)
                0x00000000080019c4                move_thread_to_end_of_prio_q
 .text.z_reschedule
                0x0000000008001a60       0x2c zephyr/kernel/libkernel.a(sched.c.obj)
                0x0000000008001a60                z_reschedule
 .text.z_reschedule_irqlock
                0x0000000008001a8c       0x2c zephyr/kernel/libkernel.a(sched.c.obj)
                0x0000000008001a8c                z_reschedule_irqlock
 .text.k_sched_lock
                0x0000000008001ab8       0x20 zephyr/kernel/libkernel.a(sched.c.obj)
                0x0000000008001ab8                k_sched_lock
 .text.k_sched_unlock
                0x0000000008001ad8       0x60 zephyr/kernel/libkernel.a(sched.c.obj)
                0x0000000008001ad8                k_sched_unlock
 .text.z_sched_init
                0x0000000008001b38       0x14 zephyr/kernel/libkernel.a(sched.c.obj)
                0x0000000008001b38                z_sched_init
 .text.z_impl_k_yield
                0x0000000008001b4c       0x8c zephyr/kernel/libkernel.a(sched.c.obj)
                0x0000000008001b4c                z_impl_k_yield
 .text.z_tick_sleep
                0x0000000008001bd8       0x7c zephyr/kernel/libkernel.a(sched.c.obj)
 .text.z_impl_k_wakeup
                0x0000000008001c54       0x44 zephyr/kernel/libkernel.a(sched.c.obj)
                0x0000000008001c54                z_impl_k_wakeup
 .text.z_impl_k_sched_current_thread_query
                0x0000000008001c98        0xc zephyr/kernel/libkernel.a(sched.c.obj)
                0x0000000008001c98                z_impl_k_sched_current_thread_query
 .text.slice_timeout
                0x0000000008001ca4       0x20 zephyr/kernel/libkernel.a(timeslicing.c.obj)
 .text.thread_is_sliceable
                0x0000000008001cc4       0x40 zephyr/kernel/libkernel.a(timeslicing.c.obj)
                0x0000000008001cc4                thread_is_sliceable
 .text.z_reset_time_slice
                0x0000000008001d04       0x4c zephyr/kernel/libkernel.a(timeslicing.c.obj)
                0x0000000008001d04                z_reset_time_slice
 .text.z_time_slice
                0x0000000008001d50       0x58 zephyr/kernel/libkernel.a(timeslicing.c.obj)
                0x0000000008001d50                z_time_slice
 .text.z_data_copy
                0x0000000008001da8       0x34 zephyr/kernel/libkernel.a(xip.c.obj)
                0x0000000008001da8                z_data_copy
 .text.elapsed  0x0000000008001ddc       0x18 zephyr/kernel/libkernel.a(timeout.c.obj)
 .text.remove_timeout
                0x0000000008001df4       0x38 zephyr/kernel/libkernel.a(timeout.c.obj)
 .text.next_timeout
                0x0000000008001e2c       0x44 zephyr/kernel/libkernel.a(timeout.c.obj)
 .text.z_add_timeout
                0x0000000008001e70       0xe8 zephyr/kernel/libkernel.a(timeout.c.obj)
                0x0000000008001e70                z_add_timeout
 .text.sys_clock_announce
                0x0000000008001f58       0xdc zephyr/kernel/libkernel.a(timeout.c.obj)
                0x0000000008001f58                sys_clock_announce
 .text.sys_clock_tick_get
                0x0000000008002034       0x2c zephyr/kernel/libkernel.a(timeout.c.obj)
                0x0000000008002034                sys_clock_tick_get
 .text.boot_banner
                0x0000000008002060       0x10 zephyr/kernel/libkernel.a(banner.c.obj)
                0x0000000008002060                boot_banner
 .text.__l_vfprintf
                0x0000000008002070      0x4d0 /home/elias/zephyr-sdk-0.17.0/arm-zephyr-eabi/bin/../lib/gcc/../../picolibc/arm-zephyr-eabi/lib/thumb/v6-m/nofp/libc.a(libc_tinystdio_vflprintf.c.o)
                0x0000000008002070                __l_vfprintf
 .text._OffsetAbsSyms
                0x0000000008002540        0x2 zephyr/CMakeFiles/offsets.dir/./arch/arm/core/offsets/offsets.c.obj
                0x0000000008002540                _OffsetAbsSyms
 .text.chunk_size
                0x0000000008002542        0xa zephyr/libzephyr.a(heap.c.obj)
 .text.free_list_add
                0x000000000800254c       0x4e zephyr/libzephyr.a(heap.c.obj)
 .text.sys_heap_init
                0x000000000800259a       0x74 zephyr/libzephyr.a(heap.c.obj)
                0x000000000800259a                sys_heap_init
 .text.arch_printk_char_out
                0x000000000800260e        0x4 zephyr/libzephyr.a(printk.c.obj)
                0x000000000800260e                arch_printk_char_out
 .text.printk   0x0000000008002612       0x16 zephyr/libzephyr.a(printk.c.obj)
                0x0000000008002612                printk
 .text._ConfigAbsSyms
                0x0000000008002628        0x2 zephyr/libzephyr.a(configs.c.obj)
                0x0000000008002628                _ConfigAbsSyms
 .text.relocate_vector_table
                0x000000000800262a        0x2 zephyr/libzephyr.a(soc.c.obj)
                0x000000000800262a                relocate_vector_table
 .text.z_arm_fatal_error
                0x000000000800262c       0x10 zephyr/arch/arch/arm/core/libarch__arm__core.a(fatal.c.obj)
                0x000000000800262c                z_arm_fatal_error
 .text.z_do_kernel_oops
                0x000000000800263c        0xc zephyr/arch/arch/arm/core/libarch__arm__core.a(fatal.c.obj)
                0x000000000800263c                z_do_kernel_oops
 .text.z_irq_spurious
                0x0000000008002648        0xc zephyr/arch/arch/arm/core/cortex_m/libarch__arm__core__cortex_m.a(irq_manage.c.obj)
                0x0000000008002648                z_irq_spurious
 .text.z_prep_c
                0x0000000008002654       0x16 zephyr/arch/arch/arm/core/cortex_m/libarch__arm__core__cortex_m.a(prep_c.c.obj)
                0x0000000008002654                z_prep_c
 .text.arch_irq_unlock_outlined
                0x000000000800266a        0xc zephyr/arch/arch/arm/core/cortex_m/libarch__arm__core__cortex_m.a(thread.c.obj)
                0x000000000800266a                arch_irq_unlock_outlined
 .text.arch_cpu_idle
                0x0000000008002676        0xe zephyr/arch/arch/arm/core/cortex_m/libarch__arm__core__cortex_m.a(cpu_idle.c.obj)
                0x0000000008002676                arch_cpu_idle
 .text.picolibc_put
                0x0000000008002684        0xa zephyr/lib/libc/picolibc/liblib__libc__picolibc.a(stdio.c.obj)
 .text.stm32_gpio_intc_get_pin_irq_line
                0x000000000800268e        0x6 zephyr/drivers/interrupt_controller/libdrivers__interrupt_controller.a(intc_exti_stm32.c.obj)
                0x000000000800268e                stm32_gpio_intc_get_pin_irq_line
 .text.enabled_clock
                0x0000000008002694       0x12 zephyr/drivers/clock_control/libdrivers__clock_control.a(clock_stm32_ll_common.c.obj)
                0x0000000008002694                enabled_clock
 .text.config_regulator_voltage
                0x00000000080026a6        0x2 zephyr/drivers/clock_control/libdrivers__clock_control.a(clock_stm32_ll_common.c.obj)
                0x00000000080026a6                config_regulator_voltage
 .text.gpio_stm32_port_get_raw
                0x00000000080026a8        0xc zephyr/drivers/gpio/libdrivers__gpio.a(gpio_stm32.c.obj)
 .text.gpio_stm32_port_set_masked_raw
                0x00000000080026b4       0x12 zephyr/drivers/gpio/libdrivers__gpio.a(gpio_stm32.c.obj)
 .text.gpio_stm32_port_set_bits_raw
                0x00000000080026c6        0xa zephyr/drivers/gpio/libdrivers__gpio.a(gpio_stm32.c.obj)
 .text.gpio_stm32_port_clear_bits_raw
                0x00000000080026d0        0xa zephyr/drivers/gpio/libdrivers__gpio.a(gpio_stm32.c.obj)
 .text.gpio_stm32_port_toggle_bits
                0x00000000080026da        0xe zephyr/drivers/gpio/libdrivers__gpio.a(gpio_stm32.c.obj)
 .text.gpio_stm32_manage_callback
                0x00000000080026e8       0x58 zephyr/drivers/gpio/libdrivers__gpio.a(gpio_stm32.c.obj)
 .text.gpio_stm32_configure_raw.isra.0
                0x0000000008002740       0xa0 zephyr/drivers/gpio/libdrivers__gpio.a(gpio_stm32.c.obj)
 .text.gpio_stm32_config
                0x00000000080027e0      0x15e zephyr/drivers/gpio/libdrivers__gpio.a(gpio_stm32.c.obj)
 .text.gpio_stm32_isr
                0x000000000800293e       0x32 zephyr/drivers/gpio/libdrivers__gpio.a(gpio_stm32.c.obj)
 .text.gpio_stm32_configure
                0x0000000008002970       0x2a zephyr/drivers/gpio/libdrivers__gpio.a(gpio_stm32.c.obj)
                0x0000000008002970                gpio_stm32_configure
 .text.pinctrl_lookup_state
                0x000000000800299a       0x26 zephyr/drivers/pinctrl/libdrivers__pinctrl.a(common.c.obj)
                0x000000000800299a                pinctrl_lookup_state
 .text.reset_stm32_status
                0x00000000080029c0       0x20 zephyr/drivers/reset/libdrivers__reset.a(reset_stm32.c.obj)
 .text.reset_stm32_line_assert
                0x00000000080029e0       0x1c zephyr/drivers/reset/libdrivers__reset.a(reset_stm32.c.obj)
 .text.reset_stm32_line_deassert
                0x00000000080029fc       0x1c zephyr/drivers/reset/libdrivers__reset.a(reset_stm32.c.obj)
 .text.reset_stm32_line_toggle
                0x0000000008002a18       0x16 zephyr/drivers/reset/libdrivers__reset.a(reset_stm32.c.obj)
 .text.uart_stm32_err_check
                0x0000000008002a2e       0x4e zephyr/drivers/serial/libdrivers__serial.a(uart_stm32.c.obj)
 .text.uart_stm32_irq_tx_enable
                0x0000000008002a7c       0x1c zephyr/drivers/serial/libdrivers__serial.a(uart_stm32.c.obj)
 .text.uart_stm32_irq_tx_disable
                0x0000000008002a98       0x1c zephyr/drivers/serial/libdrivers__serial.a(uart_stm32.c.obj)
 .text.uart_stm32_irq_rx_enable
                0x0000000008002ab4       0x1c zephyr/drivers/serial/libdrivers__serial.a(uart_stm32.c.obj)
 .text.uart_stm32_irq_rx_disable
                0x0000000008002ad0       0x1c zephyr/drivers/serial/libdrivers__serial.a(uart_stm32.c.obj)
 .text.uart_stm32_irq_rx_ready
                0x0000000008002aec        0xc zephyr/drivers/serial/libdrivers__serial.a(uart_stm32.c.obj)
 .text.uart_stm32_irq_err_enable
                0x0000000008002af8       0x2e zephyr/drivers/serial/libdrivers__serial.a(uart_stm32.c.obj)
 .text.uart_stm32_irq_update
                0x0000000008002b26        0x4 zephyr/drivers/serial/libdrivers__serial.a(uart_stm32.c.obj)
 .text.uart_stm32_irq_callback_set
                0x0000000008002b2a        0x8 zephyr/drivers/serial/libdrivers__serial.a(uart_stm32.c.obj)
 .text.uart_stm32_isr
                0x0000000008002b32       0x10 zephyr/drivers/serial/libdrivers__serial.a(uart_stm32.c.obj)
 .text.uart_stm32_irq_config_func_0
                0x0000000008002b42       0x14 zephyr/drivers/serial/libdrivers__serial.a(uart_stm32.c.obj)
 .text.uart_stm32_irq_tx_complete
                0x0000000008002b56        0xc zephyr/drivers/serial/libdrivers__serial.a(uart_stm32.c.obj)
 .text.uart_stm32_irq_tx_ready
                0x0000000008002b62       0x14 zephyr/drivers/serial/libdrivers__serial.a(uart_stm32.c.obj)
 .text.uart_stm32_fifo_fill
                0x0000000008002b76       0x4c zephyr/drivers/serial/libdrivers__serial.a(uart_stm32.c.obj)
 .text.uart_stm32_poll_out
                0x0000000008002bc2       0x36 zephyr/drivers/serial/libdrivers__serial.a(uart_stm32.c.obj)
 .text.uart_stm32_irq_is_pending
                0x0000000008002bf8       0x24 zephyr/drivers/serial/libdrivers__serial.a(uart_stm32.c.obj)
 .text.uart_stm32_fifo_read
                0x0000000008002c1c       0x3e zephyr/drivers/serial/libdrivers__serial.a(uart_stm32.c.obj)
 .text.uart_stm32_poll_in
                0x0000000008002c5a       0x22 zephyr/drivers/serial/libdrivers__serial.a(uart_stm32.c.obj)
 .text.z_device_state_init
                0x0000000008002c7c        0x2 zephyr/kernel/libkernel.a(device.c.obj)
                0x0000000008002c7c                z_device_state_init
 .text.z_impl_device_is_ready
                0x0000000008002c7e       0x1a zephyr/kernel/libkernel.a(device.c.obj)
                0x0000000008002c7e                z_impl_device_is_ready
 .text.arch_system_halt
                0x0000000008002c98        0x8 zephyr/kernel/libkernel.a(fatal.c.obj)
                0x0000000008002c98                arch_system_halt
 .text.k_sys_fatal_error_handler
                0x0000000008002ca0        0x6 zephyr/kernel/libkernel.a(fatal.c.obj)
                0x0000000008002ca0                k_sys_fatal_error_handler
 .text.do_device_init
                0x0000000008002ca6       0x30 zephyr/kernel/libkernel.a(init.c.obj)
 .text.z_early_memset
                0x0000000008002cd6        0x8 zephyr/kernel/libkernel.a(init.c.obj)
                0x0000000008002cd6                z_early_memset
 .text.z_early_memcpy
                0x0000000008002cde        0x8 zephyr/kernel/libkernel.a(init.c.obj)
                0x0000000008002cde                z_early_memcpy
 .text.z_init_static
                0x0000000008002ce6        0x2 zephyr/kernel/libkernel.a(init_static.c.obj)
                0x0000000008002ce6                z_init_static
 .text.idle     0x0000000008002ce8        0xe zephyr/kernel/libkernel.a(idle.c.obj)
                0x0000000008002ce8                idle
 .text.sys_dlist_remove
                0x0000000008002cf6       0x10 zephyr/kernel/libkernel.a(sched.c.obj)
 .text.unpend_thread_no_timeout
                0x0000000008002d06       0x16 zephyr/kernel/libkernel.a(sched.c.obj)
 .text.z_ready_thread
                0x0000000008002d1c       0x18 zephyr/kernel/libkernel.a(sched.c.obj)
                0x0000000008002d1c                z_ready_thread
 .text.z_sched_wake_thread
                0x0000000008002d34       0x36 zephyr/kernel/libkernel.a(sched.c.obj)
                0x0000000008002d34                z_sched_wake_thread
 .text.z_thread_timeout
                0x0000000008002d6a        0xc zephyr/kernel/libkernel.a(sched.c.obj)
                0x0000000008002d6a                z_thread_timeout
 .text.z_impl_k_sleep
                0x0000000008002d76       0x2e zephyr/kernel/libkernel.a(sched.c.obj)
                0x0000000008002d76                z_impl_k_sleep
 .text.z_thread_abort
                0x0000000008002da4       0x40 zephyr/kernel/libkernel.a(sched.c.obj)
                0x0000000008002da4                z_thread_abort
 .text.z_abort_timeout
                0x0000000008002de4       0x26 zephyr/kernel/libkernel.a(timeout.c.obj)
                0x0000000008002de4                z_abort_timeout
 .text.sys_clock_tick_get_32
                0x0000000008002e0a        0x8 zephyr/kernel/libkernel.a(timeout.c.obj)
                0x0000000008002e0a                sys_clock_tick_get_32
 .text.memcpy   0x0000000008002e12       0x12 /home/elias/zephyr-sdk-0.17.0/arm-zephyr-eabi/bin/../lib/gcc/../../picolibc/arm-zephyr-eabi/lib/thumb/v6-m/nofp/libc.a(memcpy.c.o)
                0x0000000008002e12                memcpy
                0x0000000008002e12                __aeabi_memcpy
                0x0000000008002e12                __aeabi_memcpy4
                0x0000000008002e12                __aeabi_memcpy8
 .text.memset   0x0000000008002e24       0x10 /home/elias/zephyr-sdk-0.17.0/arm-zephyr-eabi/bin/../lib/gcc/../../picolibc/arm-zephyr-eabi/lib/thumb/v6-m/nofp/libc.a(memset.c.o)
                0x0000000008002e24                memset
 .text.strnlen  0x0000000008002e34       0x16 /home/elias/zephyr-sdk-0.17.0/arm-zephyr-eabi/bin/../lib/gcc/../../picolibc/arm-zephyr-eabi/lib/thumb/v6-m/nofp/libc.a(libc_string_strnlen.c.o)
                0x0000000008002e34                strnlen
 .text.__ultoa_invert
                0x0000000008002e4a      0x10e /home/elias/zephyr-sdk-0.17.0/arm-zephyr-eabi/bin/../lib/gcc/../../picolibc/arm-zephyr-eabi/lib/thumb/v6-m/nofp/libc.a(libc_tinystdio_vflprintf.c.o)
 *(SORT_BY_ALIGNMENT(.TEXT.*))
 .TEXT.__aeabi_read_tp
                0x0000000008002f58        0xc zephyr/arch/arch/arm/core/cortex_m/libarch__arm__core__cortex_m.a(__aeabi_read_tp.S.obj)
                0x0000000008002f58                __aeabi_read_tp
 *(SORT_BY_ALIGNMENT(.gnu.linkonce.t.*))
 *(SORT_BY_ALIGNMENT(.glue_7t))
 .glue_7t       0x0000000008002f64        0x0 linker stubs
 *(SORT_BY_ALIGNMENT(.glue_7))
 .glue_7        0x0000000008002f64        0x0 linker stubs
 *(SORT_BY_ALIGNMENT(.vfp11_veneer))
 .vfp11_veneer  0x0000000008002f64        0x0 linker stubs
 *(SORT_BY_ALIGNMENT(.v4_bx))
 .v4_bx         0x0000000008002f64        0x0 linker stubs
                0x0000000008002f64                . = ALIGN (0x4)
                0x0000000008002f64                __text_region_end = .

.ARM.exidx      0x0000000008002f64        0x8
                0x0000000008002f64                __exidx_start = .
 *(SORT_BY_ALIGNMENT(.ARM.exidx*) SORT_BY_ALIGNMENT(gnu.linkonce.armexidx.*))
 .ARM.exidx     0x0000000008002f64        0x8 /home/elias/zephyr-sdk-0.17.0/arm-zephyr-eabi/bin/../lib/gcc/arm-zephyr-eabi/12.2.0/thumb/v6-m/nofp/libgcc.a(_udivmoddi4.o)
                0x0000000008002f6c                __exidx_end = .
                0x0000000008002f6c                __rodata_region_start = .

initlevel       0x0000000008002f6c       0x50
                0x0000000008002f6c                __init_start = .
                0x0000000008002f6c                __init_EARLY_start = .
 *(SORT_BY_NAME(SORT_BY_ALIGNMENT(.z_init_EARLY?_*)))
 *(SORT_BY_NAME(SORT_BY_ALIGNMENT(.z_init_EARLY??_*)))
                0x0000000008002f6c                __init_PRE_KERNEL_1_start = .
 *(SORT_BY_NAME(SORT_BY_ALIGNMENT(.z_init_PRE_KERNEL_1?_*)))
 .z_init_PRE_KERNEL_11_00008_
                0x0000000008002f6c        0x8 zephyr/drivers/clock_control/libdrivers__clock_control.a(clock_stm32_ll_common.c.obj)
 .z_init_PRE_KERNEL_11_0_
                0x0000000008002f74        0x8 zephyr/libzephyr.a(soc_config.c.obj)
 *(SORT_BY_NAME(SORT_BY_ALIGNMENT(.z_init_PRE_KERNEL_1??_*)))
 .z_init_PRE_KERNEL_135_00031_
                0x0000000008002f7c        0x8 zephyr/drivers/reset/libdrivers__reset.a(reset_stm32.c.obj)
 .z_init_PRE_KERNEL_140_00022_
                0x0000000008002f84        0x8 zephyr/drivers/gpio/libdrivers__gpio.a(gpio_stm32.c.obj)
 .z_init_PRE_KERNEL_140_00027_
                0x0000000008002f8c        0x8 zephyr/drivers/interrupt_controller/libdrivers__interrupt_controller.a(intc_exti_stm32.c.obj)
 .z_init_PRE_KERNEL_140_00039_
                0x0000000008002f94        0x8 zephyr/drivers/gpio/libdrivers__gpio.a(gpio_stm32.c.obj)
 .z_init_PRE_KERNEL_150_00032_
                0x0000000008002f9c        0x8 zephyr/drivers/serial/libdrivers__serial.a(uart_stm32.c.obj)
 .z_init_PRE_KERNEL_160_0_
                0x0000000008002fa4        0x8 zephyr/drivers/console/libdrivers__console.a(uart_console.c.obj)
                0x0000000008002fac                __init_PRE_KERNEL_2_start = .
 *(SORT_BY_NAME(SORT_BY_ALIGNMENT(.z_init_PRE_KERNEL_2?_*)))
 .z_init_PRE_KERNEL_20_0_
                0x0000000008002fac        0x8 zephyr/drivers/timer/libdrivers__timer.a(cortex_m_systick.c.obj)
 *(SORT_BY_NAME(SORT_BY_ALIGNMENT(.z_init_PRE_KERNEL_2??_*)))
                0x0000000008002fb4                __init_POST_KERNEL_start = .
 *(SORT_BY_NAME(SORT_BY_ALIGNMENT(.z_init_POST_KERNEL?_*)))
 *(SORT_BY_NAME(SORT_BY_ALIGNMENT(.z_init_POST_KERNEL??_*)))
 .z_init_POST_KERNEL35_0_
                0x0000000008002fb4        0x8 zephyr/lib/libc/common/liblib__libc__common.a(malloc.c.obj)
                0x0000000008002fbc                __init_APPLICATION_start = .
 *(SORT_BY_NAME(SORT_BY_ALIGNMENT(.z_init_APPLICATION?_*)))
 *(SORT_BY_NAME(SORT_BY_ALIGNMENT(.z_init_APPLICATION??_*)))
                0x0000000008002fbc                __init_SMP_start = .
 *(SORT_BY_NAME(SORT_BY_ALIGNMENT(.z_init_SMP?_*)))
 *(SORT_BY_NAME(SORT_BY_ALIGNMENT(.z_init_SMP??_*)))
                0x0000000008002fbc                __init_end = .
                0x0000000008002fbc                __deferred_init_list_start = .
 *(SORT_BY_ALIGNMENT(.z_deferred_init*))
                0x0000000008002fbc                __deferred_init_list_end = .

device_area     0x0000000008002fbc       0x78
                0x0000000008002fbc                _device_list_start = .
 *(SORT_BY_NAME(SORT_BY_ALIGNMENT(._device.static.*_?_*)))
 ._device.static.1_1_
                0x0000000008002fbc       0x14 zephyr/drivers/clock_control/libdrivers__clock_control.a(clock_stm32_ll_common.c.obj)
                0x0000000008002fbc                __device_dts_ord_8
 *(SORT_BY_NAME(SORT_BY_ALIGNMENT(._device.static.*_??_*)))
 ._device.static.1_35_
                0x0000000008002fd0       0x14 zephyr/drivers/reset/libdrivers__reset.a(reset_stm32.c.obj)
                0x0000000008002fd0                __device_dts_ord_31
 ._device.static.1_40_
                0x0000000008002fe4       0x14 zephyr/drivers/interrupt_controller/libdrivers__interrupt_controller.a(intc_exti_stm32.c.obj)
                0x0000000008002fe4                __device_dts_ord_27
 ._device.static.1_40_
                0x0000000008002ff8       0x28 zephyr/drivers/gpio/libdrivers__gpio.a(gpio_stm32.c.obj)
                0x0000000008002ff8                __device_dts_ord_39
                0x000000000800300c                __device_dts_ord_22
 ._device.static.1_50_
                0x0000000008003020       0x14 zephyr/drivers/serial/libdrivers__serial.a(uart_stm32.c.obj)
                0x0000000008003020                __device_dts_ord_32
                0x0000000008003034                _device_list_end = .

sw_isr_table    0x0000000008003034       0xe0
                0x0000000008003034                . = ALIGN (0x4)
 *(SORT_BY_ALIGNMENT(.gnu.linkonce.sw_isr_table*))
 .gnu.linkonce.sw_isr_table
                0x0000000008003034       0xe0 zephyr/CMakeFiles/zephyr_final.dir/isr_tables.c.obj
                0x0000000008003034                _sw_isr_table

initlevel_error
                0x0000000008002f6c        0x0
 *(SORT_BY_NAME(SORT_BY_ALIGNMENT(.z_init_[_A-Z0-9]*)))
                0x0000000000000001                ASSERT ((SIZEOF (initlevel_error) == 0x0), Undefined initialization levels used.)

app_shmem_regions
                0x0000000008003114        0x0
                0x0000000008003114                __app_shmem_regions_start = .
 *(SORT_BY_NAME(SORT_BY_ALIGNMENT(.app_regions.*)))
                0x0000000008003114                __app_shmem_regions_end = .

k_p4wq_initparam_area
                0x0000000008003114        0x0
                0x0000000008003114                _k_p4wq_initparam_list_start = .
 *(SORT_BY_NAME(SORT_BY_ALIGNMENT(._k_p4wq_initparam.static.*)))
                0x0000000008003114                _k_p4wq_initparam_list_end = .

_static_thread_data_area
                0x0000000008003114        0x0
                0x0000000008003114                __static_thread_data_list_start = .
 *(SORT_BY_NAME(SORT_BY_ALIGNMENT(.__static_thread_data.static.*)))
                0x0000000008003114                __static_thread_data_list_end = .

device_deps     0x0000000008003114        0x0
                0x0000000008003114                __device_deps_start = .
 *(SORT_BY_NAME(SORT_BY_ALIGNMENT(.__device_deps_pass2*)))
                0x0000000008003114                __device_deps_end = .

gpio_driver_api_area
                0x0000000008003114       0x24
                0x0000000008003114                _gpio_driver_api_list_start = .
 *(SORT_BY_NAME(SORT_BY_ALIGNMENT(._gpio_driver_api.static.*)))
 ._gpio_driver_api.static.gpio_stm32_driver_
                0x0000000008003114       0x24 zephyr/drivers/gpio/libdrivers__gpio.a(gpio_stm32.c.obj)
                0x0000000008003138                _gpio_driver_api_list_end = .

reset_driver_api_area
                0x0000000008003138       0x10
                0x0000000008003138                _reset_driver_api_list_start = .
 *(SORT_BY_NAME(SORT_BY_ALIGNMENT(._reset_driver_api.static.*)))
 ._reset_driver_api.static.reset_stm32_driver_api_
                0x0000000008003138       0x10 zephyr/drivers/reset/libdrivers__reset.a(reset_stm32.c.obj)
                0x0000000008003148                _reset_driver_api_list_end = .

shared_irq_driver_api_area
                0x0000000008003148        0x0
                0x0000000008003148                _shared_irq_driver_api_list_start = .
 *(SORT_BY_NAME(SORT_BY_ALIGNMENT(._shared_irq_driver_api.static.*)))
                0x0000000008003148                _shared_irq_driver_api_list_end = .

crypto_driver_api_area
                0x0000000008003148        0x0
                0x0000000008003148                _crypto_driver_api_list_start = .
 *(SORT_BY_NAME(SORT_BY_ALIGNMENT(._crypto_driver_api.static.*)))
                0x0000000008003148                _crypto_driver_api_list_end = .

adc_driver_api_area
                0x0000000008003148        0x0
                0x0000000008003148                _adc_driver_api_list_start = .
 *(SORT_BY_NAME(SORT_BY_ALIGNMENT(._adc_driver_api.static.*)))
                0x0000000008003148                _adc_driver_api_list_end = .

auxdisplay_driver_api_area
                0x0000000008003148        0x0
                0x0000000008003148                _auxdisplay_driver_api_list_start = .
 *(SORT_BY_NAME(SORT_BY_ALIGNMENT(._auxdisplay_driver_api.static.*)))
                0x0000000008003148                _auxdisplay_driver_api_list_end = .

bbram_driver_api_area
                0x0000000008003148        0x0
                0x0000000008003148                _bbram_driver_api_list_start = .
 *(SORT_BY_NAME(SORT_BY_ALIGNMENT(._bbram_driver_api.static.*)))
                0x0000000008003148                _bbram_driver_api_list_end = .

bt_hci_driver_api_area
                0x0000000008003148        0x0
                0x0000000008003148                _bt_hci_driver_api_list_start = .
 *(SORT_BY_NAME(SORT_BY_ALIGNMENT(._bt_hci_driver_api.static.*)))
                0x0000000008003148                _bt_hci_driver_api_list_end = .

can_driver_api_area
                0x0000000008003148        0x0
                0x0000000008003148                _can_driver_api_list_start = .
 *(SORT_BY_NAME(SORT_BY_ALIGNMENT(._can_driver_api.static.*)))
                0x0000000008003148                _can_driver_api_list_end = .

cellular_driver_api_area
                0x0000000008003148        0x0
                0x0000000008003148                _cellular_driver_api_list_start = .
 *(SORT_BY_NAME(SORT_BY_ALIGNMENT(._cellular_driver_api.static.*)))
                0x0000000008003148                _cellular_driver_api_list_end = .

charger_driver_api_area
                0x0000000008003148        0x0
                0x0000000008003148                _charger_driver_api_list_start = .
 *(SORT_BY_NAME(SORT_BY_ALIGNMENT(._charger_driver_api.static.*)))
                0x0000000008003148                _charger_driver_api_list_end = .

clock_control_driver_api_area
                0x0000000008003148       0x1c
                0x0000000008003148                _clock_control_driver_api_list_start = .
 *(SORT_BY_NAME(SORT_BY_ALIGNMENT(._clock_control_driver_api.static.*)))
 ._clock_control_driver_api.static.stm32_clock_control_api_
                0x0000000008003148       0x1c zephyr/drivers/clock_control/libdrivers__clock_control.a(clock_stm32_ll_common.c.obj)
                0x0000000008003164                _clock_control_driver_api_list_end = .

comparator_driver_api_area
                0x0000000008003164        0x0
                0x0000000008003164                _comparator_driver_api_list_start = .
 *(SORT_BY_NAME(SORT_BY_ALIGNMENT(._comparator_driver_api.static.*)))
                0x0000000008003164                _comparator_driver_api_list_end = .

coredump_driver_api_area
                0x0000000008003164        0x0
                0x0000000008003164                _coredump_driver_api_list_start = .
 *(SORT_BY_NAME(SORT_BY_ALIGNMENT(._coredump_driver_api.static.*)))
                0x0000000008003164                _coredump_driver_api_list_end = .

counter_driver_api_area
                0x0000000008003164        0x0
                0x0000000008003164                _counter_driver_api_list_start = .
 *(SORT_BY_NAME(SORT_BY_ALIGNMENT(._counter_driver_api.static.*)))
                0x0000000008003164                _counter_driver_api_list_end = .

dac_driver_api_area
                0x0000000008003164        0x0
                0x0000000008003164                _dac_driver_api_list_start = .
 *(SORT_BY_NAME(SORT_BY_ALIGNMENT(._dac_driver_api.static.*)))
                0x0000000008003164                _dac_driver_api_list_end = .

dai_driver_api_area
                0x0000000008003164        0x0
                0x0000000008003164                _dai_driver_api_list_start = .
 *(SORT_BY_NAME(SORT_BY_ALIGNMENT(._dai_driver_api.static.*)))
                0x0000000008003164                _dai_driver_api_list_end = .

display_driver_api_area
                0x0000000008003164        0x0
                0x0000000008003164                _display_driver_api_list_start = .
 *(SORT_BY_NAME(SORT_BY_ALIGNMENT(._display_driver_api.static.*)))
                0x0000000008003164                _display_driver_api_list_end = .

dma_driver_api_area
                0x0000000008003164        0x0
                0x0000000008003164                _dma_driver_api_list_start = .
 *(SORT_BY_NAME(SORT_BY_ALIGNMENT(._dma_driver_api.static.*)))
                0x0000000008003164                _dma_driver_api_list_end = .

edac_driver_api_area
                0x0000000008003164        0x0
                0x0000000008003164                _edac_driver_api_list_start = .
 *(SORT_BY_NAME(SORT_BY_ALIGNMENT(._edac_driver_api.static.*)))
                0x0000000008003164                _edac_driver_api_list_end = .

eeprom_driver_api_area
                0x0000000008003164        0x0
                0x0000000008003164                _eeprom_driver_api_list_start = .
 *(SORT_BY_NAME(SORT_BY_ALIGNMENT(._eeprom_driver_api.static.*)))
                0x0000000008003164                _eeprom_driver_api_list_end = .

emul_bbram_driver_api_area
                0x0000000008003164        0x0
                0x0000000008003164                _emul_bbram_driver_api_list_start = .
 *(SORT_BY_NAME(SORT_BY_ALIGNMENT(._emul_bbram_driver_api.static.*)))
                0x0000000008003164                _emul_bbram_driver_api_list_end = .

fuel_gauge_emul_driver_api_area
                0x0000000008003164        0x0
                0x0000000008003164                _fuel_gauge_emul_driver_api_list_start = .
 *(SORT_BY_NAME(SORT_BY_ALIGNMENT(._fuel_gauge_emul_driver_api.static.*)))
                0x0000000008003164                _fuel_gauge_emul_driver_api_list_end = .

emul_sensor_driver_api_area
                0x0000000008003164        0x0
                0x0000000008003164                _emul_sensor_driver_api_list_start = .
 *(SORT_BY_NAME(SORT_BY_ALIGNMENT(._emul_sensor_driver_api.static.*)))
                0x0000000008003164                _emul_sensor_driver_api_list_end = .

entropy_driver_api_area
                0x0000000008003164        0x0
                0x0000000008003164                _entropy_driver_api_list_start = .
 *(SORT_BY_NAME(SORT_BY_ALIGNMENT(._entropy_driver_api.static.*)))
                0x0000000008003164                _entropy_driver_api_list_end = .

espi_driver_api_area
                0x0000000008003164        0x0
                0x0000000008003164                _espi_driver_api_list_start = .
 *(SORT_BY_NAME(SORT_BY_ALIGNMENT(._espi_driver_api.static.*)))
                0x0000000008003164                _espi_driver_api_list_end = .

espi_saf_driver_api_area
                0x0000000008003164        0x0
                0x0000000008003164                _espi_saf_driver_api_list_start = .
 *(SORT_BY_NAME(SORT_BY_ALIGNMENT(._espi_saf_driver_api.static.*)))
                0x0000000008003164                _espi_saf_driver_api_list_end = .

flash_driver_api_area
                0x0000000008003164        0x0
                0x0000000008003164                _flash_driver_api_list_start = .
 *(SORT_BY_NAME(SORT_BY_ALIGNMENT(._flash_driver_api.static.*)))
                0x0000000008003164                _flash_driver_api_list_end = .

fpga_driver_api_area
                0x0000000008003164        0x0
                0x0000000008003164                _fpga_driver_api_list_start = .
 *(SORT_BY_NAME(SORT_BY_ALIGNMENT(._fpga_driver_api.static.*)))
                0x0000000008003164                _fpga_driver_api_list_end = .

fuel_gauge_driver_api_area
                0x0000000008003164        0x0
                0x0000000008003164                _fuel_gauge_driver_api_list_start = .
 *(SORT_BY_NAME(SORT_BY_ALIGNMENT(._fuel_gauge_driver_api.static.*)))
                0x0000000008003164                _fuel_gauge_driver_api_list_end = .

gnss_driver_api_area
                0x0000000008003164        0x0
                0x0000000008003164                _gnss_driver_api_list_start = .
 *(SORT_BY_NAME(SORT_BY_ALIGNMENT(._gnss_driver_api.static.*)))
                0x0000000008003164                _gnss_driver_api_list_end = .

haptics_driver_api_area
                0x0000000008003164        0x0
                0x0000000008003164                _haptics_driver_api_list_start = .
 *(SORT_BY_NAME(SORT_BY_ALIGNMENT(._haptics_driver_api.static.*)))
                0x0000000008003164                _haptics_driver_api_list_end = .

hwspinlock_driver_api_area
                0x0000000008003164        0x0
                0x0000000008003164                _hwspinlock_driver_api_list_start = .
 *(SORT_BY_NAME(SORT_BY_ALIGNMENT(._hwspinlock_driver_api.static.*)))
                0x0000000008003164                _hwspinlock_driver_api_list_end = .

i2c_driver_api_area
                0x0000000008003164        0x0
                0x0000000008003164                _i2c_driver_api_list_start = .
 *(SORT_BY_NAME(SORT_BY_ALIGNMENT(._i2c_driver_api.static.*)))
                0x0000000008003164                _i2c_driver_api_list_end = .

i2c_target_driver_api_area
                0x0000000008003164        0x0
                0x0000000008003164                _i2c_target_driver_api_list_start = .
 *(SORT_BY_NAME(SORT_BY_ALIGNMENT(._i2c_target_driver_api.static.*)))
                0x0000000008003164                _i2c_target_driver_api_list_end = .

i2s_driver_api_area
                0x0000000008003164        0x0
                0x0000000008003164                _i2s_driver_api_list_start = .
 *(SORT_BY_NAME(SORT_BY_ALIGNMENT(._i2s_driver_api.static.*)))
                0x0000000008003164                _i2s_driver_api_list_end = .

i3c_driver_api_area
                0x0000000008003164        0x0
                0x0000000008003164                _i3c_driver_api_list_start = .
 *(SORT_BY_NAME(SORT_BY_ALIGNMENT(._i3c_driver_api.static.*)))
                0x0000000008003164                _i3c_driver_api_list_end = .

ipm_driver_api_area
                0x0000000008003164        0x0
                0x0000000008003164                _ipm_driver_api_list_start = .
 *(SORT_BY_NAME(SORT_BY_ALIGNMENT(._ipm_driver_api.static.*)))
                0x0000000008003164                _ipm_driver_api_list_end = .

kscan_driver_api_area
                0x0000000008003164        0x0
                0x0000000008003164                _kscan_driver_api_list_start = .
 *(SORT_BY_NAME(SORT_BY_ALIGNMENT(._kscan_driver_api.static.*)))
                0x0000000008003164                _kscan_driver_api_list_end = .

led_driver_api_area
                0x0000000008003164        0x0
                0x0000000008003164                _led_driver_api_list_start = .
 *(SORT_BY_NAME(SORT_BY_ALIGNMENT(._led_driver_api.static.*)))
                0x0000000008003164                _led_driver_api_list_end = .

led_strip_driver_api_area
                0x0000000008003164        0x0
                0x0000000008003164                _led_strip_driver_api_list_start = .
 *(SORT_BY_NAME(SORT_BY_ALIGNMENT(._led_strip_driver_api.static.*)))
                0x0000000008003164                _led_strip_driver_api_list_end = .

lora_driver_api_area
                0x0000000008003164        0x0
                0x0000000008003164                _lora_driver_api_list_start = .
 *(SORT_BY_NAME(SORT_BY_ALIGNMENT(._lora_driver_api.static.*)))
                0x0000000008003164                _lora_driver_api_list_end = .

mbox_driver_api_area
                0x0000000008003164        0x0
                0x0000000008003164                _mbox_driver_api_list_start = .
 *(SORT_BY_NAME(SORT_BY_ALIGNMENT(._mbox_driver_api.static.*)))
                0x0000000008003164                _mbox_driver_api_list_end = .

mdio_driver_api_area
                0x0000000008003164        0x0
                0x0000000008003164                _mdio_driver_api_list_start = .
 *(SORT_BY_NAME(SORT_BY_ALIGNMENT(._mdio_driver_api.static.*)))
                0x0000000008003164                _mdio_driver_api_list_end = .

mipi_dbi_driver_api_area
                0x0000000008003164        0x0
                0x0000000008003164                _mipi_dbi_driver_api_list_start = .
 *(SORT_BY_NAME(SORT_BY_ALIGNMENT(._mipi_dbi_driver_api.static.*)))
                0x0000000008003164                _mipi_dbi_driver_api_list_end = .

mipi_dsi_driver_api_area
                0x0000000008003164        0x0
                0x0000000008003164                _mipi_dsi_driver_api_list_start = .
 *(SORT_BY_NAME(SORT_BY_ALIGNMENT(._mipi_dsi_driver_api.static.*)))
                0x0000000008003164                _mipi_dsi_driver_api_list_end = .

mspi_driver_api_area
                0x0000000008003164        0x0
                0x0000000008003164                _mspi_driver_api_list_start = .
 *(SORT_BY_NAME(SORT_BY_ALIGNMENT(._mspi_driver_api.static.*)))
                0x0000000008003164                _mspi_driver_api_list_end = .

peci_driver_api_area
                0x0000000008003164        0x0
                0x0000000008003164                _peci_driver_api_list_start = .
 *(SORT_BY_NAME(SORT_BY_ALIGNMENT(._peci_driver_api.static.*)))
                0x0000000008003164                _peci_driver_api_list_end = .

ps2_driver_api_area
                0x0000000008003164        0x0
                0x0000000008003164                _ps2_driver_api_list_start = .
 *(SORT_BY_NAME(SORT_BY_ALIGNMENT(._ps2_driver_api.static.*)))
                0x0000000008003164                _ps2_driver_api_list_end = .

ptp_clock_driver_api_area
                0x0000000008003164        0x0
                0x0000000008003164                _ptp_clock_driver_api_list_start = .
 *(SORT_BY_NAME(SORT_BY_ALIGNMENT(._ptp_clock_driver_api.static.*)))
                0x0000000008003164                _ptp_clock_driver_api_list_end = .

pwm_driver_api_area
                0x0000000008003164        0x0
                0x0000000008003164                _pwm_driver_api_list_start = .
 *(SORT_BY_NAME(SORT_BY_ALIGNMENT(._pwm_driver_api.static.*)))
                0x0000000008003164                _pwm_driver_api_list_end = .

regulator_parent_driver_api_area
                0x0000000008003164        0x0
                0x0000000008003164                _regulator_parent_driver_api_list_start = .
 *(SORT_BY_NAME(SORT_BY_ALIGNMENT(._regulator_parent_driver_api.static.*)))
                0x0000000008003164                _regulator_parent_driver_api_list_end = .

regulator_driver_api_area
                0x0000000008003164        0x0
                0x0000000008003164                _regulator_driver_api_list_start = .
 *(SORT_BY_NAME(SORT_BY_ALIGNMENT(._regulator_driver_api.static.*)))
                0x0000000008003164                _regulator_driver_api_list_end = .

retained_mem_driver_api_area
                0x0000000008003164        0x0
                0x0000000008003164                _retained_mem_driver_api_list_start = .
 *(SORT_BY_NAME(SORT_BY_ALIGNMENT(._retained_mem_driver_api.static.*)))
                0x0000000008003164                _retained_mem_driver_api_list_end = .

rtc_driver_api_area
                0x0000000008003164        0x0
                0x0000000008003164                _rtc_driver_api_list_start = .
 *(SORT_BY_NAME(SORT_BY_ALIGNMENT(._rtc_driver_api.static.*)))
                0x0000000008003164                _rtc_driver_api_list_end = .

sdhc_driver_api_area
                0x0000000008003164        0x0
                0x0000000008003164                _sdhc_driver_api_list_start = .
 *(SORT_BY_NAME(SORT_BY_ALIGNMENT(._sdhc_driver_api.static.*)))
                0x0000000008003164                _sdhc_driver_api_list_end = .

sensor_driver_api_area
                0x0000000008003164        0x0
                0x0000000008003164                _sensor_driver_api_list_start = .
 *(SORT_BY_NAME(SORT_BY_ALIGNMENT(._sensor_driver_api.static.*)))
                0x0000000008003164                _sensor_driver_api_list_end = .

smbus_driver_api_area
                0x0000000008003164        0x0
                0x0000000008003164                _smbus_driver_api_list_start = .
 *(SORT_BY_NAME(SORT_BY_ALIGNMENT(._smbus_driver_api.static.*)))
                0x0000000008003164                _smbus_driver_api_list_end = .

spi_driver_api_area
                0x0000000008003164        0x0
                0x0000000008003164                _spi_driver_api_list_start = .
 *(SORT_BY_NAME(SORT_BY_ALIGNMENT(._spi_driver_api.static.*)))
                0x0000000008003164                _spi_driver_api_list_end = .

stepper_driver_api_area
                0x0000000008003164        0x0
                0x0000000008003164                _stepper_driver_api_list_start = .
 *(SORT_BY_NAME(SORT_BY_ALIGNMENT(._stepper_driver_api.static.*)))
                0x0000000008003164                _stepper_driver_api_list_end = .

syscon_driver_api_area
                0x0000000008003164        0x0
                0x0000000008003164                _syscon_driver_api_list_start = .
 *(SORT_BY_NAME(SORT_BY_ALIGNMENT(._syscon_driver_api.static.*)))
                0x0000000008003164                _syscon_driver_api_list_end = .

tee_driver_api_area
                0x0000000008003164        0x0
                0x0000000008003164                _tee_driver_api_list_start = .
 *(SORT_BY_NAME(SORT_BY_ALIGNMENT(._tee_driver_api.static.*)))
                0x0000000008003164                _tee_driver_api_list_end = .

video_driver_api_area
                0x0000000008003164        0x0
                0x0000000008003164                _video_driver_api_list_start = .
 *(SORT_BY_NAME(SORT_BY_ALIGNMENT(._video_driver_api.static.*)))
                0x0000000008003164                _video_driver_api_list_end = .

w1_driver_api_area
                0x0000000008003164        0x0
                0x0000000008003164                _w1_driver_api_list_start = .
 *(SORT_BY_NAME(SORT_BY_ALIGNMENT(._w1_driver_api.static.*)))
                0x0000000008003164                _w1_driver_api_list_end = .

wdt_driver_api_area
                0x0000000008003164        0x0
                0x0000000008003164                _wdt_driver_api_list_start = .
 *(SORT_BY_NAME(SORT_BY_ALIGNMENT(._wdt_driver_api.static.*)))
                0x0000000008003164                _wdt_driver_api_list_end = .

can_transceiver_driver_api_area
                0x0000000008003164        0x0
                0x0000000008003164                _can_transceiver_driver_api_list_start = .
 *(SORT_BY_NAME(SORT_BY_ALIGNMENT(._can_transceiver_driver_api.static.*)))
                0x0000000008003164                _can_transceiver_driver_api_list_end = .

nrf_clock_control_driver_api_area
                0x0000000008003164        0x0
                0x0000000008003164                _nrf_clock_control_driver_api_list_start = .
 *(SORT_BY_NAME(SORT_BY_ALIGNMENT(._nrf_clock_control_driver_api.static.*)))
                0x0000000008003164                _nrf_clock_control_driver_api_list_end = .

i3c_target_driver_api_area
                0x0000000008003164        0x0
                0x0000000008003164                _i3c_target_driver_api_list_start = .
 *(SORT_BY_NAME(SORT_BY_ALIGNMENT(._i3c_target_driver_api.static.*)))
                0x0000000008003164                _i3c_target_driver_api_list_end = .

its_driver_api_area
                0x0000000008003164        0x0
                0x0000000008003164                _its_driver_api_list_start = .
 *(SORT_BY_NAME(SORT_BY_ALIGNMENT(._its_driver_api.static.*)))
                0x0000000008003164                _its_driver_api_list_end = .

vtd_driver_api_area
                0x0000000008003164        0x0
                0x0000000008003164                _vtd_driver_api_list_start = .
 *(SORT_BY_NAME(SORT_BY_ALIGNMENT(._vtd_driver_api.static.*)))
                0x0000000008003164                _vtd_driver_api_list_end = .

tgpio_driver_api_area
                0x0000000008003164        0x0
                0x0000000008003164                _tgpio_driver_api_list_start = .
 *(SORT_BY_NAME(SORT_BY_ALIGNMENT(._tgpio_driver_api.static.*)))
                0x0000000008003164                _tgpio_driver_api_list_end = .

pcie_ctrl_driver_api_area
                0x0000000008003164        0x0
                0x0000000008003164                _pcie_ctrl_driver_api_list_start = .
 *(SORT_BY_NAME(SORT_BY_ALIGNMENT(._pcie_ctrl_driver_api.static.*)))
                0x0000000008003164                _pcie_ctrl_driver_api_list_end = .

pcie_ep_driver_api_area
                0x0000000008003164        0x0
                0x0000000008003164                _pcie_ep_driver_api_list_start = .
 *(SORT_BY_NAME(SORT_BY_ALIGNMENT(._pcie_ep_driver_api.static.*)))
                0x0000000008003164                _pcie_ep_driver_api_list_end = .

svc_driver_api_area
                0x0000000008003164        0x0
                0x0000000008003164                _svc_driver_api_list_start = .
 *(SORT_BY_NAME(SORT_BY_ALIGNMENT(._svc_driver_api.static.*)))
                0x0000000008003164                _svc_driver_api_list_end = .

uart_driver_api_area
                0x0000000008003164       0x4c
                0x0000000008003164                _uart_driver_api_list_start = .
 *(SORT_BY_NAME(SORT_BY_ALIGNMENT(._uart_driver_api.static.*)))
 ._uart_driver_api.static.uart_stm32_driver_api_
                0x0000000008003164       0x4c zephyr/drivers/serial/libdrivers__serial.a(uart_stm32.c.obj)
                0x00000000080031b0                _uart_driver_api_list_end = .

bc12_emul_driver_api_area
                0x00000000080031b0        0x0
                0x00000000080031b0                _bc12_emul_driver_api_list_start = .
 *(SORT_BY_NAME(SORT_BY_ALIGNMENT(._bc12_emul_driver_api.static.*)))
                0x00000000080031b0                _bc12_emul_driver_api_list_end = .

bc12_driver_api_area
                0x00000000080031b0        0x0
                0x00000000080031b0                _bc12_driver_api_list_start = .
 *(SORT_BY_NAME(SORT_BY_ALIGNMENT(._bc12_driver_api.static.*)))
                0x00000000080031b0                _bc12_driver_api_list_end = .

usbc_ppc_driver_api_area
                0x00000000080031b0        0x0
                0x00000000080031b0                _usbc_ppc_driver_api_list_start = .
 *(SORT_BY_NAME(SORT_BY_ALIGNMENT(._usbc_ppc_driver_api.static.*)))
                0x00000000080031b0                _usbc_ppc_driver_api_list_end = .

tcpc_driver_api_area
                0x00000000080031b0        0x0
                0x00000000080031b0                _tcpc_driver_api_list_start = .
 *(SORT_BY_NAME(SORT_BY_ALIGNMENT(._tcpc_driver_api.static.*)))
                0x00000000080031b0                _tcpc_driver_api_list_end = .

usbc_vbus_driver_api_area
                0x00000000080031b0        0x0
                0x00000000080031b0                _usbc_vbus_driver_api_list_start = .
 *(SORT_BY_NAME(SORT_BY_ALIGNMENT(._usbc_vbus_driver_api.static.*)))
                0x00000000080031b0                _usbc_vbus_driver_api_list_end = .

ivshmem_driver_api_area
                0x00000000080031b0        0x0
                0x00000000080031b0                _ivshmem_driver_api_list_start = .
 *(SORT_BY_NAME(SORT_BY_ALIGNMENT(._ivshmem_driver_api.static.*)))
                0x00000000080031b0                _ivshmem_driver_api_list_end = .

ethphy_driver_api_area
                0x00000000080031b0        0x0
                0x00000000080031b0                _ethphy_driver_api_list_start = .
 *(SORT_BY_NAME(SORT_BY_ALIGNMENT(._ethphy_driver_api.static.*)))
                0x00000000080031b0                _ethphy_driver_api_list_end = .

ztest           0x00000000080031b0        0x0
                0x00000000080031b0                _ztest_expected_result_entry_list_start = .
 *(SORT_BY_NAME(SORT_BY_ALIGNMENT(._ztest_expected_result_entry.static.*)))
                0x00000000080031b0                _ztest_expected_result_entry_list_end = .
                0x00000000080031b0                _ztest_suite_node_list_start = .
 *(SORT_BY_NAME(SORT_BY_ALIGNMENT(._ztest_suite_node.static.*)))
                0x00000000080031b0                _ztest_suite_node_list_end = .
                0x00000000080031b0                _ztest_unit_test_list_start = .
 *(SORT_BY_NAME(SORT_BY_ALIGNMENT(._ztest_unit_test.static.*)))
                0x00000000080031b0                _ztest_unit_test_list_end = .
                0x00000000080031b0                _ztest_test_rule_list_start = .
 *(SORT_BY_NAME(SORT_BY_ALIGNMENT(._ztest_test_rule.static.*)))
                0x00000000080031b0                _ztest_test_rule_list_end = .

init_array      0x00000000080031b0        0x0
 *(SORT_BY_NAME(SORT_BY_ALIGNMENT(.ctors*)))
 *(SORT_BY_NAME(SORT_BY_ALIGNMENT(.init_array*)))
                0x0000000000000001                ASSERT ((SIZEOF (init_array) == 0x0), GNU-style constructors required but STATIC_INIT_GNU not enabled)

bt_l2cap_fixed_chan_area
                0x00000000080031b0        0x0
                0x00000000080031b0                _bt_l2cap_fixed_chan_list_start = .
 *(SORT_BY_NAME(SORT_BY_ALIGNMENT(._bt_l2cap_fixed_chan.static.*)))
                0x00000000080031b0                _bt_l2cap_fixed_chan_list_end = .

bt_gatt_service_static_area
                0x00000000080031b0        0x0
                0x00000000080031b0                _bt_gatt_service_static_list_start = .
 *(SORT_BY_NAME(SORT_BY_ALIGNMENT(._bt_gatt_service_static.static.*)))
                0x00000000080031b0                _bt_gatt_service_static_list_end = .

log_strings_area
                0x00000000080031b0        0x0
                0x00000000080031b0                _log_strings_list_start = .
 *(SORT_BY_NAME(SORT_BY_ALIGNMENT(._log_strings.static.*)))
                0x00000000080031b0                _log_strings_list_end = .

log_stmesp_ptr_area
                0x00000000080031b0        0x0
                0x00000000080031b0                _log_stmesp_ptr_list_start = .
 *(SORT_BY_NAME(SORT_BY_ALIGNMENT(._log_stmesp_ptr.static.*)))
                0x00000000080031b0                _log_stmesp_ptr_list_end = .

log_stmesp_str_area
                0x00000000080031b0        0x0
                0x00000000080031b0                _log_stmesp_str_list_start = .
 *(SORT_BY_NAME(SORT_BY_ALIGNMENT(._log_stmesp_str.static.*)))
                0x00000000080031b0                _log_stmesp_str_list_end = .

log_const_area  0x00000000080031b0        0x0
                0x00000000080031b0                _log_const_list_start = .
 *(SORT_BY_NAME(SORT_BY_ALIGNMENT(._log_const.static.*)))
                0x00000000080031b0                _log_const_list_end = .

log_backend_area
                0x00000000080031b0        0x0
                0x00000000080031b0                _log_backend_list_start = .
 *(SORT_BY_NAME(SORT_BY_ALIGNMENT(._log_backend.static.*)))
                0x00000000080031b0                _log_backend_list_end = .

log_link_area   0x00000000080031b0        0x0
                0x00000000080031b0                _log_link_list_start = .
 *(SORT_BY_NAME(SORT_BY_ALIGNMENT(._log_link.static.*)))
                0x00000000080031b0                _log_link_list_end = .

tracing_backend_area
                0x00000000080031b0        0x0
                0x00000000080031b0                _tracing_backend_list_start = .
 *(SORT_BY_NAME(SORT_BY_ALIGNMENT(._tracing_backend.static.*)))
                0x00000000080031b0                _tracing_backend_list_end = .

zephyr_dbg_info
 *(SORT_BY_ALIGNMENT(.dbg_thread_info))

intc_table_area
                0x00000000080031b0        0x0
                0x00000000080031b0                _intc_table_list_start = .
 *(SORT_BY_NAME(SORT_BY_ALIGNMENT(._intc_table.static.*)))
                0x00000000080031b0                _intc_table_list_end = .

symbol_to_keep  0x00000000080031b0        0x0
                0x00000000080031b0                __symbol_to_keep_start = .
 *(SORT_BY_NAME(SORT_BY_ALIGNMENT(.symbol_to_keep*)))
                0x00000000080031b0                __symbol_to_keep_end = .

shell_area      0x00000000080031b0        0x0
                0x00000000080031b0                _shell_list_start = .
 *(SORT_BY_NAME(SORT_BY_ALIGNMENT(._shell.static.*)))
                0x00000000080031b0                _shell_list_end = .

shell_root_cmds_area
                0x00000000080031b0        0x0
                0x00000000080031b0                _shell_root_cmds_list_start = .
 *(SORT_BY_NAME(SORT_BY_ALIGNMENT(._shell_root_cmds.static.*)))
                0x00000000080031b0                _shell_root_cmds_list_end = .

shell_subcmds_area
                0x00000000080031b0        0x0
                0x00000000080031b0                _shell_subcmds_list_start = .
 *(SORT_BY_NAME(SORT_BY_ALIGNMENT(._shell_subcmds.static.*)))
                0x00000000080031b0                _shell_subcmds_list_end = .

shell_dynamic_subcmds_area
                0x00000000080031b0        0x0
                0x00000000080031b0                _shell_dynamic_subcmds_list_start = .
 *(SORT_BY_NAME(SORT_BY_ALIGNMENT(._shell_dynamic_subcmds.static.*)))
                0x00000000080031b0                _shell_dynamic_subcmds_list_end = .

cfb_font_area   0x00000000080031b0        0x0
                0x00000000080031b0                _cfb_font_list_start = .
 *(SORT_BY_NAME(SORT_BY_ALIGNMENT(._cfb_font.static.*)))
                0x00000000080031b0                _cfb_font_list_end = .

tdata           0x00000000080031b0        0x0
 *(SORT_BY_ALIGNMENT(.tdata) SORT_BY_ALIGNMENT(.tdata.*) SORT_BY_ALIGNMENT(.gnu.linkonce.td.*))

tbss            0x00000000080031b0        0x4
 *(SORT_BY_ALIGNMENT(.tbss) SORT_BY_ALIGNMENT(.tbss.*) SORT_BY_ALIGNMENT(.gnu.linkonce.tb.*) SORT_BY_ALIGNMENT(.tcommon))
 .tbss.z_tls_current
                0x00000000080031b0        0x4 zephyr/libzephyr.a(thread_entry.c.obj)
                0x00000000080031b0                z_tls_current
                0x00000000080031b0                PROVIDE (__tdata_start = LOADADDR (tdata))
                0x0000000000000001                PROVIDE (__tdata_align = ALIGNOF (tdata))
                0x0000000000000000                PROVIDE (__tdata_size = (((SIZEOF (tdata) + __tdata_align) - 0x1) & ~ ((__tdata_align - 0x1))))
                [!provide]                        PROVIDE (__tdata_end = (__tdata_start + __tdata_size))
                0x0000000000000004                PROVIDE (__tbss_align = ALIGNOF (tbss))
                [!provide]                        PROVIDE (__tbss_start = ADDR (tbss))
                0x0000000000000004                PROVIDE (__tbss_size = (((SIZEOF (tbss) + __tbss_align) - 0x1) & ~ ((__tbss_align - 0x1))))
                [!provide]                        PROVIDE (__tbss_end = (__tbss_start + __tbss_size))
                [!provide]                        PROVIDE (__tls_start = __tdata_start)
                [!provide]                        PROVIDE (__tls_end = __tbss_end)
                [!provide]                        PROVIDE (__tls_size = (__tbss_end - __tdata_start))

rodata          0x00000000080031b0      0x1d4
 *(SORT_BY_ALIGNMENT(.rodata))
 *(SORT_BY_ALIGNMENT(.rodata.*))
 .rodata.gpio_stm32_cfg_b
                0x00000000080031b0       0x14 zephyr/drivers/gpio/libdrivers__gpio.a(gpio_stm32.c.obj)
 .rodata.gpio_stm32_cfg_a
                0x00000000080031c4       0x14 zephyr/drivers/gpio/libdrivers__gpio.a(gpio_stm32.c.obj)
 .rodata.gpio_ports
                0x00000000080031d8       0x40 zephyr/drivers/pinctrl/libdrivers__pinctrl.a(pinctrl_stm32.c.obj)
 .rodata.reset_stm32_config
                0x0000000008003218        0x4 zephyr/drivers/reset/libdrivers__reset.a(reset_stm32.c.obj)
 .rodata.uart_stm32_cfg_0
                0x000000000800321c       0x28 zephyr/drivers/serial/libdrivers__serial.a(uart_stm32.c.obj)
 .rodata.pclken_0
                0x0000000008003244        0x8 zephyr/drivers/serial/libdrivers__serial.a(uart_stm32.c.obj)
 .rodata.__pinctrl_dev_config__device_dts_ord_32
                0x000000000800324c        0x8 zephyr/drivers/serial/libdrivers__serial.a(uart_stm32.c.obj)
 .rodata.__pinctrl_states__device_dts_ord_32
                0x0000000008003254        0x8 zephyr/drivers/serial/libdrivers__serial.a(uart_stm32.c.obj)
 .rodata.__pinctrl_state_pins_0__device_dts_ord_32
                0x000000000800325c       0x10 zephyr/drivers/serial/libdrivers__serial.a(uart_stm32.c.obj)
 .rodata.levels.0
                0x000000000800326c       0x18 zephyr/kernel/libkernel.a(init.c.obj)
 .rodata.main.str1.1
                0x0000000008003284       0x10 app/libapp.a(main.c.obj)
 .rodata.line_range_2.0
                0x0000000008003294        0x2 zephyr/drivers/interrupt_controller/libdrivers__interrupt_controller.a(intc_exti_stm32.c.obj)
 .rodata.line_range_1.1
                0x0000000008003296        0x2 zephyr/drivers/interrupt_controller/libdrivers__interrupt_controller.a(intc_exti_stm32.c.obj)
 .rodata.line_range_0.2
                0x0000000008003298        0x2 zephyr/drivers/interrupt_controller/libdrivers__interrupt_controller.a(intc_exti_stm32.c.obj)
 .rodata.str1.1
                0x000000000800329a       0x1e zephyr/drivers/interrupt_controller/libdrivers__interrupt_controller.a(intc_exti_stm32.c.obj)
 .rodata.str1.1
                0x00000000080032b8        0xd zephyr/drivers/clock_control/libdrivers__clock_control.a(clock_stm32_ll_common.c.obj)
 .rodata.str1.1
                0x00000000080032c5       0x1c zephyr/drivers/gpio/libdrivers__gpio.a(gpio_stm32.c.obj)
 .rodata.str1.1
                0x00000000080032e1       0x11 zephyr/drivers/reset/libdrivers__reset.a(reset_stm32.c.obj)
 .rodata.str1.1
                0x00000000080032f2       0x10 zephyr/drivers/serial/libdrivers__serial.a(uart_stm32.c.obj)
 .rodata.AHBPrescTable
                0x0000000008003302       0x10 modules/hal_stm32/stm32cube/lib..__modules__hal__stm32__stm32cube.a(system_stm32f0xx.c.obj)
                0x0000000008003302                AHBPrescTable
 .rodata.aPredivFactorTable.0
                0x0000000008003312       0x10 modules/hal_stm32/stm32cube/lib..__modules__hal__stm32__stm32cube.a(stm32f0xx_hal_rcc.c.obj)
 .rodata.aPLLMULFactorTable.1
                0x0000000008003322       0x10 modules/hal_stm32/stm32cube/lib..__modules__hal__stm32__stm32cube.a(stm32f0xx_hal_rcc.c.obj)
 .rodata.z_cstart.str1.1
                0x0000000008003332        0x5 zephyr/kernel/libkernel.a(init.c.obj)
 .rodata.boot_banner.str1.1
                0x0000000008003337       0x3b zephyr/kernel/libkernel.a(banner.c.obj)
 .rodata.__l_vfprintf.str1.1
                0x0000000008003372        0xf /home/elias/zephyr-sdk-0.17.0/arm-zephyr-eabi/bin/../lib/gcc/../../picolibc/arm-zephyr-eabi/lib/thumb/v6-m/nofp/libc.a(libc_tinystdio_vflprintf.c.o)
 *(SORT_BY_ALIGNMENT(.gnu.linkonce.r.*))
                0x0000000008003384                . = ALIGN (0x4)
 *fill*         0x0000000008003381        0x3 
                0x0000000008003384                __rodata_region_end = .
                0x0000000008003384                . = ALIGN (_region_min_align)
                0x0000000008003384                __rom_region_end = ((__rom_region_start + .) - ADDR (rom_start))

/DISCARD/
 *(SORT_BY_ALIGNMENT(.got.plt))
 *(SORT_BY_ALIGNMENT(.igot.plt))
 *(SORT_BY_ALIGNMENT(.got))
 *(SORT_BY_ALIGNMENT(.igot))
                0x0000000020000000                . = 0x20000000
                0x0000000020000000                . = ALIGN (_region_min_align)
                0x0000000020000000                _image_ram_start = .

.ramfunc        0x0000000020000000        0x0 load address 0x0000000008003384
                0x0000000020000000                __ramfunc_region_start = .
                0x0000000020000000                . = ALIGN (_region_min_align)
                0x0000000020000000                __ramfunc_start = .
 *(SORT_BY_ALIGNMENT(.ramfunc))
 *(SORT_BY_ALIGNMENT(.ramfunc.*))
                0x0000000020000000                . = ALIGN (_region_min_align)
                0x0000000020000000                __ramfunc_end = .
                0x0000000000000000                __ramfunc_size = (__ramfunc_end - __ramfunc_start)
                0x0000000008003384                __ramfunc_load_start = LOADADDR (.ramfunc)

datas           0x0000000020000000       0x4c load address 0x0000000008003384
                0x0000000020000000                __data_region_start = .
                0x0000000020000000                __data_start = .
 *(SORT_BY_ALIGNMENT(.data))
 *(SORT_BY_ALIGNMENT(.data.*))
 .data._char_out
                0x0000000020000000        0x4 zephyr/libzephyr.a(printk.c.obj)
 .data.handler  0x0000000020000004        0x4 zephyr/arch/arch/arm/core/libarch__arm__core.a(nmi.c.obj)
 .data.__stdout
                0x0000000020000008       0x10 zephyr/lib/libc/picolibc/liblib__libc__picolibc.a(stdio.c.obj)
 .data.uart_stm32_data_0
                0x0000000020000018       0x10 zephyr/drivers/serial/libdrivers__serial.a(uart_stm32.c.obj)
 .data.uart_cfg_0
                0x0000000020000028        0x8 zephyr/drivers/serial/libdrivers__serial.a(uart_stm32.c.obj)
 .data.SystemCoreClock
                0x0000000020000030        0x4 modules/hal_stm32/stm32cube/lib..__modules__hal__stm32__stm32cube.a(system_stm32f0xx.c.obj)
                0x0000000020000030                SystemCoreClock
 .data.timeout_list
                0x0000000020000034        0x8 zephyr/kernel/libkernel.a(timeout.c.obj)
 .data.exti_irq_table
                0x000000002000003c       0x10 zephyr/drivers/interrupt_controller/libdrivers__interrupt_controller.a(intc_exti_stm32.c.obj)
 *(SORT_BY_ALIGNMENT(.kernel.*))
                0x000000002000004c                __data_end = .
                0x000000000000004c                __data_size = (__data_end - __data_start)
                0x0000000008003384                __data_load_start = LOADADDR (datas)
                0x0000000008003384                __data_region_load_start = LOADADDR (datas)

device_states   0x000000002000004c        0xc load address 0x00000000080033d0
                0x000000002000004c                __device_states_start = .
 *(SORT_BY_ALIGNMENT(.z_devstate))
 .z_devstate    0x000000002000004c        0x2 zephyr/drivers/interrupt_controller/libdrivers__interrupt_controller.a(intc_exti_stm32.c.obj)
 .z_devstate    0x000000002000004e        0x2 zephyr/drivers/clock_control/libdrivers__clock_control.a(clock_stm32_ll_common.c.obj)
 .z_devstate    0x0000000020000050        0x4 zephyr/drivers/gpio/libdrivers__gpio.a(gpio_stm32.c.obj)
 .z_devstate    0x0000000020000054        0x2 zephyr/drivers/reset/libdrivers__reset.a(reset_stm32.c.obj)
 .z_devstate    0x0000000020000056        0x2 zephyr/drivers/serial/libdrivers__serial.a(uart_stm32.c.obj)
 *(SORT_BY_ALIGNMENT(.z_devstate.*))
                0x0000000020000058                __device_states_end = .

log_mpsc_pbuf_area
                0x0000000020000058        0x0 load address 0x00000000080033dc
                0x0000000020000058                _log_mpsc_pbuf_list_start = .
 *(SORT_BY_NAME(SORT_BY_ALIGNMENT(._log_mpsc_pbuf.static.*)))
                0x0000000020000058                _log_mpsc_pbuf_list_end = .

log_msg_ptr_area
                0x0000000020000058        0x0 load address 0x00000000080033dc
                0x0000000020000058                _log_msg_ptr_list_start = .
 *(SORT_BY_NAME(SORT_BY_ALIGNMENT(._log_msg_ptr.static.*)))
                0x0000000020000058                _log_msg_ptr_list_end = .

log_dynamic_area
                0x0000000020000058        0x0 load address 0x00000000080033dc
                0x0000000020000058                _log_dynamic_list_start = .
 *(SORT_BY_NAME(SORT_BY_ALIGNMENT(._log_dynamic.static.*)))
                0x0000000020000058                _log_dynamic_list_end = .

k_timer_area    0x0000000020000058        0x0 load address 0x00000000080033dc
                0x0000000020000058                _k_timer_list_start = .
 *(SORT_BY_NAME(SORT_BY_ALIGNMENT(._k_timer.static.*)))
                0x0000000020000058                _k_timer_list_end = .

k_mem_slab_area
                0x0000000020000058        0x0 load address 0x00000000080033dc
                0x0000000020000058                _k_mem_slab_list_start = .
 *(SORT_BY_NAME(SORT_BY_ALIGNMENT(._k_mem_slab.static.*)))
                0x0000000020000058                _k_mem_slab_list_end = .

k_heap_area     0x0000000020000058        0x0 load address 0x00000000080033dc
                0x0000000020000058                _k_heap_list_start = .
 *(SORT_BY_NAME(SORT_BY_ALIGNMENT(._k_heap.static.*)))
                0x0000000020000058                _k_heap_list_end = .

k_mutex_area    0x0000000020000058        0x0 load address 0x00000000080033dc
                0x0000000020000058                _k_mutex_list_start = .
 *(SORT_BY_NAME(SORT_BY_ALIGNMENT(._k_mutex.static.*)))
                0x0000000020000058                _k_mutex_list_end = .

k_stack_area    0x0000000020000058        0x0 load address 0x00000000080033dc
                0x0000000020000058                _k_stack_list_start = .
 *(SORT_BY_NAME(SORT_BY_ALIGNMENT(._k_stack.static.*)))
                0x0000000020000058                _k_stack_list_end = .

k_msgq_area     0x0000000020000058        0x0 load address 0x00000000080033dc
                0x0000000020000058                _k_msgq_list_start = .
 *(SORT_BY_NAME(SORT_BY_ALIGNMENT(._k_msgq.static.*)))
                0x0000000020000058                _k_msgq_list_end = .

k_mbox_area     0x0000000020000058        0x0 load address 0x00000000080033dc
                0x0000000020000058                _k_mbox_list_start = .
 *(SORT_BY_NAME(SORT_BY_ALIGNMENT(._k_mbox.static.*)))
                0x0000000020000058                _k_mbox_list_end = .

k_pipe_area     0x0000000020000058        0x0 load address 0x00000000080033dc
                0x0000000020000058                _k_pipe_list_start = .
 *(SORT_BY_NAME(SORT_BY_ALIGNMENT(._k_pipe.static.*)))
                0x0000000020000058                _k_pipe_list_end = .

k_sem_area      0x0000000020000058        0x0 load address 0x00000000080033dc
                0x0000000020000058                _k_sem_list_start = .
 *(SORT_BY_NAME(SORT_BY_ALIGNMENT(._k_sem.static.*)))
                0x0000000020000058                _k_sem_list_end = .

k_event_area    0x0000000020000058        0x0 load address 0x00000000080033dc
                0x0000000020000058                _k_event_list_start = .
 *(SORT_BY_NAME(SORT_BY_ALIGNMENT(._k_event.static.*)))
                0x0000000020000058                _k_event_list_end = .

k_queue_area    0x0000000020000058        0x0 load address 0x00000000080033dc
                0x0000000020000058                _k_queue_list_start = .
 *(SORT_BY_NAME(SORT_BY_ALIGNMENT(._k_queue.static.*)))
                0x0000000020000058                _k_queue_list_end = .

k_fifo_area     0x0000000020000058        0x0 load address 0x00000000080033dc
                0x0000000020000058                _k_fifo_list_start = .
 *(SORT_BY_NAME(SORT_BY_ALIGNMENT(._k_fifo.static.*)))
                0x0000000020000058                _k_fifo_list_end = .

k_lifo_area     0x0000000020000058        0x0 load address 0x00000000080033dc
                0x0000000020000058                _k_lifo_list_start = .
 *(SORT_BY_NAME(SORT_BY_ALIGNMENT(._k_lifo.static.*)))
                0x0000000020000058                _k_lifo_list_end = .

k_condvar_area  0x0000000020000058        0x0 load address 0x00000000080033dc
                0x0000000020000058                _k_condvar_list_start = .
 *(SORT_BY_NAME(SORT_BY_ALIGNMENT(._k_condvar.static.*)))
                0x0000000020000058                _k_condvar_list_end = .

sys_mem_blocks_ptr_area
                0x0000000020000058        0x0 load address 0x00000000080033dc
                0x0000000020000058                _sys_mem_blocks_ptr_list_start = .
 *(SORT_BY_NAME(SORT_BY_ALIGNMENT(._sys_mem_blocks_ptr.static.*)))
                0x0000000020000058                _sys_mem_blocks_ptr_list_end = .

net_buf_pool_area
                0x0000000020000058        0x0 load address 0x00000000080033dc
                0x0000000020000058                _net_buf_pool_list_start = .
 *(SORT_BY_NAME(SORT_BY_ALIGNMENT(._net_buf_pool.static.*)))
                0x0000000020000058                _net_buf_pool_list_end = .
                0x0000000020000058                __data_region_end = .

/DISCARD/
 *(SORT_BY_ALIGNMENT(.irq_info*))
 *(SORT_BY_ALIGNMENT(.intList*))

.stab
 *(SORT_BY_ALIGNMENT(.stab))

.stabstr
 *(SORT_BY_ALIGNMENT(.stabstr))

.stab.excl
 *(SORT_BY_ALIGNMENT(.stab.excl))

.stab.exclstr
 *(SORT_BY_ALIGNMENT(.stab.exclstr))

.stab.index
 *(SORT_BY_ALIGNMENT(.stab.index))

.stab.indexstr
 *(SORT_BY_ALIGNMENT(.stab.indexstr))

.gnu.build.attributes
 *(SORT_BY_ALIGNMENT(.gnu.build.attributes) SORT_BY_ALIGNMENT(.gnu.build.attributes.*))

.comment        0x0000000000000000       0x20
 *(SORT_BY_ALIGNMENT(.comment))
 .comment       0x0000000000000000       0x20 zephyr/CMakeFiles/zephyr_final.dir/isr_tables.c.obj
                                         0x21 (size before relaxing)
 .comment       0x0000000000000020       0x21 zephyr/CMakeFiles/offsets.dir/./arch/arm/core/offsets/offsets.c.obj
 .comment       0x0000000000000020       0x21 app/libapp.a(main.c.obj)
 .comment       0x0000000000000020       0x21 zephyr/libzephyr.a(heap.c.obj)
 .comment       0x0000000000000020       0x21 zephyr/libzephyr.a(printk.c.obj)
 .comment       0x0000000000000020       0x21 zephyr/libzephyr.a(thread_entry.c.obj)
 .comment       0x0000000000000020       0x21 zephyr/libzephyr.a(configs.c.obj)
 .comment       0x0000000000000020       0x21 zephyr/libzephyr.a(soc_config.c.obj)
 .comment       0x0000000000000020       0x21 zephyr/libzephyr.a(soc.c.obj)
 .comment       0x0000000000000020       0x21 zephyr/arch/arch/arm/core/libarch__arm__core.a(fatal.c.obj)
 .comment       0x0000000000000020       0x21 zephyr/arch/arch/arm/core/libarch__arm__core.a(nmi.c.obj)
 .comment       0x0000000000000020       0x21 zephyr/arch/arch/arm/core/libarch__arm__core.a(tls.c.obj)
 .comment       0x0000000000000020       0x21 zephyr/arch/arch/arm/core/cortex_m/libarch__arm__core__cortex_m.a(exc_exit.c.obj)
 .comment       0x0000000000000020       0x21 zephyr/arch/arch/arm/core/cortex_m/libarch__arm__core__cortex_m.a(fault.c.obj)
 .comment       0x0000000000000020       0x21 zephyr/arch/arch/arm/core/cortex_m/libarch__arm__core__cortex_m.a(thread_abort.c.obj)
 .comment       0x0000000000000020       0x21 zephyr/arch/arch/arm/core/cortex_m/libarch__arm__core__cortex_m.a(irq_manage.c.obj)
 .comment       0x0000000000000020       0x21 zephyr/arch/arch/arm/core/cortex_m/libarch__arm__core__cortex_m.a(prep_c.c.obj)
 .comment       0x0000000000000020       0x21 zephyr/arch/arch/arm/core/cortex_m/libarch__arm__core__cortex_m.a(thread.c.obj)
 .comment       0x0000000000000020       0x21 zephyr/arch/arch/arm/core/cortex_m/libarch__arm__core__cortex_m.a(cpu_idle.c.obj)
 .comment       0x0000000000000020       0x21 zephyr/arch/arch/arm/core/cortex_m/libarch__arm__core__cortex_m.a(irq_init.c.obj)
 .comment       0x0000000000000020       0x21 zephyr/arch/arch/arm/core/cortex_m/libarch__arm__core__cortex_m.a(isr_wrapper.c.obj)
 .comment       0x0000000000000020       0x21 zephyr/lib/libc/picolibc/liblib__libc__picolibc.a(stdio.c.obj)
 .comment       0x0000000000000020       0x21 zephyr/lib/libc/common/liblib__libc__common.a(malloc.c.obj)
 .comment       0x0000000000000020       0x21 zephyr/drivers/interrupt_controller/libdrivers__interrupt_controller.a(intc_exti_stm32.c.obj)
 .comment       0x0000000000000020       0x21 zephyr/drivers/clock_control/libdrivers__clock_control.a(clock_stm32_ll_common.c.obj)
 .comment       0x0000000000000020       0x21 zephyr/drivers/clock_control/libdrivers__clock_control.a(clock_stm32f0_f3.c.obj)
 .comment       0x0000000000000020       0x21 zephyr/drivers/console/libdrivers__console.a(uart_console.c.obj)
 .comment       0x0000000000000020       0x21 zephyr/drivers/gpio/libdrivers__gpio.a(gpio_stm32.c.obj)
 .comment       0x0000000000000020       0x21 zephyr/drivers/pinctrl/libdrivers__pinctrl.a(common.c.obj)
 .comment       0x0000000000000020       0x21 zephyr/drivers/pinctrl/libdrivers__pinctrl.a(pinctrl_stm32.c.obj)
 .comment       0x0000000000000020       0x21 zephyr/drivers/reset/libdrivers__reset.a(reset_stm32.c.obj)
 .comment       0x0000000000000020       0x21 zephyr/drivers/serial/libdrivers__serial.a(uart_stm32.c.obj)
 .comment       0x0000000000000020       0x21 zephyr/drivers/timer/libdrivers__timer.a(cortex_m_systick.c.obj)
 .comment       0x0000000000000020       0x21 modules/hal_stm32/stm32cube/lib..__modules__hal__stm32__stm32cube.a(system_stm32f0xx.c.obj)
 .comment       0x0000000000000020       0x21 modules/hal_stm32/stm32cube/lib..__modules__hal__stm32__stm32cube.a(stm32f0xx_hal_rcc.c.obj)
 .comment       0x0000000000000020       0x21 modules/hal_stm32/stm32cube/lib..__modules__hal__stm32__stm32cube.a(stm32f0xx_ll_utils.c.obj)
 .comment       0x0000000000000020       0x21 zephyr/kernel/libkernel.a(device.c.obj)
 .comment       0x0000000000000020       0x21 zephyr/kernel/libkernel.a(fatal.c.obj)