Archive member included to satisfy reference by file (symbol)

app/libapp.a(main.c.obj)      (--whole-archive)
zephyr/libzephyr.a(heap.c.obj)
                              (--whole-archive)
zephyr/libzephyr.a(cbprintf_packaged.c.obj)
                              (--whole-archive)
zephyr/libzephyr.a(printk.c.obj)
                              (--whole-archive)
zephyr/libzephyr.a(sem.c.obj)
                              (--whole-archive)
zephyr/libzephyr.a(thread_entry.c.obj)
                              (--whole-archive)
zephyr/libzephyr.a(cbprintf_complete.c.obj)
                              (--whole-archive)
zephyr/libzephyr.a(assert.c.obj)
                              (--whole-archive)
zephyr/libzephyr.a(reboot.c.obj)
                              (--whole-archive)
zephyr/libzephyr.a(dec.c.obj)
                              (--whole-archive)
zephyr/libzephyr.a(hex.c.obj)
                              (--whole-archive)
zephyr/libzephyr.a(rb.c.obj)  (--whole-archive)
zephyr/libzephyr.a(timeutil.c.obj)
                              (--whole-archive)
zephyr/libzephyr.a(bitarray.c.obj)
                              (--whole-archive)
zephyr/libzephyr.a(configs.c.obj)
                              (--whole-archive)
zephyr/libzephyr.a(stm32cube_hal.c.obj)
                              (--whole-archive)
zephyr/libzephyr.a(soc_config.c.obj)
                              (--whole-archive)
zephyr/libzephyr.a(soc.c.obj)
                              (--whole-archive)
zephyr/libzephyr.a(tracing_none.c.obj)
                              (--whole-archive)
zephyr/arch/common/libarch__common.a(sw_isr_common.c.obj)
                              (--whole-archive)
zephyr/arch/arch/arm/core/libarch__arm__core.a(fatal.c.obj)
                              (--whole-archive)
zephyr/arch/arch/arm/core/libarch__arm__core.a(nmi.c.obj)
                              (--whole-archive)
zephyr/arch/arch/arm/core/libarch__arm__core.a(nmi_on_reset.S.obj)
                              (--whole-archive)
zephyr/arch/arch/arm/core/libarch__arm__core.a(tls.c.obj)
                              (--whole-archive)
zephyr/arch/arch/arm/core/cortex_m/libarch__arm__core__cortex_m.a(exc_exit.c.obj)
                              (--whole-archive)
zephyr/arch/arch/arm/core/cortex_m/libarch__arm__core__cortex_m.a(fault.c.obj)
                              (--whole-archive)
zephyr/arch/arch/arm/core/cortex_m/libarch__arm__core__cortex_m.a(fault_s.S.obj)
                              (--whole-archive)
zephyr/arch/arch/arm/core/cortex_m/libarch__arm__core__cortex_m.a(fpu.c.obj)
                              (--whole-archive)
zephyr/arch/arch/arm/core/cortex_m/libarch__arm__core__cortex_m.a(reset.S.obj)
                              (--whole-archive)
zephyr/arch/arch/arm/core/cortex_m/libarch__arm__core__cortex_m.a(scb.c.obj)
                              (--whole-archive)
zephyr/arch/arch/arm/core/cortex_m/libarch__arm__core__cortex_m.a(thread_abort.c.obj)
                              (--whole-archive)
zephyr/arch/arch/arm/core/cortex_m/libarch__arm__core__cortex_m.a(vector_table.S.obj)
                              (--whole-archive)
zephyr/arch/arch/arm/core/cortex_m/libarch__arm__core__cortex_m.a(swap_helper.S.obj)
                              (--whole-archive)
zephyr/arch/arch/arm/core/cortex_m/libarch__arm__core__cortex_m.a(irq_manage.c.obj)
                              (--whole-archive)
zephyr/arch/arch/arm/core/cortex_m/libarch__arm__core__cortex_m.a(prep_c.c.obj)
                              (--whole-archive)
zephyr/arch/arch/arm/core/cortex_m/libarch__arm__core__cortex_m.a(thread.c.obj)
                              (--whole-archive)
zephyr/arch/arch/arm/core/cortex_m/libarch__arm__core__cortex_m.a(cpu_idle.c.obj)
                              (--whole-archive)
zephyr/arch/arch/arm/core/cortex_m/libarch__arm__core__cortex_m.a(irq_init.c.obj)
                              (--whole-archive)
zephyr/arch/arch/arm/core/cortex_m/libarch__arm__core__cortex_m.a(isr_wrapper.c.obj)
                              (--whole-archive)
zephyr/arch/arch/arm/core/cortex_m/libarch__arm__core__cortex_m.a(__aeabi_read_tp.S.obj)
                              (--whole-archive)
zephyr/lib/libc/picolibc/liblib__libc__picolibc.a(assert.c.obj)
                              (--whole-archive)
zephyr/lib/libc/picolibc/liblib__libc__picolibc.a(cbprintf.c.obj)
                              (--whole-archive)
zephyr/lib/libc/picolibc/liblib__libc__picolibc.a(chk_fail.c.obj)
                              (--whole-archive)
zephyr/lib/libc/picolibc/liblib__libc__picolibc.a(errno_wrap.c.obj)
                              (--whole-archive)
zephyr/lib/libc/picolibc/liblib__libc__picolibc.a(exit.c.obj)
                              (--whole-archive)
zephyr/lib/libc/picolibc/liblib__libc__picolibc.a(locks.c.obj)
                              (--whole-archive)
zephyr/lib/libc/picolibc/liblib__libc__picolibc.a(stdio.c.obj)
                              (--whole-archive)
[...]
Memory Configuration

Name             Origin             Length             Attributes
FLASH            0x0000000008000000 0x0000000000004000 xr
RAM              0x0000000020000000 0x0000000000001000 xw
IDT_LIST         0x00000000ffff7fff 0x0000000000008000 xw
*default*        0x0000000000000000 0xffffffffffffffff

Linker script and memory map

                0x0000000008002694                vfprintf = __l_vfprintf
                0x0000000000000000                vfscanf = __l_vfscanf
LOAD zephyr/CMakeFiles/zephyr_pre0.dir/misc/empty_file.c.obj
LOAD zephyr/CMakeFiles/offsets.dir/./arch/arm/core/offsets/offsets.c.obj
LOAD app/libapp.a
LOAD zephyr/libzephyr.a
LOAD zephyr/arch/common/libarch__common.a
LOAD zephyr/arch/arch/arm/core/libarch__arm__core.a
LOAD zephyr/arch/arch/arm/core/cortex_m/libarch__arm__core__cortex_m.a
LOAD zephyr/lib/libc/picolibc/liblib__libc__picolibc.a
LOAD zephyr/lib/libc/common/liblib__libc__common.a
LOAD zephyr/drivers/interrupt_controller/libdrivers__interrupt_controller.a
LOAD zephyr/drivers/clock_control/libdrivers__clock_control.a
LOAD zephyr/drivers/console/libdrivers__console.a
LOAD zephyr/drivers/gpio/libdrivers__gpio.a
LOAD zephyr/drivers/pinctrl/libdrivers__pinctrl.a
LOAD zephyr/drivers/reset/libdrivers__reset.a
LOAD zephyr/drivers/serial/libdrivers__serial.a
LOAD zephyr/drivers/spi/libdrivers__spi.a
LOAD zephyr/drivers/timer/libdrivers__timer.a
LOAD modules/hal_stm32/stm32cube/lib..__modules__hal__stm32__stm32cube.a
LOAD zephyr/kernel/libkernel.a
LOAD zephyr/arch/common/libisr_tables.a
LOAD /home/elias/zephyr-sdk-0.17.0/arm-zephyr-eabi/bin/../lib/gcc/../../picolibc/arm-zephyr-eabi/lib/thumb/v6-m/nofp/libc.a
LOAD /home/elias/zephyr-sdk-0.17.0/arm-zephyr-eabi/bin/../lib/gcc/arm-zephyr-eabi/12.2.0/thumb/v6-m/nofp/libgcc.a
                0x0000000000000004                _region_min_align = 0x4

.rel.plt        0x0000000008000000        0x0
 *(SORT_BY_ALIGNMENT(.rel.plt))
                [!provide]                        PROVIDE (__rel_iplt_start = .)
 *(SORT_BY_ALIGNMENT(.rel.iplt))
 .rel.iplt      0x0000000008000000        0x0 app/libapp.a(main.c.obj)
                [!provide]                        PROVIDE (__rel_iplt_end = .)

.rela.plt       0x0000000000000000        0x0
 *(SORT_BY_ALIGNMENT(.rela.plt))
                [!provide]                        PROVIDE (__rela_iplt_start = .)
 *(SORT_BY_ALIGNMENT(.rela.iplt))
                [!provide]                        PROVIDE (__rela_iplt_end = .)

.rel.dyn
 *(SORT_BY_ALIGNMENT(.rel.*))

.rela.dyn
 *(SORT_BY_ALIGNMENT(.rela.*))

/DISCARD/
 *(SORT_BY_ALIGNMENT(.plt))

/DISCARD/
 *(SORT_BY_ALIGNMENT(.iplt))
                0x0000000008000000                __rom_region_start = 0x8000000

rom_start       0x0000000008000000       0xb0
                0x0000000008000000                __rom_start_address = .
 FILL mask 0x00
                0x0000000008000000                . = (. + (0x0 - (. - __rom_start_address)))
                0x0000000008000000                . = ALIGN (0x4)
                0x0000000008000000                _vector_start = .
 *(SORT_BY_ALIGNMENT(.exc_vector_table))
 *(SORT_BY_ALIGNMENT(.exc_vector_table.*))
 .exc_vector_table._vector_table_section
                0x0000000008000000       0x40 zephyr/arch/arch/arm/core/cortex_m/libarch__arm__core__cortex_m.a(vector_table.S.obj)
                0x0000000008000000                _vector_table
 *(SORT_BY_ALIGNMENT(.vectors))
                0x00000000080000b0                _vector_end = .
                0x0000000008000040                . = ALIGN (0x4)
 *(SORT_BY_ALIGNMENT(.gnu.linkonce.irq_vector_table*))
 .gnu.linkonce.irq_vector_table
                0x0000000008000040       0x70 zephyr/arch/common/libisr_tables.a(isr_tables.c.obj)
                0x0000000008000040                _irq_vector_table
                0x00000000080000b0                _vector_end = .

text            0x00000000080000b0     0x37b8
                0x00000000080000b0                __text_region_start = .
 *(SORT_BY_ALIGNMENT(.text))
 .text          0x00000000080000b0       0x14 /home/elias/zephyr-sdk-0.17.0/arm-zephyr-eabi/bin/../lib/gcc/arm-zephyr-eabi/12.2.0/thumb/v6-m/nofp/libgcc.a(_thumb1_case_uqi.o)
                0x00000000080000b0                __gnu_thumb1_case_uqi
 .text          0x00000000080000c4       0x8c /home/elias/zephyr-sdk-0.17.0/arm-zephyr-eabi/bin/../lib/gcc/arm-zephyr-eabi/12.2.0/thumb/v6-m/nofp/libgcc.a(_udivsi3.o)
                0x00000000080000c4                __udivsi3
                0x00000000080000c4                __aeabi_uidiv
                0x000000000800013c                __aeabi_uidivmod
 .text          0x0000000008000150        0x4 /home/elias/zephyr-sdk-0.17.0/arm-zephyr-eabi/bin/../lib/gcc/arm-zephyr-eabi/12.2.0/thumb/v6-m/nofp/libgcc.a(_dvmd_tls.o)
                0x0000000008000150                __aeabi_ldiv0
                0x0000000008000150                __aeabi_idiv0
 .text          0x0000000008000154       0x3c /home/elias/zephyr-sdk-0.17.0/arm-zephyr-eabi/bin/../lib/gcc/arm-zephyr-eabi/12.2.0/thumb/v6-m/nofp/libgcc.a(_clzsi2.o)
                0x0000000008000154                __clzsi2
 .text          0x0000000008000190       0x40 /home/elias/zephyr-sdk-0.17.0/arm-zephyr-eabi/bin/../lib/gcc/arm-zephyr-eabi/12.2.0/thumb/v6-m/nofp/libgcc.a(_aeabi_uldivmod.o)
                0x0000000008000190                __aeabi_uldivmod
 .text          0x00000000080001d0       0x18 /home/elias/zephyr-sdk-0.17.0/arm-zephyr-eabi/bin/../lib/gcc/arm-zephyr-eabi/12.2.0/thumb/v6-m/nofp/libgcc.a(_lshrdi3.o)
                0x00000000080001d0                __aeabi_llsr
                0x00000000080001d0                __lshrdi3
 .text          0x00000000080001e8       0x18 /home/elias/zephyr-sdk-0.17.0/arm-zephyr-eabi/bin/../lib/gcc/arm-zephyr-eabi/12.2.0/thumb/v6-m/nofp/libgcc.a(_ashldi3.o)
                0x00000000080001e8                __ashldi3
                0x00000000080001e8                __aeabi_llsl
 .text          0x0000000008000200       0x18 /home/elias/zephyr-sdk-0.17.0/arm-zephyr-eabi/bin/../lib/gcc/arm-zephyr-eabi/12.2.0/thumb/v6-m/nofp/libgcc.a(_clzdi2.o)
                0x0000000008000200                __clzdi2
 .text          0x0000000008000218       0xde /home/elias/zephyr-sdk-0.17.0/arm-zephyr-eabi/bin/../lib/gcc/arm-zephyr-eabi/12.2.0/thumb/v6-m/nofp/libgcc.a(_udivmoddi4.o)
                0x0000000008000218                __udivmoddi4
 *(SORT_BY_ALIGNMENT(.text.*))
 *fill*         0x00000000080002f6        0x2 
 .text.main     0x00000000080002f8       0x10 app/libapp.a(main.c.obj)
                0x00000000080002f8                main
 .text.char_out
                0x0000000008000308       0x10 zephyr/libzephyr.a(printk.c.obj)
 .text.__printk_hook_install
                0x0000000008000318        0xc zephyr/libzephyr.a(printk.c.obj)
                0x0000000008000318                __printk_hook_install
 .text.vprintk  0x0000000008000324       0x30 zephyr/libzephyr.a(printk.c.obj)
                0x0000000008000324                vprintk
 .text.z_thread_entry
                0x0000000008000354       0x30 zephyr/libzephyr.a(thread_entry.c.obj)
                0x0000000008000354                z_thread_entry
 .text.st_stm32_common_config
                0x0000000008000384       0x3c zephyr/libzephyr.a(soc_config.c.obj)
 .text.soc_early_init_hook
                0x00000000080003c0       0x20 zephyr/libzephyr.a(soc.c.obj)
                0x00000000080003c0                soc_early_init_hook
 .text.z_arm_nmi
                0x00000000080003e0       0x14 zephyr/arch/arch/arm/core/libarch__arm__core.a(nmi.c.obj)
                0x00000000080003e0                z_arm_nmi
 .text.z_SysNmiOnReset
                0x00000000080003f4        0x4 zephyr/arch/arch/arm/core/libarch__arm__core.a(nmi_on_reset.S.obj)
                0x00000000080003f4                z_SysNmiOnReset
 .text.arch_tls_stack_setup
                0x00000000080003f8       0x38 zephyr/arch/arch/arm/core/libarch__arm__core.a(tls.c.obj)
                0x00000000080003f8                arch_tls_stack_setup
 .text._HandlerModeExit
                0x0000000008000430       0x28 zephyr/arch/arch/arm/core/cortex_m/libarch__arm__core__cortex_m.a(exc_exit.c.obj)
                0x0000000008000430                z_arm_exc_exit
                0x0000000008000430                z_arm_int_exit
 .text.z_arm_fault
                0x0000000008000458       0xa8 zephyr/arch/arch/arm/core/cortex_m/libarch__arm__core__cortex_m.a(fault.c.obj)
                0x0000000008000458                z_arm_fault
 .text.z_arm_fault_init
                0x0000000008000500       0x10 zephyr/arch/arch/arm/core/cortex_m/libarch__arm__core__cortex_m.a(fault.c.obj)
                0x0000000008000500                z_arm_fault_init
 .text.__fault  0x0000000008000510       0x14 zephyr/arch/arch/arm/core/cortex_m/libarch__arm__core__cortex_m.a(fault_s.S.obj)
                0x0000000008000510                z_arm_exc_spurious
                0x0000000008000510                z_arm_hard_fault
 .text._reset_section
                0x0000000008000524       0x28 zephyr/arch/arch/arm/core/cortex_m/libarch__arm__core__cortex_m.a(reset.S.obj)
                0x0000000008000524                z_arm_reset
                0x0000000008000524                __start
 .text.z_impl_k_thread_abort
                0x000000000800054c       0x38 zephyr/arch/arch/arm/core/cortex_m/libarch__arm__core__cortex_m.a(thread_abort.c.obj)
                0x000000000800054c                z_impl_k_thread_abort
 .text.z_arm_pendsv
                0x0000000008000584       0x70 zephyr/arch/arch/arm/core/cortex_m/libarch__arm__core__cortex_m.a(swap_helper.S.obj)
                0x0000000008000584                z_arm_pendsv
 .text.z_arm_svc
                0x00000000080005f4       0x28 zephyr/arch/arch/arm/core/cortex_m/libarch__arm__core__cortex_m.a(swap_helper.S.obj)
                0x00000000080005f4                z_arm_svc
 .text.arch_irq_enable
                0x000000000800061c       0x18 zephyr/arch/arch/arm/core/cortex_m/libarch__arm__core__cortex_m.a(irq_manage.c.obj)
                0x000000000800061c                arch_irq_enable
 .text.z_arm_irq_priority_set
                0x0000000008000634       0x54 zephyr/arch/arch/arm/core/cortex_m/libarch__arm__core__cortex_m.a(irq_manage.c.obj)
                0x0000000008000634                z_arm_irq_priority_set
 .text.arch_new_thread
                0x0000000008000688       0x2c zephyr/arch/arch/arm/core/cortex_m/libarch__arm__core__cortex_m.a(thread.c.obj)
                0x0000000008000688                arch_new_thread
 .text.arch_switch_to_main_thread
                0x00000000080006b4       0x38 zephyr/arch/arch/arm/core/cortex_m/libarch__arm__core__cortex_m.a(thread.c.obj)
                0x00000000080006b4                arch_switch_to_main_thread
 .text.z_arm_cpu_idle_init
                0x00000000080006ec        0xc zephyr/arch/arch/arm/core/cortex_m/libarch__arm__core__cortex_m.a(cpu_idle.c.obj)
                0x00000000080006ec                z_arm_cpu_idle_init
 .text.z_arm_interrupt_init
                0x00000000080006f8       0x30 zephyr/arch/arch/arm/core/cortex_m/libarch__arm__core__cortex_m.a(irq_init.c.obj)
                0x00000000080006f8                z_arm_interrupt_init
 .text._isr_wrapper
                0x0000000008000728       0x20 zephyr/arch/arch/arm/core/cortex_m/libarch__arm__core__cortex_m.a(isr_wrapper.c.obj)
                0x0000000008000728                _isr_wrapper
 .text.z_impl_zephyr_fputc
                0x0000000008000748       0x10 zephyr/lib/libc/picolibc/liblib__libc__picolibc.a(stdio.c.obj)
                0x0000000008000748                z_impl_zephyr_fputc
 .text.__stdout_hook_install
                0x0000000008000758       0x18 zephyr/lib/libc/picolibc/liblib__libc__picolibc.a(stdio.c.obj)
                0x0000000008000758                __stdout_hook_install
 .text.malloc_prepare
                0x0000000008000770       0x24 zephyr/lib/libc/common/liblib__libc__common.a(malloc.c.obj)
 .text.stm32_exti_isr
                0x0000000008000794       0x44 zephyr/drivers/interrupt_controller/libdrivers__interrupt_controller.a(intc_exti_stm32.c.obj)
 .text.stm32_exti_init
                0x00000000080007d8       0x40 zephyr/drivers/interrupt_controller/libdrivers__interrupt_controller.a(intc_exti_stm32.c.obj)
 .text.stm32_gpio_intc_enable_line
                0x0000000008000818       0x30 zephyr/drivers/interrupt_controller/libdrivers__interrupt_controller.a(intc_exti_stm32.c.obj)
                0x0000000008000818                stm32_gpio_intc_enable_line
 .text.stm32_gpio_intc_disable_line
                0x0000000008000848       0x10 zephyr/drivers/interrupt_controller/libdrivers__interrupt_controller.a(intc_exti_stm32.c.obj)
                0x0000000008000848                stm32_gpio_intc_disable_line
 .text.stm32_gpio_intc_select_line_trigger
                0x0000000008000858       0x48 zephyr/drivers/interrupt_controller/libdrivers__interrupt_controller.a(intc_exti_stm32.c.obj)
                0x0000000008000858                stm32_gpio_intc_select_line_trigger
 .text.stm32_gpio_intc_set_irq_callback
                0x00000000080008a0       0x40 zephyr/drivers/interrupt_controller/libdrivers__interrupt_controller.a(intc_exti_stm32.c.obj)
                0x00000000080008a0                stm32_gpio_intc_set_irq_callback
 .text.stm32_gpio_intc_remove_irq_callback
                0x00000000080008e0       0x24 zephyr/drivers/interrupt_controller/libdrivers__interrupt_controller.a(intc_exti_stm32.c.obj)
                0x00000000080008e0                stm32_gpio_intc_remove_irq_callback
 .text.stm32_exti_set_line_src_port
                0x0000000008000904       0x24 zephyr/drivers/interrupt_controller/libdrivers__interrupt_controller.a(intc_exti_stm32.c.obj)
                0x0000000008000904                stm32_exti_set_line_src_port
 .text.stm32_exti_get_line_src_port
                0x0000000008000928       0x20 zephyr/drivers/interrupt_controller/libdrivers__interrupt_controller.a(intc_exti_stm32.c.obj)
                0x0000000008000928                stm32_exti_get_line_src_port
 .text.stm32_clock_control_on
                0x0000000008000948       0x40 zephyr/drivers/clock_control/libdrivers__clock_control.a(clock_stm32_ll_common.c.obj)
 .text.stm32_clock_control_off
                0x0000000008000988       0x30 zephyr/drivers/clock_control/libdrivers__clock_control.a(clock_stm32_ll_common.c.obj)
 .text.stm32_clock_control_get_subsys_rate
                0x00000000080009b8       0x74 zephyr/drivers/clock_control/libdrivers__clock_control.a(clock_stm32_ll_common.c.obj)
 .text.stm32_clock_control_configure
                0x0000000008000a2c       0x58 zephyr/drivers/clock_control/libdrivers__clock_control.a(clock_stm32_ll_common.c.obj)
 .text.stm32_clock_control_get_status
                0x0000000008000a84       0x34 zephyr/drivers/clock_control/libdrivers__clock_control.a(clock_stm32_ll_common.c.obj)
 .text.stm32_clock_control_init
                0x0000000008000ab8      0x104 zephyr/drivers/clock_control/libdrivers__clock_control.a(clock_stm32_ll_common.c.obj)
                0x0000000008000ab8                stm32_clock_control_init
 .text.config_pll_sysclock
                0x0000000008000bbc       0x24 zephyr/drivers/clock_control/libdrivers__clock_control.a(clock_stm32f0_f3.c.obj)
                0x0000000008000bbc                config_pll_sysclock
 .text.get_pllout_frequency
                0x0000000008000be0        0x8 zephyr/drivers/clock_control/libdrivers__clock_control.a(clock_stm32f0_f3.c.obj)
                0x0000000008000be0                get_pllout_frequency
 .text.config_enable_default_clocks
                0x0000000008000be8       0x30 zephyr/drivers/clock_control/libdrivers__clock_control.a(clock_stm32f0_f3.c.obj)
                0x0000000008000be8                config_enable_default_clocks
 .text.uart_console_init
                0x0000000008000c18       0x2c zephyr/drivers/console/libdrivers__console.a(uart_console.c.obj)
 .text.console_out
                0x0000000008000c44       0x28 zephyr/drivers/console/libdrivers__console.a(uart_console.c.obj)
 .text.gpio_stm32_pin_interrupt_configure
                0x0000000008000c6c       0xb0 zephyr/drivers/gpio/libdrivers__gpio.a(gpio_stm32.c.obj)
 .text.gpio_stm32_init
                0x0000000008000d1c       0x34 zephyr/drivers/gpio/libdrivers__gpio.a(gpio_stm32.c.obj)
 .text.pinctrl_configure_pins
                0x0000000008000d50       0x8c zephyr/drivers/pinctrl/libdrivers__pinctrl.a(pinctrl_stm32.c.obj)
                0x0000000008000d50                pinctrl_configure_pins
 .text.uart_stm32_set_baudrate
                0x0000000008000ddc       0x3c zephyr/drivers/serial/libdrivers__serial.a(uart_stm32.c.obj)
 .text.uart_stm32_irq_err_disable
                0x0000000008000e18       0x34 zephyr/drivers/serial/libdrivers__serial.a(uart_stm32.c.obj)
 .text.uart_stm32_parameters_set
                0x0000000008000e4c      0x140 zephyr/drivers/serial/libdrivers__serial.a(uart_stm32.c.obj)
 .text.uart_stm32_configure
                0x0000000008000f8c       0xc0 zephyr/drivers/serial/libdrivers__serial.a(uart_stm32.c.obj)
 .text.uart_stm32_init
                0x000000000800104c      0x154 zephyr/drivers/serial/libdrivers__serial.a(uart_stm32.c.obj)
 .text.uart_stm32_config_get
                0x00000000080011a0       0x94 zephyr/drivers/serial/libdrivers__serial.a(uart_stm32.c.obj)
 .text.spi_stm32_init
                0x0000000008001234       0xcc zephyr/drivers/spi/libdrivers__spi.a(spi_ll_stm32.c.obj)
 .text.spi_stm32_transceive
                0x0000000008001300      0x478 zephyr/drivers/spi/libdrivers__spi.a(spi_ll_stm32.c.obj)
 .text.elapsed  0x0000000008001778       0x54 zephyr/drivers/timer/libdrivers__timer.a(cortex_m_systick.c.obj)
 .text.sys_clock_driver_init
                0x00000000080017cc       0x40 zephyr/drivers/timer/libdrivers__timer.a(cortex_m_systick.c.obj)
 .text.sys_clock_isr
                0x000000000800180c       0x44 zephyr/drivers/timer/libdrivers__timer.a(cortex_m_systick.c.obj)
                0x000000000800180c                sys_clock_isr
 .text.sys_clock_set_timeout
                0x0000000008001850       0xf4 zephyr/drivers/timer/libdrivers__timer.a(cortex_m_systick.c.obj)
                0x0000000008001850                sys_clock_set_timeout
 .text.sys_clock_elapsed
                0x0000000008001944       0x34 zephyr/drivers/timer/libdrivers__timer.a(cortex_m_systick.c.obj)
                0x0000000008001944                sys_clock_elapsed
 .text.sys_clock_cycle_get_32
                0x0000000008001978       0x24 zephyr/drivers/timer/libdrivers__timer.a(cortex_m_systick.c.obj)
                0x0000000008001978                sys_clock_cycle_get_32
 .text.HAL_RCC_GetSysClockFreq
                0x000000000800199c       0x4c modules/hal_stm32/stm32cube/lib..__modules__hal__stm32__stm32cube.a(stm32f0xx_hal_rcc.c.obj)
                0x000000000800199c                HAL_RCC_GetSysClockFreq
 .text.LL_SetFlashLatency
                0x00000000080019e8       0x38 modules/hal_stm32/stm32cube/lib..__modules__hal__stm32__stm32cube.a(stm32f0xx_ll_utils.c.obj)
                0x00000000080019e8                LL_SetFlashLatency
 .text.z_fatal_error
                0x0000000008001a20       0x28 zephyr/kernel/libkernel.a(fatal.c.obj)
                0x0000000008001a20                z_fatal_error
 .text.z_sys_init_run_level
                0x0000000008001a48       0x30 zephyr/kernel/libkernel.a(init.c.obj)
 .text.bg_thread_main
                0x0000000008001a78       0xac zephyr/kernel/libkernel.a(init.c.obj)
 .text.z_bss_zero
                0x0000000008001b24       0x18 zephyr/kernel/libkernel.a(init.c.obj)
                0x0000000008001b24                z_bss_zero
 .text.z_init_cpu
                0x0000000008001b3c       0x68 zephyr/kernel/libkernel.a(init.c.obj)
                0x0000000008001b3c                z_init_cpu
 .text.z_cstart
                0x0000000008001ba4       0xb8 zephyr/kernel/libkernel.a(init.c.obj)
                0x0000000008001ba4                z_cstart
 .text.z_impl_k_sem_give
                0x0000000008001c5c       0x64 zephyr/kernel/libkernel.a(sem.c.obj)
                0x0000000008001c5c                z_impl_k_sem_give
 .text.z_impl_k_sem_take
                0x0000000008001cc0       0x4c zephyr/kernel/libkernel.a(sem.c.obj)
                0x0000000008001cc0                z_impl_k_sem_take
 .text.z_setup_new_thread
                0x0000000008001d0c       0x74 zephyr/kernel/libkernel.a(thread.c.obj)
                0x0000000008001d0c                z_setup_new_thread
 .text.z_swap_irqlock
                0x0000000008001d80       0x2c zephyr/kernel/libkernel.a(sched.c.obj)
 .text.unready_thread
                0x0000000008001dac       0x58 zephyr/kernel/libkernel.a(sched.c.obj)
 .text.ready_thread
                0x0000000008001e04       0x98 zephyr/kernel/libkernel.a(sched.c.obj)
 .text.z_thread_halt
                0x0000000008001e9c       0xfc zephyr/kernel/libkernel.a(sched.c.obj)
 .text.move_thread_to_end_of_prio_q
                0x0000000008001f98       0x9c zephyr/kernel/libkernel.a(sched.c.obj)
                0x0000000008001f98                move_thread_to_end_of_prio_q
 .text.z_pend_curr
                0x0000000008002034       0x50 zephyr/kernel/libkernel.a(sched.c.obj)
                0x0000000008002034                z_pend_curr
 .text.z_reschedule
                0x0000000008002084       0x2c zephyr/kernel/libkernel.a(sched.c.obj)
                0x0000000008002084                z_reschedule
 .text.z_reschedule_irqlock
                0x00000000080020b0       0x2c zephyr/kernel/libkernel.a(sched.c.obj)
                0x00000000080020b0                z_reschedule_irqlock
 .text.k_sched_lock
                0x00000000080020dc       0x20 zephyr/kernel/libkernel.a(sched.c.obj)
                0x00000000080020dc                k_sched_lock
 .text.k_sched_unlock
                0x00000000080020fc       0x60 zephyr/kernel/libkernel.a(sched.c.obj)
                0x00000000080020fc                k_sched_unlock
 .text.z_sched_init
                0x000000000800215c       0x14 zephyr/kernel/libkernel.a(sched.c.obj)
                0x000000000800215c                z_sched_init
 .text.z_impl_k_yield
                0x0000000008002170       0x8c zephyr/kernel/libkernel.a(sched.c.obj)
                0x0000000008002170                z_impl_k_yield
 .text.z_tick_sleep
                0x00000000080021fc       0x7c zephyr/kernel/libkernel.a(sched.c.obj)
 .text.z_impl_k_wakeup
                0x0000000008002278       0x44 zephyr/kernel/libkernel.a(sched.c.obj)
                0x0000000008002278                z_impl_k_wakeup
 .text.z_impl_k_sched_current_thread_query
                0x00000000080022bc        0xc zephyr/kernel/libkernel.a(sched.c.obj)
                0x00000000080022bc                z_impl_k_sched_current_thread_query
 .text.slice_timeout
                0x00000000080022c8       0x20 zephyr/kernel/libkernel.a(timeslicing.c.obj)
 .text.thread_is_sliceable
                0x00000000080022e8       0x40 zephyr/kernel/libkernel.a(timeslicing.c.obj)
                0x00000000080022e8                thread_is_sliceable
 .text.z_reset_time_slice
                0x0000000008002328       0x4c zephyr/kernel/libkernel.a(timeslicing.c.obj)
                0x0000000008002328                z_reset_time_slice
 .text.z_time_slice
                0x0000000008002374       0x58 zephyr/kernel/libkernel.a(timeslicing.c.obj)
                0x0000000008002374                z_time_slice
 .text.z_data_copy
                0x00000000080023cc       0x34 zephyr/kernel/libkernel.a(xip.c.obj)
                0x00000000080023cc                z_data_copy
 .text.elapsed  0x0000000008002400       0x18 zephyr/kernel/libkernel.a(timeout.c.obj)
 .text.remove_timeout
                0x0000000008002418       0x38 zephyr/kernel/libkernel.a(timeout.c.obj)
 .text.next_timeout
                0x0000000008002450       0x44 zephyr/kernel/libkernel.a(timeout.c.obj)
 .text.z_add_timeout
                0x0000000008002494       0xe8 zephyr/kernel/libkernel.a(timeout.c.obj)
                0x0000000008002494                z_add_timeout
 .text.sys_clock_announce
                0x000000000800257c       0xdc zephyr/kernel/libkernel.a(timeout.c.obj)
                0x000000000800257c                sys_clock_announce
 .text.sys_clock_tick_get
                0x0000000008002658       0x2c zephyr/kernel/libkernel.a(timeout.c.obj)
                0x0000000008002658                sys_clock_tick_get
 .text.boot_banner
                0x0000000008002684       0x10 zephyr/kernel/libkernel.a(banner.c.obj)
                0x0000000008002684                boot_banner
 .text.__l_vfprintf
                0x0000000008002694      0x4d0 /home/elias/zephyr-sdk-0.17.0/arm-zephyr-eabi/bin/../lib/gcc/../../picolibc/arm-zephyr-eabi/lib/thumb/v6-m/nofp/libc.a(libc_tinystdio_vflprintf.c.o)
                0x0000000008002694                __l_vfprintf
 .text._OffsetAbsSyms
                0x0000000008002b64        0x2 zephyr/CMakeFiles/offsets.dir/./arch/arm/core/offsets/offsets.c.obj
                0x0000000008002b64                _OffsetAbsSyms
 .text.chunk_size
                0x0000000008002b66        0xa zephyr/libzephyr.a(heap.c.obj)
 .text.free_list_add
                0x0000000008002b70       0x4e zephyr/libzephyr.a(heap.c.obj)
 .text.sys_heap_init
                0x0000000008002bbe       0x74 zephyr/libzephyr.a(heap.c.obj)
                0x0000000008002bbe                sys_heap_init
 .text.arch_printk_char_out
                0x0000000008002c32        0x4 zephyr/libzephyr.a(printk.c.obj)
                0x0000000008002c32                arch_printk_char_out
 .text.printk   0x0000000008002c36       0x16 zephyr/libzephyr.a(printk.c.obj)
                0x0000000008002c36                printk
 .text._ConfigAbsSyms
                0x0000000008002c4c        0x2 zephyr/libzephyr.a(configs.c.obj)
                0x0000000008002c4c                _ConfigAbsSyms
 .text.relocate_vector_table
                0x0000000008002c4e        0x2 zephyr/libzephyr.a(soc.c.obj)
                0x0000000008002c4e                relocate_vector_table
 .text.z_arm_fatal_error
                0x0000000008002c50       0x10 zephyr/arch/arch/arm/core/libarch__arm__core.a(fatal.c.obj)
                0x0000000008002c50                z_arm_fatal_error
 .text.z_do_kernel_oops
                0x0000000008002c60        0xc zephyr/arch/arch/arm/core/libarch__arm__core.a(fatal.c.obj)
                0x0000000008002c60                z_do_kernel_oops
 .text.z_irq_spurious
                0x0000000008002c6c        0xc zephyr/arch/arch/arm/core/cortex_m/libarch__arm__core__cortex_m.a(irq_manage.c.obj)
                0x0000000008002c6c                z_irq_spurious
 .text.z_prep_c
                0x0000000008002c78       0x16 zephyr/arch/arch/arm/core/cortex_m/libarch__arm__core__cortex_m.a(prep_c.c.obj)
                0x0000000008002c78                z_prep_c
 .text.arch_irq_unlock_outlined
                0x0000000008002c8e        0xc zephyr/arch/arch/arm/core/cortex_m/libarch__arm__core__cortex_m.a(thread.c.obj)
                0x0000000008002c8e                arch_irq_unlock_outlined
 .text.arch_cpu_idle
                0x0000000008002c9a        0xe zephyr/arch/arch/arm/core/cortex_m/libarch__arm__core__cortex_m.a(cpu_idle.c.obj)
                0x0000000008002c9a                arch_cpu_idle
 .text.picolibc_put
                0x0000000008002ca8        0xa zephyr/lib/libc/picolibc/liblib__libc__picolibc.a(stdio.c.obj)
 .text.stm32_gpio_intc_get_pin_irq_line
                0x0000000008002cb2        0x6 zephyr/drivers/interrupt_controller/libdrivers__interrupt_controller.a(intc_exti_stm32.c.obj)
                0x0000000008002cb2                stm32_gpio_intc_get_pin_irq_line
 .text.enabled_clock
                0x0000000008002cb8       0x12 zephyr/drivers/clock_control/libdrivers__clock_control.a(clock_stm32_ll_common.c.obj)
                0x0000000008002cb8                enabled_clock
 .text.config_regulator_voltage
                0x0000000008002cca        0x2 zephyr/drivers/clock_control/libdrivers__clock_control.a(clock_stm32_ll_common.c.obj)
                0x0000000008002cca                config_regulator_voltage
 .text.gpio_stm32_port_get_raw
                0x0000000008002ccc        0xc zephyr/drivers/gpio/libdrivers__gpio.a(gpio_stm32.c.obj)
 .text.gpio_stm32_port_set_masked_raw
                0x0000000008002cd8       0x12 zephyr/drivers/gpio/libdrivers__gpio.a(gpio_stm32.c.obj)
 .text.gpio_stm32_port_set_bits_raw
                0x0000000008002cea        0xa zephyr/drivers/gpio/libdrivers__gpio.a(gpio_stm32.c.obj)
 .text.gpio_stm32_port_clear_bits_raw
                0x0000000008002cf4        0xa zephyr/drivers/gpio/libdrivers__gpio.a(gpio_stm32.c.obj)
 .text.gpio_stm32_port_toggle_bits
                0x0000000008002cfe        0xe zephyr/drivers/gpio/libdrivers__gpio.a(gpio_stm32.c.obj)
 .text.gpio_stm32_manage_callback
                0x0000000008002d0c       0x58 zephyr/drivers/gpio/libdrivers__gpio.a(gpio_stm32.c.obj)
 .text.gpio_stm32_configure_raw.isra.0
                0x0000000008002d64       0xa0 zephyr/drivers/gpio/libdrivers__gpio.a(gpio_stm32.c.obj)
 .text.gpio_stm32_config
                0x0000000008002e04      0x15e zephyr/drivers/gpio/libdrivers__gpio.a(gpio_stm32.c.obj)
 .text.gpio_stm32_isr
                0x0000000008002f62       0x32 zephyr/drivers/gpio/libdrivers__gpio.a(gpio_stm32.c.obj)
 .text.gpio_stm32_configure
                0x0000000008002f94       0x2a zephyr/drivers/gpio/libdrivers__gpio.a(gpio_stm32.c.obj)
                0x0000000008002f94                gpio_stm32_configure
 .text.pinctrl_lookup_state
                0x0000000008002fbe       0x26 zephyr/drivers/pinctrl/libdrivers__pinctrl.a(common.c.obj)
                0x0000000008002fbe                pinctrl_lookup_state
 .text.reset_stm32_status
                0x0000000008002fe4       0x20 zephyr/drivers/reset/libdrivers__reset.a(reset_stm32.c.obj)
 .text.reset_stm32_line_assert
                0x0000000008003004       0x1c zephyr/drivers/reset/libdrivers__reset.a(reset_stm32.c.obj)
 .text.reset_stm32_line_deassert
                0x0000000008003020       0x1c zephyr/drivers/reset/libdrivers__reset.a(reset_stm32.c.obj)
 .text.reset_stm32_line_toggle
                0x000000000800303c       0x16 zephyr/drivers/reset/libdrivers__reset.a(reset_stm32.c.obj)
 .text.uart_stm32_err_check
                0x0000000008003052       0x4e zephyr/drivers/serial/libdrivers__serial.a(uart_stm32.c.obj)
 .text.uart_stm32_irq_tx_enable
                0x00000000080030a0       0x1c zephyr/drivers/serial/libdrivers__serial.a(uart_stm32.c.obj)
 .text.uart_stm32_irq_tx_disable
                0x00000000080030bc       0x1c zephyr/drivers/serial/libdrivers__serial.a(uart_stm32.c.obj)
 .text.uart_stm32_irq_rx_enable
                0x00000000080030d8       0x1c zephyr/drivers/serial/libdrivers__serial.a(uart_stm32.c.obj)
 .text.uart_stm32_irq_rx_disable
                0x00000000080030f4       0x1c zephyr/drivers/serial/libdrivers__serial.a(uart_stm32.c.obj)
 .text.uart_stm32_irq_rx_ready
                0x0000000008003110        0xc zephyr/drivers/serial/libdrivers__serial.a(uart_stm32.c.obj)
 .text.uart_stm32_irq_err_enable
                0x000000000800311c       0x2e zephyr/drivers/serial/libdrivers__serial.a(uart_stm32.c.obj)
 .text.uart_stm32_irq_update
                0x000000000800314a        0x4 zephyr/drivers/serial/libdrivers__serial.a(uart_stm32.c.obj)
 .text.uart_stm32_irq_callback_set
                0x000000000800314e        0x8 zephyr/drivers/serial/libdrivers__serial.a(uart_stm32.c.obj)
 .text.uart_stm32_isr
                0x0000000008003156       0x10 zephyr/drivers/serial/libdrivers__serial.a(uart_stm32.c.obj)
 .text.uart_stm32_irq_config_func_0
                0x0000000008003166       0x14 zephyr/drivers/serial/libdrivers__serial.a(uart_stm32.c.obj)
 .text.uart_stm32_irq_tx_complete
                0x000000000800317a        0xc zephyr/drivers/serial/libdrivers__serial.a(uart_stm32.c.obj)
 .text.uart_stm32_irq_tx_ready
                0x0000000008003186       0x14 zephyr/drivers/serial/libdrivers__serial.a(uart_stm32.c.obj)
 .text.uart_stm32_fifo_fill
                0x000000000800319a       0x4c zephyr/drivers/serial/libdrivers__serial.a(uart_stm32.c.obj)
 .text.uart_stm32_poll_out
                0x00000000080031e6       0x36 zephyr/drivers/serial/libdrivers__serial.a(uart_stm32.c.obj)
 .text.uart_stm32_irq_is_pending
                0x000000000800321c       0x24 zephyr/drivers/serial/libdrivers__serial.a(uart_stm32.c.obj)
 .text.uart_stm32_fifo_read
                0x0000000008003240       0x3e zephyr/drivers/serial/libdrivers__serial.a(uart_stm32.c.obj)
 .text.uart_stm32_poll_in
                0x000000000800327e       0x22 zephyr/drivers/serial/libdrivers__serial.a(uart_stm32.c.obj)
 .text.spi_context_get_next_buf
                0x00000000080032a0       0x34 zephyr/drivers/spi/libdrivers__spi.a(spi_ll_stm32.c.obj)
 .text.spi_context_buffers_setup
                0x00000000080032d4       0x62 zephyr/drivers/spi/libdrivers__spi.a(spi_ll_stm32.c.obj)
 .text.ll_func_disable_spi
                0x0000000008003336       0x1c zephyr/drivers/spi/libdrivers__spi.a(spi_ll_stm32.c.obj)
 .text.spi_stm32_send_next_frame
                0x0000000008003352       0xa8 zephyr/drivers/spi/libdrivers__spi.a(spi_ll_stm32.c.obj)
 .text.spi_stm32_read_next_frame
                0x00000000080033fa       0xa4 zephyr/drivers/spi/libdrivers__spi.a(spi_ll_stm32.c.obj)
 .text.gpio_pin_set_dt.isra.0
                0x000000000800349e       0x2e zephyr/drivers/spi/libdrivers__spi.a(spi_ll_stm32.c.obj)
 .text.spi_context_unlock_unconditionally
                0x00000000080034cc       0x32 zephyr/drivers/spi/libdrivers__spi.a(spi_ll_stm32.c.obj)
 .text.spi_stm32_release
                0x00000000080034fe       0x14 zephyr/drivers/spi/libdrivers__spi.a(spi_ll_stm32.c.obj)
 .text.z_impl_k_busy_wait
                0x0000000008003512       0x1c zephyr/kernel/libkernel.a(busy_wait.c.obj)
                0x0000000008003512                z_impl_k_busy_wait
 .text.z_device_state_init
                0x000000000800352e        0x2 zephyr/kernel/libkernel.a(device.c.obj)
                0x000000000800352e                z_device_state_init
 .text.z_impl_device_is_ready
                0x0000000008003530       0x1a zephyr/kernel/libkernel.a(device.c.obj)
                0x0000000008003530                z_impl_device_is_ready
 .text.arch_system_halt
                0x000000000800354a        0x8 zephyr/kernel/libkernel.a(fatal.c.obj)
                0x000000000800354a                arch_system_halt
 .text.k_sys_fatal_error_handler
                0x0000000008003552        0x6 zephyr/kernel/libkernel.a(fatal.c.obj)
                0x0000000008003552                k_sys_fatal_error_handler
 .text.do_device_init
                0x0000000008003558       0x30 zephyr/kernel/libkernel.a(init.c.obj)
 .text.z_early_memset
                0x0000000008003588        0x8 zephyr/kernel/libkernel.a(init.c.obj)
                0x0000000008003588                z_early_memset
 .text.z_early_memcpy
                0x0000000008003590        0x8 zephyr/kernel/libkernel.a(init.c.obj)
                0x0000000008003590                z_early_memcpy
 .text.z_init_static
                0x0000000008003598        0x2 zephyr/kernel/libkernel.a(init_static.c.obj)
                0x0000000008003598                z_init_static
 .text.idle     0x000000000800359a        0xe zephyr/kernel/libkernel.a(idle.c.obj)
                0x000000000800359a                idle
 .text.sys_dlist_remove
                0x00000000080035a8       0x10 zephyr/kernel/libkernel.a(sched.c.obj)
 .text.unpend_thread_no_timeout
                0x00000000080035b8       0x16 zephyr/kernel/libkernel.a(sched.c.obj)
 .text.add_to_waitq_locked
                0x00000000080035ce       0x52 zephyr/kernel/libkernel.a(sched.c.obj)
 .text.z_ready_thread
                0x0000000008003620       0x18 zephyr/kernel/libkernel.a(sched.c.obj)
                0x0000000008003620                z_ready_thread
 .text.z_sched_wake_thread
                0x0000000008003638       0x36 zephyr/kernel/libkernel.a(sched.c.obj)
                0x0000000008003638                z_sched_wake_thread
 .text.z_thread_timeout
                0x000000000800366e        0xc zephyr/kernel/libkernel.a(sched.c.obj)
                0x000000000800366e                z_thread_timeout
 .text.z_impl_k_sleep
                0x000000000800367a       0x2e zephyr/kernel/libkernel.a(sched.c.obj)
                0x000000000800367a                z_impl_k_sleep
 .text.z_thread_abort
                0x00000000080036a8       0x40 zephyr/kernel/libkernel.a(sched.c.obj)
                0x00000000080036a8                z_thread_abort
 .text.z_abort_timeout
                0x00000000080036e8       0x26 zephyr/kernel/libkernel.a(timeout.c.obj)
                0x00000000080036e8                z_abort_timeout
 .text.sys_clock_tick_get_32
                0x000000000800370e        0x8 zephyr/kernel/libkernel.a(timeout.c.obj)
                0x000000000800370e                sys_clock_tick_get_32
 .text.memcpy   0x0000000008003716       0x12 /home/elias/zephyr-sdk-0.17.0/arm-zephyr-eabi/bin/../lib/gcc/../../picolibc/arm-zephyr-eabi/lib/thumb/v6-m/nofp/libc.a(memcpy.c.o)
                0x0000000008003716                memcpy
                0x0000000008003716                __aeabi_memcpy
                0x0000000008003716                __aeabi_memcpy4
                0x0000000008003716                __aeabi_memcpy8
 .text.memset   0x0000000008003728       0x10 /home/elias/zephyr-sdk-0.17.0/arm-zephyr-eabi/bin/../lib/gcc/../../picolibc/arm-zephyr-eabi/lib/thumb/v6-m/nofp/libc.a(memset.c.o)
                0x0000000008003728                memset
 .text.strnlen  0x0000000008003738       0x16 /home/elias/zephyr-sdk-0.17.0/arm-zephyr-eabi/bin/../lib/gcc/../../picolibc/arm-zephyr-eabi/lib/thumb/v6-m/nofp/libc.a(libc_string_strnlen.c.o)
                0x0000000008003738                strnlen
 .text.__ultoa_invert
                0x000000000800374e      0x10e /home/elias/zephyr-sdk-0.17.0/arm-zephyr-eabi/bin/../lib/gcc/../../picolibc/arm-zephyr-eabi/lib/thumb/v6-m/nofp/libc.a(libc_tinystdio_vflprintf.c.o)
 *(SORT_BY_ALIGNMENT(.TEXT.*))
 .TEXT.__aeabi_read_tp
                0x000000000800385c        0xc zephyr/arch/arch/arm/core/cortex_m/libarch__arm__core__cortex_m.a(__aeabi_read_tp.S.obj)
                0x000000000800385c                __aeabi_read_tp
 *(SORT_BY_ALIGNMENT(.gnu.linkonce.t.*))
 *(SORT_BY_ALIGNMENT(.glue_7t))
 .glue_7t       0x0000000008003868        0x0 linker stubs
 *(SORT_BY_ALIGNMENT(.glue_7))
 .glue_7        0x0000000008003868        0x0 linker stubs
 *(SORT_BY_ALIGNMENT(.vfp11_veneer))
 .vfp11_veneer  0x0000000008003868        0x0 linker stubs
 *(SORT_BY_ALIGNMENT(.v4_bx))
 .v4_bx         0x0000000008003868        0x0 linker stubs
                0x0000000008003868                . = ALIGN (0x4)
                0x0000000008003868                __text_region_end = .

.ARM.exidx      0x0000000008003868        0x8
                0x0000000008003868                __exidx_start = .
 *(SORT_BY_ALIGNMENT(.ARM.exidx*) SORT_BY_ALIGNMENT(gnu.linkonce.armexidx.*))
 .ARM.exidx     0x0000000008003868        0x8 /home/elias/zephyr-sdk-0.17.0/arm-zephyr-eabi/bin/../lib/gcc/arm-zephyr-eabi/12.2.0/thumb/v6-m/nofp/libgcc.a(_udivmoddi4.o)
                0x0000000008003870                __exidx_end = .
                0x0000000008003870                __rodata_region_start = .

initlevel       0x0000000008003870       0x58
                0x0000000008003870                __init_start = .
                0x0000000008003870                __init_EARLY_start = .
 *(SORT_BY_NAME(SORT_BY_ALIGNMENT(.z_init_EARLY?_*)))
 *(SORT_BY_NAME(SORT_BY_ALIGNMENT(.z_init_EARLY??_*)))
                0x0000000008003870                __init_PRE_KERNEL_1_start = .
 *(SORT_BY_NAME(SORT_BY_ALIGNMENT(.z_init_PRE_KERNEL_1?_*)))
 .z_init_PRE_KERNEL_11_00008_
                0x0000000008003870        0x8 zephyr/drivers/clock_control/libdrivers__clock_control.a(clock_stm32_ll_common.c.obj)
 .z_init_PRE_KERNEL_11_0_
                0x0000000008003878        0x8 zephyr/libzephyr.a(soc_config.c.obj)
 *(SORT_BY_NAME(SORT_BY_ALIGNMENT(.z_init_PRE_KERNEL_1??_*)))
 .z_init_PRE_KERNEL_135_00031_
                0x0000000008003880        0x8 zephyr/drivers/reset/libdrivers__reset.a(reset_stm32.c.obj)
 .z_init_PRE_KERNEL_140_00022_
                0x0000000008003888        0x8 zephyr/drivers/gpio/libdrivers__gpio.a(gpio_stm32.c.obj)
 .z_init_PRE_KERNEL_140_00027_
                0x0000000008003890        0x8 zephyr/drivers/interrupt_controller/libdrivers__interrupt_controller.a(intc_exti_stm32.c.obj)
 .z_init_PRE_KERNEL_140_00038_
                0x0000000008003898        0x8 zephyr/drivers/gpio/libdrivers__gpio.a(gpio_stm32.c.obj)
 .z_init_PRE_KERNEL_150_00032_
                0x00000000080038a0        0x8 zephyr/drivers/serial/libdrivers__serial.a(uart_stm32.c.obj)
 .z_init_PRE_KERNEL_160_0_
                0x00000000080038a8        0x8 zephyr/drivers/console/libdrivers__console.a(uart_console.c.obj)
                0x00000000080038b0                __init_PRE_KERNEL_2_start = .
 *(SORT_BY_NAME(SORT_BY_ALIGNMENT(.z_init_PRE_KERNEL_2?_*)))
 .z_init_PRE_KERNEL_20_0_
                0x00000000080038b0        0x8 zephyr/drivers/timer/libdrivers__timer.a(cortex_m_systick.c.obj)
 *(SORT_BY_NAME(SORT_BY_ALIGNMENT(.z_init_PRE_KERNEL_2??_*)))
                0x00000000080038b8                __init_POST_KERNEL_start = .
 *(SORT_BY_NAME(SORT_BY_ALIGNMENT(.z_init_POST_KERNEL?_*)))
 *(SORT_BY_NAME(SORT_BY_ALIGNMENT(.z_init_POST_KERNEL??_*)))
 .z_init_POST_KERNEL35_0_
                0x00000000080038b8        0x8 zephyr/lib/libc/common/liblib__libc__common.a(malloc.c.obj)
 .z_init_POST_KERNEL50_00045_
                0x00000000080038c0        0x8 zephyr/drivers/spi/libdrivers__spi.a(spi_ll_stm32.c.obj)
                0x00000000080038c8                __init_APPLICATION_start = .
 *(SORT_BY_NAME(SORT_BY_ALIGNMENT(.z_init_APPLICATION?_*)))
 *(SORT_BY_NAME(SORT_BY_ALIGNMENT(.z_init_APPLICATION??_*)))
                0x00000000080038c8                __init_SMP_start = .
 *(SORT_BY_NAME(SORT_BY_ALIGNMENT(.z_init_SMP?_*)))
 *(SORT_BY_NAME(SORT_BY_ALIGNMENT(.z_init_SMP??_*)))
                0x00000000080038c8                __init_end = .
                0x00000000080038c8                __deferred_init_list_start = .
 *(SORT_BY_ALIGNMENT(.z_deferred_init*))
                0x00000000080038c8                __deferred_init_list_end = .

device_area     0x00000000080038c8       0x8c
                0x00000000080038c8                _device_list_start = .
 *(SORT_BY_NAME(SORT_BY_ALIGNMENT(._device.static.*_?_*)))
 ._device.static.1_1_
                0x00000000080038c8       0x14 zephyr/drivers/clock_control/libdrivers__clock_control.a(clock_stm32_ll_common.c.obj)
                0x00000000080038c8                __device_dts_ord_8
 *(SORT_BY_NAME(SORT_BY_ALIGNMENT(._device.static.*_??_*)))
 ._device.static.1_35_
                0x00000000080038dc       0x14 zephyr/drivers/reset/libdrivers__reset.a(reset_stm32.c.obj)
                0x00000000080038dc                __device_dts_ord_31
 ._device.static.1_40_
                0x00000000080038f0       0x14 zephyr/drivers/interrupt_controller/libdrivers__interrupt_controller.a(intc_exti_stm32.c.obj)
                0x00000000080038f0                __device_dts_ord_27
 ._device.static.1_40_
                0x0000000008003904       0x28 zephyr/drivers/gpio/libdrivers__gpio.a(gpio_stm32.c.obj)
                0x0000000008003904                __device_dts_ord_38
                0x0000000008003918                __device_dts_ord_22
 ._device.static.1_50_
                0x000000000800392c       0x14 zephyr/drivers/serial/libdrivers__serial.a(uart_stm32.c.obj)
                0x000000000800392c                __device_dts_ord_32
 ._device.static.3_50_
                0x0000000008003940       0x14 zephyr/drivers/spi/libdrivers__spi.a(spi_ll_stm32.c.obj)
                0x0000000008003940                __device_dts_ord_45
                0x0000000008003954                _device_list_end = .

sw_isr_table    0x0000000008003954       0xe0
                0x0000000008003954                . = ALIGN (0x4)
 *(SORT_BY_ALIGNMENT(.gnu.linkonce.sw_isr_table*))
 .gnu.linkonce.sw_isr_table
                0x0000000008003954       0xe0 zephyr/arch/common/libisr_tables.a(isr_tables.c.obj)
                0x0000000008003954                _sw_isr_table

initlevel_error
                0x0000000008003870        0x0
 *(SORT_BY_NAME(SORT_BY_ALIGNMENT(.z_init_[_A-Z0-9]*)))
                0x0000000000000001                ASSERT ((SIZEOF (initlevel_error) == 0x0), Undefined initialization levels used.)

app_shmem_regions
                0x0000000008003a34        0x0
                0x0000000008003a34                __app_shmem_regions_start = .
 *(SORT_BY_NAME(SORT_BY_ALIGNMENT(.app_regions.*)))
                0x0000000008003a34                __app_shmem_regions_end = .

k_p4wq_initparam_area
                0x0000000008003a34        0x0
                0x0000000008003a34                _k_p4wq_initparam_list_start = .
 *(SORT_BY_NAME(SORT_BY_ALIGNMENT(._k_p4wq_initparam.static.*)))
                0x0000000008003a34                _k_p4wq_initparam_list_end = .

_static_thread_data_area
                0x0000000008003a34        0x0
                0x0000000008003a34                __static_thread_data_list_start = .
 *(SORT_BY_NAME(SORT_BY_ALIGNMENT(.__static_thread_data.static.*)))
                0x0000000008003a34                __static_thread_data_list_end = .

device_deps     0x0000000008003a34        0x0
                0x0000000008003a34                __device_deps_start = .
 *(SORT_BY_NAME(SORT_BY_ALIGNMENT(.__device_deps_pass2*)))
                0x0000000008003a34                __device_deps_end = .

gpio_driver_api_area
                0x0000000008003a34       0x24
                0x0000000008003a34                _gpio_driver_api_list_start = .
 *(SORT_BY_NAME(SORT_BY_ALIGNMENT(._gpio_driver_api.static.*)))
 ._gpio_driver_api.static.gpio_stm32_driver_
                0x0000000008003a34       0x24 zephyr/drivers/gpio/libdrivers__gpio.a(gpio_stm32.c.obj)
                0x0000000008003a58                _gpio_driver_api_list_end = .

reset_driver_api_area
                0x0000000008003a58       0x10
                0x0000000008003a58                _reset_driver_api_list_start = .
 *(SORT_BY_NAME(SORT_BY_ALIGNMENT(._reset_driver_api.static.*)))
 ._reset_driver_api.static.reset_stm32_driver_api_
                0x0000000008003a58       0x10 zephyr/drivers/reset/libdrivers__reset.a(reset_stm32.c.obj)
                0x0000000008003a68                _reset_driver_api_list_end = .

spi_driver_api_area
                0x0000000008003a68        0x8
                0x0000000008003a68                _spi_driver_api_list_start = .
 *(SORT_BY_NAME(SORT_BY_ALIGNMENT(._spi_driver_api.static.*)))
 ._spi_driver_api.static.api_funcs_
                0x0000000008003a68        0x8 zephyr/drivers/spi/libdrivers__spi.a(spi_ll_stm32.c.obj)
                0x0000000008003a70                _spi_driver_api_list_end = .

shared_irq_driver_api_area
                0x0000000008003a70        0x0
                0x0000000008003a70                _shared_irq_driver_api_list_start = .
 *(SORT_BY_NAME(SORT_BY_ALIGNMENT(._shared_irq_driver_api.static.*)))
                0x0000000008003a70                _shared_irq_driver_api_list_end = .

crypto_driver_api_area
                0x0000000008003a70        0x0
                0x0000000008003a70                _crypto_driver_api_list_start = .
 *(SORT_BY_NAME(SORT_BY_ALIGNMENT(._crypto_driver_api.static.*)))
                0x0000000008003a70                _crypto_driver_api_list_end = .

adc_driver_api_area
                0x0000000008003a70        0x0
                0x0000000008003a70                _adc_driver_api_list_start = .
 *(SORT_BY_NAME(SORT_BY_ALIGNMENT(._adc_driver_api.static.*)))
                0x0000000008003a70                _adc_driver_api_list_end = .

auxdisplay_driver_api_area
                0x0000000008003a70        0x0
                0x0000000008003a70                _auxdisplay_driver_api_list_start = .
 *(SORT_BY_NAME(SORT_BY_ALIGNMENT(._auxdisplay_driver_api.static.*)))
                0x0000000008003a70                _auxdisplay_driver_api_list_end = .

bbram_driver_api_area
                0x0000000008003a70        0x0
                0x0000000008003a70                _bbram_driver_api_list_start = .
 *(SORT_BY_NAME(SORT_BY_ALIGNMENT(._bbram_driver_api.static.*)))
                0x0000000008003a70                _bbram_driver_api_list_end = .

bt_hci_driver_api_area
                0x0000000008003a70        0x0
                0x0000000008003a70                _bt_hci_driver_api_list_start = .
 *(SORT_BY_NAME(SORT_BY_ALIGNMENT(._bt_hci_driver_api.static.*)))
                0x0000000008003a70                _bt_hci_driver_api_list_end = .

can_driver_api_area
                0x0000000008003a70        0x0
                0x0000000008003a70                _can_driver_api_list_start = .
 *(SORT_BY_NAME(SORT_BY_ALIGNMENT(._can_driver_api.static.*)))
                0x0000000008003a70                _can_driver_api_list_end = .

cellular_driver_api_area
                0x0000000008003a70        0x0
                0x0000000008003a70                _cellular_driver_api_list_start = .
 *(SORT_BY_NAME(SORT_BY_ALIGNMENT(._cellular_driver_api.static.*)))
                0x0000000008003a70                _cellular_driver_api_list_end = .

charger_driver_api_area
                0x0000000008003a70        0x0
                0x0000000008003a70                _charger_driver_api_list_start = .
 *(SORT_BY_NAME(SORT_BY_ALIGNMENT(._charger_driver_api.static.*)))
                0x0000000008003a70                _charger_driver_api_list_end = .

clock_control_driver_api_area
                0x0000000008003a70       0x1c
                0x0000000008003a70                _clock_control_driver_api_list_start = .
 *(SORT_BY_NAME(SORT_BY_ALIGNMENT(._clock_control_driver_api.static.*)))
 ._clock_control_driver_api.static.stm32_clock_control_api_
                0x0000000008003a70       0x1c zephyr/drivers/clock_control/libdrivers__clock_control.a(clock_stm32_ll_common.c.obj)
                0x0000000008003a8c                _clock_control_driver_api_list_end = .

comparator_driver_api_area
                0x0000000008003a8c        0x0
                0x0000000008003a8c                _comparator_driver_api_list_start = .
 *(SORT_BY_NAME(SORT_BY_ALIGNMENT(._comparator_driver_api.static.*)))
                0x0000000008003a8c                _comparator_driver_api_list_end = .

coredump_driver_api_area
                0x0000000008003a8c        0x0
                0x0000000008003a8c                _coredump_driver_api_list_start = .
 *(SORT_BY_NAME(SORT_BY_ALIGNMENT(._coredump_driver_api.static.*)))
                0x0000000008003a8c                _coredump_driver_api_list_end = .

counter_driver_api_area
                0x0000000008003a8c        0x0
                0x0000000008003a8c                _counter_driver_api_list_start = .
 *(SORT_BY_NAME(SORT_BY_ALIGNMENT(._counter_driver_api.static.*)))
                0x0000000008003a8c                _counter_driver_api_list_end = .

dac_driver_api_area
                0x0000000008003a8c        0x0
                0x0000000008003a8c                _dac_driver_api_list_start = .
 *(SORT_BY_NAME(SORT_BY_ALIGNMENT(._dac_driver_api.static.*)))
                0x0000000008003a8c                _dac_driver_api_list_end = .

dai_driver_api_area
                0x0000000008003a8c        0x0
                0x0000000008003a8c                _dai_driver_api_list_start = .
 *(SORT_BY_NAME(SORT_BY_ALIGNMENT(._dai_driver_api.static.*)))
                0x0000000008003a8c                _dai_driver_api_list_end = .

display_driver_api_area
                0x0000000008003a8c        0x0
                0x0000000008003a8c                _display_driver_api_list_start = .
 *(SORT_BY_NAME(SORT_BY_ALIGNMENT(._display_driver_api.static.*)))
                0x0000000008003a8c                _display_driver_api_list_end = .

dma_driver_api_area
                0x0000000008003a8c        0x0
                0x0000000008003a8c                _dma_driver_api_list_start = .
 *(SORT_BY_NAME(SORT_BY_ALIGNMENT(._dma_driver_api.static.*)))
                0x0000000008003a8c                _dma_driver_api_list_end = .

edac_driver_api_area
                0x0000000008003a8c        0x0
                0x0000000008003a8c                _edac_driver_api_list_start = .
 *(SORT_BY_NAME(SORT_BY_ALIGNMENT(._edac_driver_api.static.*)))
                0x0000000008003a8c                _edac_driver_api_list_end = .

eeprom_driver_api_area
                0x0000000008003a8c        0x0
                0x0000000008003a8c                _eeprom_driver_api_list_start = .
 *(SORT_BY_NAME(SORT_BY_ALIGNMENT(._eeprom_driver_api.static.*)))
                0x0000000008003a8c                _eeprom_driver_api_list_end = .

emul_bbram_driver_api_area
                0x0000000008003a8c        0x0
                0x0000000008003a8c                _emul_bbram_driver_api_list_start = .
 *(SORT_BY_NAME(SORT_BY_ALIGNMENT(._emul_bbram_driver_api.static.*)))
                0x0000000008003a8c                _emul_bbram_driver_api_list_end = .

fuel_gauge_emul_driver_api_area
                0x0000000008003a8c        0x0
                0x0000000008003a8c                _fuel_gauge_emul_driver_api_list_start = .
 *(SORT_BY_NAME(SORT_BY_ALIGNMENT(._fuel_gauge_emul_driver_api.static.*)))
                0x0000000008003a8c                _fuel_gauge_emul_driver_api_list_end = .

emul_sensor_driver_api_area
                0x0000000008003a8c        0x0
                0x0000000008003a8c                _emul_sensor_driver_api_list_start = .
 *(SORT_BY_NAME(SORT_BY_ALIGNMENT(._emul_sensor_driver_api.static.*)))
                0x0000000008003a8c                _emul_sensor_driver_api_list_end = .

entropy_driver_api_area
                0x0000000008003a8c        0x0
                0x0000000008003a8c                _entropy_driver_api_list_start = .
 *(SORT_BY_NAME(SORT_BY_ALIGNMENT(._entropy_driver_api.static.*)))
                0x0000000008003a8c                _entropy_driver_api_list_end = .

espi_driver_api_area
                0x0000000008003a8c        0x0
                0x0000000008003a8c                _espi_driver_api_list_start = .
 *(SORT_BY_NAME(SORT_BY_ALIGNMENT(._espi_driver_api.static.*)))
                0x0000000008003a8c                _espi_driver_api_list_end = .

espi_saf_driver_api_area
                0x0000000008003a8c        0x0
                0x0000000008003a8c                _espi_saf_driver_api_list_start = .
 *(SORT_BY_NAME(SORT_BY_ALIGNMENT(._espi_saf_driver_api.static.*)))
                0x0000000008003a8c                _espi_saf_driver_api_list_end = .

flash_driver_api_area
                0x0000000008003a8c        0x0
                0x0000000008003a8c                _flash_driver_api_list_start = .
 *(SORT_BY_NAME(SORT_BY_ALIGNMENT(._flash_driver_api.static.*)))
                0x0000000008003a8c                _flash_driver_api_list_end = .

fpga_driver_api_area
                0x0000000008003a8c        0x0
                0x0000000008003a8c                _fpga_driver_api_list_start = .
 *(SORT_BY_NAME(SORT_BY_ALIGNMENT(._fpga_driver_api.static.*)))
                0x0000000008003a8c                _fpga_driver_api_list_end = .

fuel_gauge_driver_api_area
                0x0000000008003a8c        0x0
                0x0000000008003a8c                _fuel_gauge_driver_api_list_start = .
 *(SORT_BY_NAME(SORT_BY_ALIGNMENT(._fuel_gauge_driver_api.static.*)))
                0x0000000008003a8c                _fuel_gauge_driver_api_list_end = .

gnss_driver_api_area
                0x0000000008003a8c        0x0
                0x0000000008003a8c                _gnss_driver_api_list_start = .
 *(SORT_BY_NAME(SORT_BY_ALIGNMENT(._gnss_driver_api.static.*)))
                0x0000000008003a8c                _gnss_driver_api_list_end = .

haptics_driver_api_area
                0x0000000008003a8c        0x0
                0x0000000008003a8c                _haptics_driver_api_list_start = .
 *(SORT_BY_NAME(SORT_BY_ALIGNMENT(._haptics_driver_api.static.*)))
                0x0000000008003a8c                _haptics_driver_api_list_end = .

hwspinlock_driver_api_area
                0x0000000008003a8c        0x0
                0x0000000008003a8c                _hwspinlock_driver_api_list_start = .
 *(SORT_BY_NAME(SORT_BY_ALIGNMENT(._hwspinlock_driver_api.static.*)))
                0x0000000008003a8c                _hwspinlock_driver_api_list_end = .

i2c_driver_api_area
                0x0000000008003a8c        0x0
                0x0000000008003a8c                _i2c_driver_api_list_start = .
 *(SORT_BY_NAME(SORT_BY_ALIGNMENT(._i2c_driver_api.static.*)))
                0x0000000008003a8c                _i2c_driver_api_list_end = .

i2c_target_driver_api_area
                0x0000000008003a8c        0x0
                0x0000000008003a8c                _i2c_target_driver_api_list_start = .
 *(SORT_BY_NAME(SORT_BY_ALIGNMENT(._i2c_target_driver_api.static.*)))
                0x0000000008003a8c                _i2c_target_driver_api_list_end = .

i2s_driver_api_area
                0x0000000008003a8c        0x0
                0x0000000008003a8c                _i2s_driver_api_list_start = .
 *(SORT_BY_NAME(SORT_BY_ALIGNMENT(._i2s_driver_api.static.*)))
                0x0000000008003a8c                _i2s_driver_api_list_end = .

i3c_driver_api_area
                0x0000000008003a8c        0x0
                0x0000000008003a8c                _i3c_driver_api_list_start = .
 *(SORT_BY_NAME(SORT_BY_ALIGNMENT(._i3c_driver_api.static.*)))
                0x0000000008003a8c                _i3c_driver_api_list_end = .

ipm_driver_api_area
                0x0000000008003a8c        0x0
                0x0000000008003a8c                _ipm_driver_api_list_start = .
 *(SORT_BY_NAME(SORT_BY_ALIGNMENT(._ipm_driver_api.static.*)))
                0x0000000008003a8c                _ipm_driver_api_list_end = .

kscan_driver_api_area
                0x0000000008003a8c        0x0
                0x0000000008003a8c                _kscan_driver_api_list_start = .
 *(SORT_BY_NAME(SORT_BY_ALIGNMENT(._kscan_driver_api.static.*)))
                0x0000000008003a8c                _kscan_driver_api_list_end = .

led_driver_api_area
                0x0000000008003a8c        0x0
                0x0000000008003a8c                _led_driver_api_list_start = .
 *(SORT_BY_NAME(SORT_BY_ALIGNMENT(._led_driver_api.static.*)))
                0x0000000008003a8c                _led_driver_api_list_end = .

led_strip_driver_api_area
                0x0000000008003a8c        0x0
                0x0000000008003a8c                _led_strip_driver_api_list_start = .
 *(SORT_BY_NAME(SORT_BY_ALIGNMENT(._led_strip_driver_api.static.*)))
                0x0000000008003a8c                _led_strip_driver_api_list_end = .

lora_driver_api_area
                0x0000000008003a8c        0x0
                0x0000000008003a8c                _lora_driver_api_list_start = .
 *(SORT_BY_NAME(SORT_BY_ALIGNMENT(._lora_driver_api.static.*)))
                0x0000000008003a8c                _lora_driver_api_list_end = .

mbox_driver_api_area
                0x0000000008003a8c        0x0
                0x0000000008003a8c                _mbox_driver_api_list_start = .
 *(SORT_BY_NAME(SORT_BY_ALIGNMENT(._mbox_driver_api.static.*)))
                0x0000000008003a8c                _mbox_driver_api_list_end = .

mdio_driver_api_area
                0x0000000008003a8c        0x0
                0x0000000008003a8c                _mdio_driver_api_list_start = .
 *(SORT_BY_NAME(SORT_BY_ALIGNMENT(._mdio_driver_api.static.*)))
                0x0000000008003a8c                _mdio_driver_api_list_end = .

mipi_dbi_driver_api_area
                0x0000000008003a8c        0x0
                0x0000000008003a8c                _mipi_dbi_driver_api_list_start = .
 *(SORT_BY_NAME(SORT_BY_ALIGNMENT(._mipi_dbi_driver_api.static.*)))
                0x0000000008003a8c                _mipi_dbi_driver_api_list_end = .

mipi_dsi_driver_api_area
                0x0000000008003a8c        0x0
                0x0000000008003a8c                _mipi_dsi_driver_api_list_start = .
 *(SORT_BY_NAME(SORT_BY_ALIGNMENT(._mipi_dsi_driver_api.static.*)))
                0x0000000008003a8c                _mipi_dsi_driver_api_list_end = .

mspi_driver_api_area
                0x0000000008003a8c        0x0
                0x0000000008003a8c                _mspi_driver_api_list_start = .
 *(SORT_BY_NAME(SORT_BY_ALIGNMENT(._mspi_driver_api.static.*)))
                0x0000000008003a8c                _mspi_driver_api_list_end = .

peci_driver_api_area
                0x0000000008003a8c        0x0
                0x0000000008003a8c                _peci_driver_api_list_start = .
 *(SORT_BY_NAME(SORT_BY_ALIGNMENT(._peci_driver_api.static.*)))
                0x0000000008003a8c                _peci_driver_api_list_end = .

ps2_driver_api_area
                0x0000000008003a8c        0x0
                0x0000000008003a8c                _ps2_driver_api_list_start = .
 *(SORT_BY_NAME(SORT_BY_ALIGNMENT(._ps2_driver_api.static.*)))
                0x0000000008003a8c                _ps2_driver_api_list_end = .

ptp_clock_driver_api_area
                0x0000000008003a8c        0x0
                0x0000000008003a8c                _ptp_clock_driver_api_list_start = .
 *(SORT_BY_NAME(SORT_BY_ALIGNMENT(._ptp_clock_driver_api.static.*)))
                0x0000000008003a8c                _ptp_clock_driver_api_list_end = .

pwm_driver_api_area
                0x0000000008003a8c        0x0
                0x0000000008003a8c                _pwm_driver_api_list_start = .
 *(SORT_BY_NAME(SORT_BY_ALIGNMENT(._pwm_driver_api.static.*)))
                0x0000000008003a8c                _pwm_driver_api_list_end = .

regulator_parent_driver_api_area
                0x0000000008003a8c        0x0
                0x0000000008003a8c                _regulator_parent_driver_api_list_start = .
 *(SORT_BY_NAME(SORT_BY_ALIGNMENT(._regulator_parent_driver_api.static.*)))
                0x0000000008003a8c                _regulator_parent_driver_api_list_end = .

regulator_driver_api_area
                0x0000000008003a8c        0x0
                0x0000000008003a8c                _regulator_driver_api_list_start = .
 *(SORT_BY_NAME(SORT_BY_ALIGNMENT(._regulator_driver_api.static.*)))
                0x0000000008003a8c                _regulator_driver_api_list_end = .

retained_mem_driver_api_area
                0x0000000008003a8c        0x0
                0x0000000008003a8c                _retained_mem_driver_api_list_start = .
 *(SORT_BY_NAME(SORT_BY_ALIGNMENT(._retained_mem_driver_api.static.*)))
                0x0000000008003a8c                _retained_mem_driver_api_list_end = .

rtc_driver_api_area
                0x0000000008003a8c        0x0
                0x0000000008003a8c                _rtc_driver_api_list_start = .
 *(SORT_BY_NAME(SORT_BY_ALIGNMENT(._rtc_driver_api.static.*)))
                0x0000000008003a8c                _rtc_driver_api_list_end = .

sdhc_driver_api_area
                0x0000000008003a8c        0x0
                0x0000000008003a8c                _sdhc_driver_api_list_start = .
 *(SORT_BY_NAME(SORT_BY_ALIGNMENT(._sdhc_driver_api.static.*)))
                0x0000000008003a8c                _sdhc_driver_api_list_end = .

sensor_driver_api_area
                0x0000000008003a8c        0x0
                0x0000000008003a8c                _sensor_driver_api_list_start = .
 *(SORT_BY_NAME(SORT_BY_ALIGNMENT(._sensor_driver_api.static.*)))
                0x0000000008003a8c                _sensor_driver_api_list_end = .

smbus_driver_api_area
                0x0000000008003a8c        0x0
                0x0000000008003a8c                _smbus_driver_api_list_start = .
 *(SORT_BY_NAME(SORT_BY_ALIGNMENT(._smbus_driver_api.static.*)))
                0x0000000008003a8c                _smbus_driver_api_list_end = .

stepper_driver_api_area
                0x0000000008003a8c        0x0
                0x0000000008003a8c                _stepper_driver_api_list_start = .
 *(SORT_BY_NAME(SORT_BY_ALIGNMENT(._stepper_driver_api.static.*)))
                0x0000000008003a8c                _stepper_driver_api_list_end = .

syscon_driver_api_area
                0x0000000008003a8c        0x0
                0x0000000008003a8c                _syscon_driver_api_list_start = .
 *(SORT_BY_NAME(SORT_BY_ALIGNMENT(._syscon_driver_api.static.*)))
                0x0000000008003a8c                _syscon_driver_api_list_end = .

tee_driver_api_area
                0x0000000008003a8c        0x0
                0x0000000008003a8c                _tee_driver_api_list_start = .
 *(SORT_BY_NAME(SORT_BY_ALIGNMENT(._tee_driver_api.static.*)))
                0x0000000008003a8c                _tee_driver_api_list_end = .

video_driver_api_area
                0x0000000008003a8c        0x0
                0x0000000008003a8c                _video_driver_api_list_start = .
 *(SORT_BY_NAME(SORT_BY_ALIGNMENT(._video_driver_api.static.*)))
                0x0000000008003a8c                _video_driver_api_list_end = .

w1_driver_api_area
                0x0000000008003a8c        0x0
                0x0000000008003a8c                _w1_driver_api_list_start = .
 *(SORT_BY_NAME(SORT_BY_ALIGNMENT(._w1_driver_api.static.*)))
                0x0000000008003a8c                _w1_driver_api_list_end = .

wdt_driver_api_area
                0x0000000008003a8c        0x0
                0x0000000008003a8c                _wdt_driver_api_list_start = .
 *(SORT_BY_NAME(SORT_BY_ALIGNMENT(._wdt_driver_api.static.*)))
                0x0000000008003a8c                _wdt_driver_api_list_end = .

can_transceiver_driver_api_area
                0x0000000008003a8c        0x0
                0x0000000008003a8c                _can_transceiver_driver_api_list_start = .
 *(SORT_BY_NAME(SORT_BY_ALIGNMENT(._can_transceiver_driver_api.static.*)))
                0x0000000008003a8c                _can_transceiver_driver_api_list_end = .

nrf_clock_control_driver_api_area
                0x0000000008003a8c        0x0
                0x0000000008003a8c                _nrf_clock_control_driver_api_list_start = .
 *(SORT_BY_NAME(SORT_BY_ALIGNMENT(._nrf_clock_control_driver_api.static.*)))
                0x0000000008003a8c                _nrf_clock_control_driver_api_list_end = .

i3c_target_driver_api_area
                0x0000000008003a8c        0x0
                0x0000000008003a8c                _i3c_target_driver_api_list_start = .
 *(SORT_BY_NAME(SORT_BY_ALIGNMENT(._i3c_target_driver_api.static.*)))
                0x0000000008003a8c                _i3c_target_driver_api_list_end = .

its_driver_api_area
                0x0000000008003a8c        0x0
                0x0000000008003a8c                _its_driver_api_list_start = .
 *(SORT_BY_NAME(SORT_BY_ALIGNMENT(._its_driver_api.static.*)))
                0x0000000008003a8c                _its_driver_api_list_end = .

vtd_driver_api_area
                0x0000000008003a8c        0x0
                0x0000000008003a8c                _vtd_driver_api_list_start = .
 *(SORT_BY_NAME(SORT_BY_ALIGNMENT(._vtd_driver_api.static.*)))
                0x0000000008003a8c                _vtd_driver_api_list_end = .

tgpio_driver_api_area
                0x0000000008003a8c        0x0
                0x0000000008003a8c                _tgpio_driver_api_list_start = .
 *(SORT_BY_NAME(SORT_BY_ALIGNMENT(._tgpio_driver_api.static.*)))
                0x0000000008003a8c                _tgpio_driver_api_list_end = .

pcie_ctrl_driver_api_area
                0x0000000008003a8c        0x0
                0x0000000008003a8c                _pcie_ctrl_driver_api_list_start = .
 *(SORT_BY_NAME(SORT_BY_ALIGNMENT(._pcie_ctrl_driver_api.static.*)))
                0x0000000008003a8c                _pcie_ctrl_driver_api_list_end = .

pcie_ep_driver_api_area
                0x0000000008003a8c        0x0
                0x0000000008003a8c                _pcie_ep_driver_api_list_start = .
 *(SORT_BY_NAME(SORT_BY_ALIGNMENT(._pcie_ep_driver_api.static.*)))
                0x0000000008003a8c                _pcie_ep_driver_api_list_end = .

svc_driver_api_area
                0x0000000008003a8c        0x0
                0x0000000008003a8c                _svc_driver_api_list_start = .
 *(SORT_BY_NAME(SORT_BY_ALIGNMENT(._svc_driver_api.static.*)))
                0x0000000008003a8c                _svc_driver_api_list_end = .

uart_driver_api_area
                0x0000000008003a8c       0x4c
                0x0000000008003a8c                _uart_driver_api_list_start = .
 *(SORT_BY_NAME(SORT_BY_ALIGNMENT(._uart_driver_api.static.*)))
 ._uart_driver_api.static.uart_stm32_driver_api_
                0x0000000008003a8c       0x4c zephyr/drivers/serial/libdrivers__serial.a(uart_stm32.c.obj)
                0x0000000008003ad8                _uart_driver_api_list_end = .

bc12_emul_driver_api_area
                0x0000000008003ad8        0x0
                0x0000000008003ad8                _bc12_emul_driver_api_list_start = .
 *(SORT_BY_NAME(SORT_BY_ALIGNMENT(._bc12_emul_driver_api.static.*)))
                0x0000000008003ad8                _bc12_emul_driver_api_list_end = .

bc12_driver_api_area
                0x0000000008003ad8        0x0
                0x0000000008003ad8                _bc12_driver_api_list_start = .
 *(SORT_BY_NAME(SORT_BY_ALIGNMENT(._bc12_driver_api.static.*)))
                0x0000000008003ad8                _bc12_driver_api_list_end = .

usbc_ppc_driver_api_area
                0x0000000008003ad8        0x0
                0x0000000008003ad8                _usbc_ppc_driver_api_list_start = .
 *(SORT_BY_NAME(SORT_BY_ALIGNMENT(._usbc_ppc_driver_api.static.*)))
                0x0000000008003ad8                _usbc_ppc_driver_api_list_end = .

tcpc_driver_api_area
                0x0000000008003ad8        0x0
                0x0000000008003ad8                _tcpc_driver_api_list_start = .
 *(SORT_BY_NAME(SORT_BY_ALIGNMENT(._tcpc_driver_api.static.*)))
                0x0000000008003ad8                _tcpc_driver_api_list_end = .

usbc_vbus_driver_api_area
                0x0000000008003ad8        0x0
                0x0000000008003ad8                _usbc_vbus_driver_api_list_start = .
 *(SORT_BY_NAME(SORT_BY_ALIGNMENT(._usbc_vbus_driver_api.static.*)))
                0x0000000008003ad8                _usbc_vbus_driver_api_list_end = .

ivshmem_driver_api_area
                0x0000000008003ad8        0x0
                0x0000000008003ad8                _ivshmem_driver_api_list_start = .
 *(SORT_BY_NAME(SORT_BY_ALIGNMENT(._ivshmem_driver_api.static.*)))
                0x0000000008003ad8                _ivshmem_driver_api_list_end = .

ethphy_driver_api_area
                0x0000000008003ad8        0x0
                0x0000000008003ad8                _ethphy_driver_api_list_start = .
 *(SORT_BY_NAME(SORT_BY_ALIGNMENT(._ethphy_driver_api.static.*)))
                0x0000000008003ad8                _ethphy_driver_api_list_end = .

ztest           0x0000000008003ad8        0x0
                0x0000000008003ad8                _ztest_expected_result_entry_list_start = .
 *(SORT_BY_NAME(SORT_BY_ALIGNMENT(._ztest_expected_result_entry.static.*)))
                0x0000000008003ad8                _ztest_expected_result_entry_list_end = .
                0x0000000008003ad8                _ztest_suite_node_list_start = .
 *(SORT_BY_NAME(SORT_BY_ALIGNMENT(._ztest_suite_node.static.*)))
                0x0000000008003ad8                _ztest_suite_node_list_end = .
                0x0000000008003ad8                _ztest_unit_test_list_start = .
 *(SORT_BY_NAME(SORT_BY_ALIGNMENT(._ztest_unit_test.static.*)))
                0x0000000008003ad8                _ztest_unit_test_list_end = .
                0x0000000008003ad8                _ztest_test_rule_list_start = .
 *(SORT_BY_NAME(SORT_BY_ALIGNMENT(._ztest_test_rule.static.*)))
                0x0000000008003ad8                _ztest_test_rule_list_end = .

init_array      0x0000000008003ad8        0x0
 *(SORT_BY_NAME(SORT_BY_ALIGNMENT(.ctors*)))
 *(SORT_BY_NAME(SORT_BY_ALIGNMENT(.init_array*)))
                0x0000000000000001                ASSERT ((SIZEOF (init_array) == 0x0), GNU-style constructors required but STATIC_INIT_GNU not enabled)

bt_l2cap_fixed_chan_area
                0x0000000008003ad8        0x0
                0x0000000008003ad8                _bt_l2cap_fixed_chan_list_start = .
 *(SORT_BY_NAME(SORT_BY_ALIGNMENT(._bt_l2cap_fixed_chan.static.*)))
                0x0000000008003ad8                _bt_l2cap_fixed_chan_list_end = .

bt_gatt_service_static_area
                0x0000000008003ad8        0x0
                0x0000000008003ad8                _bt_gatt_service_static_list_start = .
 *(SORT_BY_NAME(SORT_BY_ALIGNMENT(._bt_gatt_service_static.static.*)))
                0x0000000008003ad8                _bt_gatt_service_static_list_end = .

log_strings_area
                0x0000000008003ad8        0x0
                0x0000000008003ad8                _log_strings_list_start = .
 *(SORT_BY_NAME(SORT_BY_ALIGNMENT(._log_strings.static.*)))
                0x0000000008003ad8                _log_strings_list_end = .

log_stmesp_ptr_area
                0x0000000008003ad8        0x0
                0x0000000008003ad8                _log_stmesp_ptr_list_start = .
 *(SORT_BY_NAME(SORT_BY_ALIGNMENT(._log_stmesp_ptr.static.*)))
                0x0000000008003ad8                _log_stmesp_ptr_list_end = .

log_stmesp_str_area
                0x0000000008003ad8        0x0
                0x0000000008003ad8                _log_stmesp_str_list_start = .
 *(SORT_BY_NAME(SORT_BY_ALIGNMENT(._log_stmesp_str.static.*)))
                0x0000000008003ad8                _log_stmesp_str_list_end = .

log_const_area  0x0000000008003ad8        0x0
                0x0000000008003ad8                _log_const_list_start = .
 *(SORT_BY_NAME(SORT_BY_ALIGNMENT(._log_const.static.*)))
                0x0000000008003ad8                _log_const_list_end = .

log_backend_area
                0x0000000008003ad8        0x0
                0x0000000008003ad8                _log_backend_list_start = .
 *(SORT_BY_NAME(SORT_BY_ALIGNMENT(._log_backend.static.*)))
                0x0000000008003ad8                _log_backend_list_end = .

log_link_area   0x0000000008003ad8        0x0
                0x0000000008003ad8                _log_link_list_start = .
 *(SORT_BY_NAME(SORT_BY_ALIGNMENT(._log_link.static.*)))
                0x0000000008003ad8                _log_link_list_end = .

tracing_backend_area
                0x0000000008003ad8        0x0
                0x0000000008003ad8                _tracing_backend_list_start = .
 *(SORT_BY_NAME(SORT_BY_ALIGNMENT(._tracing_backend.static.*)))
                0x0000000008003ad8                _tracing_backend_list_end = .

zephyr_dbg_info
 *(SORT_BY_ALIGNMENT(.dbg_thread_info))

intc_table_area
                0x0000000008003ad8        0x0
                0x0000000008003ad8                _intc_table_list_start = .
 *(SORT_BY_NAME(SORT_BY_ALIGNMENT(._intc_table.static.*)))
                0x0000000008003ad8                _intc_table_list_end = .

symbol_to_keep  0x0000000008003ad8        0x0
                0x0000000008003ad8                __symbol_to_keep_start = .
 *(SORT_BY_NAME(SORT_BY_ALIGNMENT(.symbol_to_keep*)))
                0x0000000008003ad8                __symbol_to_keep_end = .

shell_area      0x0000000008003ad8        0x0
                0x0000000008003ad8                _shell_list_start = .
 *(SORT_BY_NAME(SORT_BY_ALIGNMENT(._shell.static.*)))
                0x0000000008003ad8                _shell_list_end = .

shell_root_cmds_area
                0x0000000008003ad8        0x0
                0x0000000008003ad8                _shell_root_cmds_list_start = .
 *(SORT_BY_NAME(SORT_BY_ALIGNMENT(._shell_root_cmds.static.*)))
                0x0000000008003ad8                _shell_root_cmds_list_end = .

shell_subcmds_area
                0x0000000008003ad8        0x0
                0x0000000008003ad8                _shell_subcmds_list_start = .
 *(SORT_BY_NAME(SORT_BY_ALIGNMENT(._shell_subcmds.static.*)))
                0x0000000008003ad8                _shell_subcmds_list_end = .

shell_dynamic_subcmds_area
                0x0000000008003ad8        0x0
                0x0000000008003ad8                _shell_dynamic_subcmds_list_start = .
 *(SORT_BY_NAME(SORT_BY_ALIGNMENT(._shell_dynamic_subcmds.static.*)))
                0x0000000008003ad8                _shell_dynamic_subcmds_list_end = .

cfb_font_area   0x0000000008003ad8        0x0
                0x0000000008003ad8                _cfb_font_list_start = .
 *(SORT_BY_NAME(SORT_BY_ALIGNMENT(._cfb_font.static.*)))
                0x0000000008003ad8                _cfb_font_list_end = .

tdata           0x0000000008003ad8        0x0
 *(SORT_BY_ALIGNMENT(.tdata) SORT_BY_ALIGNMENT(.tdata.*) SORT_BY_ALIGNMENT(.gnu.linkonce.td.*))

tbss            0x0000000008003ad8        0x4
 *(SORT_BY_ALIGNMENT(.tbss) SORT_BY_ALIGNMENT(.tbss.*) SORT_BY_ALIGNMENT(.gnu.linkonce.tb.*) SORT_BY_ALIGNMENT(.tcommon))
 .tbss.z_tls_current
                0x0000000008003ad8        0x4 zephyr/libzephyr.a(thread_entry.c.obj)
                0x0000000008003ad8                z_tls_current
                0x0000000008003ad8                PROVIDE (__tdata_start = LOADADDR (tdata))
                0x0000000000000001                PROVIDE (__tdata_align = ALIGNOF (tdata))
                0x0000000000000000                PROVIDE (__tdata_size = (((SIZEOF (tdata) + __tdata_align) - 0x1) & ~ ((__tdata_align - 0x1))))
                [!provide]                        PROVIDE (__tdata_end = (__tdata_start + __tdata_size))
                0x0000000000000004                PROVIDE (__tbss_align = ALIGNOF (tbss))
                [!provide]                        PROVIDE (__tbss_start = ADDR (tbss))
                0x0000000000000004                PROVIDE (__tbss_size = (((SIZEOF (tbss) + __tbss_align) - 0x1) & ~ ((__tbss_align - 0x1))))
                [!provide]                        PROVIDE (__tbss_end = (__tbss_start + __tbss_size))
                [!provide]                        PROVIDE (__tls_start = __tdata_start)
                [!provide]                        PROVIDE (__tls_end = __tbss_end)
                [!provide]                        PROVIDE (__tls_size = (__tbss_end - __tdata_start))

rodata          0x0000000008003ad8      0x23c
 *(SORT_BY_ALIGNMENT(.rodata))
 .rodata        0x0000000008003ad8       0x20 zephyr/drivers/spi/libdrivers__spi.a(spi_ll_stm32.c.obj)
 *(SORT_BY_ALIGNMENT(.rodata.*))
 .rodata.gpio_stm32_cfg_b
                0x0000000008003af8       0x14 zephyr/drivers/gpio/libdrivers__gpio.a(gpio_stm32.c.obj)
 .rodata.gpio_stm32_cfg_a
                0x0000000008003b0c       0x14 zephyr/drivers/gpio/libdrivers__gpio.a(gpio_stm32.c.obj)
 .rodata.gpio_ports
                0x0000000008003b20       0x40 zephyr/drivers/pinctrl/libdrivers__pinctrl.a(pinctrl_stm32.c.obj)
 .rodata.reset_stm32_config
                0x0000000008003b60        0x4 zephyr/drivers/reset/libdrivers__reset.a(reset_stm32.c.obj)
 .rodata.uart_stm32_cfg_0
                0x0000000008003b64       0x28 zephyr/drivers/serial/libdrivers__serial.a(uart_stm32.c.obj)
 .rodata.pclken_0
                0x0000000008003b8c        0x8 zephyr/drivers/serial/libdrivers__serial.a(uart_stm32.c.obj)
 .rodata.__pinctrl_dev_config__device_dts_ord_32
                0x0000000008003b94        0x8 zephyr/drivers/serial/libdrivers__serial.a(uart_stm32.c.obj)
 .rodata.__pinctrl_states__device_dts_ord_32
                0x0000000008003b9c        0x8 zephyr/drivers/serial/libdrivers__serial.a(uart_stm32.c.obj)
 .rodata.__pinctrl_state_pins_0__device_dts_ord_32
                0x0000000008003ba4       0x10 zephyr/drivers/serial/libdrivers__serial.a(uart_stm32.c.obj)
 .rodata.__compound_literal.0
                0x0000000008003bb4        0x8 zephyr/drivers/spi/libdrivers__spi.a(spi_ll_stm32.c.obj)
 .rodata.spi_stm32_cfg_0
                0x0000000008003bbc       0x14 zephyr/drivers/spi/libdrivers__spi.a(spi_ll_stm32.c.obj)
 .rodata.pclken_0
                0x0000000008003bd0        0x8 zephyr/drivers/spi/libdrivers__spi.a(spi_ll_stm32.c.obj)
 .rodata.__pinctrl_dev_config__device_dts_ord_45
                0x0000000008003bd8        0x8 zephyr/drivers/spi/libdrivers__spi.a(spi_ll_stm32.c.obj)
 .rodata.__pinctrl_states__device_dts_ord_45
                0x0000000008003be0        0x8 zephyr/drivers/spi/libdrivers__spi.a(spi_ll_stm32.c.obj)
 .rodata.__pinctrl_state_pins_0__device_dts_ord_45
                0x0000000008003be8       0x18 zephyr/drivers/spi/libdrivers__spi.a(spi_ll_stm32.c.obj)
 .rodata.levels.0
                0x0000000008003c00       0x18 zephyr/kernel/libkernel.a(init.c.obj)
 .rodata.line_range_2.0
                0x0000000008003c18        0x2 zephyr/drivers/interrupt_controller/libdrivers__interrupt_controller.a(intc_exti_stm32.c.obj)
 .rodata.line_range_1.1
                0x0000000008003c1a        0x2 zephyr/drivers/interrupt_controller/libdrivers__interrupt_controller.a(intc_exti_stm32.c.obj)
 .rodata.line_range_0.2
                0x0000000008003c1c        0x2 zephyr/drivers/interrupt_controller/libdrivers__interrupt_controller.a(intc_exti_stm32.c.obj)
 .rodata.str1.1
                0x0000000008003c1e       0x1e zephyr/drivers/interrupt_controller/libdrivers__interrupt_controller.a(intc_exti_stm32.c.obj)
 .rodata.str1.1
                0x0000000008003c3c        0xd zephyr/drivers/clock_control/libdrivers__clock_control.a(clock_stm32_ll_common.c.obj)
 .rodata.str1.1
                0x0000000008003c49       0x1c zephyr/drivers/gpio/libdrivers__gpio.a(gpio_stm32.c.obj)
 .rodata.str1.1
                0x0000000008003c65       0x11 zephyr/drivers/reset/libdrivers__reset.a(reset_stm32.c.obj)
 .rodata.str1.1
                0x0000000008003c76       0x10 zephyr/drivers/serial/libdrivers__serial.a(uart_stm32.c.obj)
 .rodata.str1.1
                0x0000000008003c86        0xd zephyr/drivers/spi/libdrivers__spi.a(spi_ll_stm32.c.obj)
 .rodata.AHBPrescTable
                0x0000000008003c93       0x10 modules/hal_stm32/stm32cube/lib..__modules__hal__stm32__stm32cube.a(system_stm32f0xx.c.obj)
                0x0000000008003c93                AHBPrescTable
 .rodata.aPredivFactorTable.0
                0x0000000008003ca3       0x10 modules/hal_stm32/stm32cube/lib..__modules__hal__stm32__stm32cube.a(stm32f0xx_hal_rcc.c.obj)
 .rodata.aPLLMULFactorTable.1
                0x0000000008003cb3       0x10 modules/hal_stm32/stm32cube/lib..__modules__hal__stm32__stm32cube.a(stm32f0xx_hal_rcc.c.obj)
 .rodata.z_cstart.str1.1
                0x0000000008003cc3        0x5 zephyr/kernel/libkernel.a(init.c.obj)
 .rodata.boot_banner.str1.1
                0x0000000008003cc8       0x3b zephyr/kernel/libkernel.a(banner.c.obj)
 .rodata.__l_vfprintf.str1.1
                0x0000000008003d03        0xf /home/elias/zephyr-sdk-0.17.0/arm-zephyr-eabi/bin/../lib/gcc/../../picolibc/arm-zephyr-eabi/lib/thumb/v6-m/nofp/libc.a(libc_tinystdio_vflprintf.c.o)
 *(SORT_BY_ALIGNMENT(.gnu.linkonce.r.*))
                0x0000000008003d14                . = ALIGN (0x4)
 *fill*         0x0000000008003d12        0x2 
                0x0000000008003d14                __rodata_region_end = .
                0x0000000008003d14                . = ALIGN (_region_min_align)
                0x0000000008003d14                __rom_region_end = ((__rom_region_start + .) - ADDR (rom_start))

/DISCARD/
 *(SORT_BY_ALIGNMENT(.got.plt))
 *(SORT_BY_ALIGNMENT(.igot.plt))
 *(SORT_BY_ALIGNMENT(.got))
 *(SORT_BY_ALIGNMENT(.igot))
                0x0000000020000000                . = 0x20000000
                0x0000000020000000                . = ALIGN (_region_min_align)
                0x0000000020000000                _image_ram_start = .

.ramfunc        0x0000000020000000        0x0 load address 0x0000000008003d14
                0x0000000020000000                __ramfunc_region_start = .
                0x0000000020000000                . = ALIGN (_region_min_align)
                0x0000000020000000                __ramfunc_start = .
 *(SORT_BY_ALIGNMENT(.ramfunc))
 *(SORT_BY_ALIGNMENT(.ramfunc.*))
                0x0000000020000000                . = ALIGN (_region_min_align)
                0x0000000020000000                __ramfunc_end = .
                0x0000000000000000                __ramfunc_size = (__ramfunc_end - __ramfunc_start)
                0x0000000008003d14                __ramfunc_load_start = LOADADDR (.ramfunc)

datas           0x0000000020000000       0xa4 load address 0x0000000008003d14
                0x0000000020000000                __data_region_start = .
                0x0000000020000000                __data_start = .
 *(SORT_BY_ALIGNMENT(.data))
 *(SORT_BY_ALIGNMENT(.data.*))
 .data._char_out
                0x0000000020000000        0x4 zephyr/libzephyr.a(printk.c.obj)
 .data.handler  0x0000000020000004        0x4 zephyr/arch/arch/arm/core/libarch__arm__core.a(nmi.c.obj)
 .data.__stdout
                0x0000000020000008       0x10 zephyr/lib/libc/picolibc/liblib__libc__picolibc.a(stdio.c.obj)
 .data.uart_stm32_data_0
                0x0000000020000018       0x10 zephyr/drivers/serial/libdrivers__serial.a(uart_stm32.c.obj)
 .data.uart_cfg_0
                0x0000000020000028        0x8 zephyr/drivers/serial/libdrivers__serial.a(uart_stm32.c.obj)
 .data.spi_stm32_dev_data_0
                0x0000000020000030       0x58 zephyr/drivers/spi/libdrivers__spi.a(spi_ll_stm32.c.obj)
 .data.SystemCoreClock
                0x0000000020000088        0x4 modules/hal_stm32/stm32cube/lib..__modules__hal__stm32__stm32cube.a(system_stm32f0xx.c.obj)
                0x0000000020000088                SystemCoreClock
 .data.timeout_list
                0x000000002000008c        0x8 zephyr/kernel/libkernel.a(timeout.c.obj)
 .data.exti_irq_table
                0x0000000020000094       0x10 zephyr/drivers/interrupt_controller/libdrivers__interrupt_controller.a(intc_exti_stm32.c.obj)
 *(SORT_BY_ALIGNMENT(.kernel.*))
                0x00000000200000a4                __data_end = .
                0x00000000000000a4                __data_size = (__data_end - __data_start)
                0x0000000008003d14                __data_load_start = LOADADDR (datas)
                0x0000000008003d14                __data_region_load_start = LOADADDR (datas)

device_states   0x00000000200000a4        0xe load address 0x0000000008003db8
                0x00000000200000a4                __device_states_start = .
 *(SORT_BY_ALIGNMENT(.z_devstate))
 .z_devstate    0x00000000200000a4        0x2 zephyr/drivers/interrupt_controller/libdrivers__interrupt_controller.a(intc_exti_stm32.c.obj)
 .z_devstate    0x00000000200000a6        0x2 zephyr/drivers/clock_control/libdrivers__clock_control.a(clock_stm32_ll_common.c.obj)
 .z_devstate    0x00000000200000a8        0x4 zephyr/drivers/gpio/libdrivers__gpio.a(gpio_stm32.c.obj)
 .z_devstate    0x00000000200000ac        0x2 zephyr/drivers/reset/libdrivers__reset.a(reset_stm32.c.obj)
 .z_devstate    0x00000000200000ae        0x2 zephyr/drivers/serial/libdrivers__serial.a(uart_stm32.c.obj)
 .z_devstate    0x00000000200000b0        0x2 zephyr/drivers/spi/libdrivers__spi.a(spi_ll_stm32.c.obj)
 *(SORT_BY_ALIGNMENT(.z_devstate.*))
                0x00000000200000b2                __device_states_end = .

log_mpsc_pbuf_area
                0x00000000200000b2        0x0 load address 0x0000000008003dc6
                0x00000000200000b2                _log_mpsc_pbuf_list_start = .
 *(SORT_BY_NAME(SORT_BY_ALIGNMENT(._log_mpsc_pbuf.static.*)))
                0x00000000200000b2                _log_mpsc_pbuf_list_end = .

log_msg_ptr_area
                0x00000000200000b2        0x0 load address 0x0000000008003dc6
                0x00000000200000b2                _log_msg_ptr_list_start = .
 *(SORT_BY_NAME(SORT_BY_ALIGNMENT(._log_msg_ptr.static.*)))
                0x00000000200000b2                _log_msg_ptr_list_end = .

log_dynamic_area
                0x00000000200000b2        0x0 load address 0x0000000008003dc6
                0x00000000200000b2                _log_dynamic_list_start = .
 *(SORT_BY_NAME(SORT_BY_ALIGNMENT(._log_dynamic.static.*)))
                0x00000000200000b2                _log_dynamic_list_end = .

k_timer_area    0x00000000200000b2        0x0 load address 0x0000000008003dc6
                0x00000000200000b2                _k_timer_list_start = .
 *(SORT_BY_NAME(SORT_BY_ALIGNMENT(._k_timer.static.*)))
                0x00000000200000b2                _k_timer_list_end = .

k_mem_slab_area
                0x00000000200000b2        0x0 load address 0x0000000008003dc6
                0x00000000200000b2                _k_mem_slab_list_start = .
 *(SORT_BY_NAME(SORT_BY_ALIGNMENT(._k_mem_slab.static.*)))
                0x00000000200000b2                _k_mem_slab_list_end = .

k_heap_area     0x00000000200000b2        0x0 load address 0x0000000008003dc6
                0x00000000200000b2                _k_heap_list_start = .
 *(SORT_BY_NAME(SORT_BY_ALIGNMENT(._k_heap.static.*)))
                0x00000000200000b2                _k_heap_list_end = .

k_mutex_area    0x00000000200000b2        0x0 load address 0x0000000008003dc6
                0x00000000200000b2                _k_mutex_list_start = .
 *(SORT_BY_NAME(SORT_BY_ALIGNMENT(._k_mutex.static.*)))
                0x00000000200000b2                _k_mutex_list_end = .

k_stack_area    0x00000000200000b2        0x0 load address 0x0000000008003dc6
                0x00000000200000b2                _k_stack_list_start = .
 *(SORT_BY_NAME(SORT_BY_ALIGNMENT(._k_stack.static.*)))
                0x00000000200000b2                _k_stack_list_end = .

k_msgq_area     0x00000000200000b2        0x0 load address 0x0000000008003dc6
                0x00000000200000b2                _k_msgq_list_start = .
 *(SORT_BY_NAME(SORT_BY_ALIGNMENT(._k_msgq.static.*)))
                0x00000000200000b2                _k_msgq_list_end = .

k_mbox_area     0x00000000200000b2        0x0 load address 0x0000000008003dc6
                0x00000000200000b2                _k_mbox_list_start = .
 *(SORT_BY_NAME(SORT_BY_ALIGNMENT(._k_mbox.static.*)))
                0x00000000200000b2                _k_mbox_list_end = .

k_pipe_area     0x00000000200000b2        0x0 load address 0x0000000008003dc6
                0x00000000200000b2                _k_pipe_list_start = .
 *(SORT_BY_NAME(SORT_BY_ALIGNMENT(._k_pipe.static.*)))
                0x00000000200000b2                _k_pipe_list_end = .

k_sem_area      0x00000000200000b2        0x0 load address 0x0000000008003dc6
                0x00000000200000b2                _k_sem_list_start = .
 *(SORT_BY_NAME(SORT_BY_ALIGNMENT(._k_sem.static.*)))
                0x00000000200000b2                _k_sem_list_end = .

k_event_area    0x00000000200000b2        0x0 load address 0x0000000008003dc6
                0x00000000200000b2                _k_event_list_start = .
 *(SORT_BY_NAME(SORT_BY_ALIGNMENT(._k_event.static.*)))
                0x00000000200000b2                _k_event_list_end = .

k_queue_area    0x00000000200000b2        0x0 load address 0x0000000008003dc6
                0x00000000200000b2                _k_queue_list_start = .
 *(SORT_BY_NAME(SORT_BY_ALIGNMENT(._k_queue.static.*)))
                0x00000000200000b2                _k_queue_list_end = .

k_fifo_area     0x00000000200000b2        0x0 load address 0x0000000008003dc6
                0x00000000200000b2                _k_fifo_list_start = .
 *(SORT_BY_NAME(SORT_BY_ALIGNMENT(._k_fifo.static.*)))
                0x00000000200000b2                _k_fifo_list_end = .

k_lifo_area     0x00000000200000b2        0x0 load address 0x0000000008003dc6
                0x00000000200000b2                _k_lifo_list_start = .
 *(SORT_BY_NAME(SORT_BY_ALIGNMENT(._k_lifo.static.*)))
                0x00000000200000b2                _k_lifo_list_end = .

k_condvar_area  0x00000000200000b2        0x0 load address 0x0000000008003dc6
                0x00000000200000b2                _k_condvar_list_start = .
 *(SORT_BY_NAME(SORT_BY_ALIGNMENT(._k_condvar.static.*)))
                0x00000000200000b2                _k_condvar_list_end = .

sys_mem_blocks_ptr_area
                0x00000000200000b2        0x0 load address 0x0000000008003dc6
                0x00000000200000b2                _sys_mem_blocks_ptr_list_start = .
 *(SORT_BY_NAME(SORT_BY_ALIGNMENT(._sys_mem_blocks_ptr.static.*)))
                0x00000000200000b2                _sys_mem_blocks_ptr_list_end = .

net_buf_pool_area
                0x00000000200000b2        0x0 load address 0x0000000008003dc6
                0x00000000200000b2                _net_buf_pool_list_start = .
 *(SORT_BY_NAME(SORT_BY_ALIGNMENT(._net_buf_pool.static.*)))
                0x00000000200000b2                _net_buf_pool_list_end = .
                0x00000000200000b2                __data_region_end = .

.intList        0x00000000ffff8000       0x48
 *(SORT_BY_ALIGNMENT(.irq_info*))
 .irq_info      0x00000000ffff8000        0x8 zephyr/arch/common/libisr_tables.a(isr_tables.c.obj)
                0x00000000ffff8000                _iheader
 *(SORT_BY_ALIGNMENT(.intList*))
 .intList       0x00000000ffff8008       0x30 zephyr/drivers/interrupt_controller/libdrivers__interrupt_controller.a(intc_exti_stm32.c.obj)
 .intList       0x00000000ffff8038       0x10 zephyr/drivers/serial/libdrivers__serial.a(uart_stm32.c.obj)

.stab
 *(SORT_BY_ALIGNMENT(.stab))

.stabstr
 *(SORT_BY_ALIGNMENT(.stabstr))

.stab.excl
 *(SORT_BY_ALIGNMENT(.stab.excl))

.stab.exclstr
 *(SORT_BY_ALIGNMENT(.stab.exclstr))

.stab.index
 *(SORT_BY_ALIGNMENT(.stab.index))

.stab.indexstr
 *(SORT_BY_ALIGNMENT(.stab.indexstr))
